08-17 03:58:07.664 11593 11593 D ChatMessageAdapter: ğŸ”§ âœ… Regular deleted message styled - text: '[Message deleted]'
08-17 03:58:07.664 11593 11593 D ChatMessageAdapter: ğŸ”§ ====== BIND MESSAGE END (REGULAR DELETED) ======
08-17 03:58:07.664 11593 11593 D ChatMessageAdapter: ğŸ“ Item 10: messageId=36debbd5-4825-49ad-8fd2-1acdc79c38ab, viewType=1
08-17 03:58:07.664 11593 11593 D ChatMessageAdapter: ğŸ”¨ Creating ViewHolder for viewType=1
08-17 03:58:07.668 11593 11593 D ChatMessageAdapter: ğŸ”„ Binding position 10: messageId=36debbd5-4825-49ad-8fd2-1acdc79c38ab, isLiked=false, likeCount=0, isDeleted=true, isLocallyDeleted=false
08-17 03:58:07.668 11593 11593 D ChatMessageAdapter: ğŸ”§ ====== BIND MESSAGE START ======
08-17 03:58:07.668 11593 11593 D ChatMessageAdapter: ğŸ”§ Binding message: 36debbd5-4825-49ad-8fd2-1acdc79c38ab
08-17 03:58:07.668 11593 11593 D ChatMessageAdapter: ğŸ”§ isDeveloperDeleted: false
08-17 03:58:07.668 11593 11593 D ChatMessageAdapter: ğŸ”§ isDeleted: true
08-17 03:58:07.668 11593 11593 D ChatMessageAdapter: ğŸ”§ isLocallyDeleted: false
08-17 03:58:07.668 11593 11593 D ChatMessageAdapter: ğŸ”§ message text: 'hey'
08-17 03:58:07.668 11593 11593 D ChatMessageAdapter: ğŸ”§ âœ… REGULAR DELETED - Showing as [Message deleted]
08-17 03:58:07.668 11593 11593 D ChatMessageAdapter: ğŸ”§ Resetting layout parameters to normal
08-17 03:58:07.668 11593 11593 D ChatMessageAdapter: ğŸ”§ Layout parameters reset complete
08-17 03:58:07.668 11593 11593 D ChatMessageAdapter: ğŸ”§ âœ… Regular deleted message styled - text: '[Message deleted]'
08-17 03:58:07.668 11593 11593 D ChatMessageAdapter: ğŸ”§ ====== BIND MESSAGE END (REGULAR DELETED) ======
08-17 03:58:07.669 11593 11593 D ChatMessageAdapter: ğŸ“ Item 9: messageId=a0d8662d-9728-4a72-a391-6d281b827085, viewType=2
08-17 03:58:07.669 11593 11593 D ChatMessageAdapter: ğŸ“ Item 8: messageId=fc0d7030-7f22-4e12-862d-2f589639a9b5, viewType=2
08-17 03:58:07.669 11593 11593 D ChatMessageAdapter: ğŸ“ Item 7: messageId=1a74a47b-f229-4f3f-a449-0d97ecb64913, viewType=2
08-17 03:58:07.669 11593 11593 D ChatMessageAdapter: ğŸ”„ Binding position 7: messageId=1a74a47b-f229-4f3f-a449-0d97ecb64913, isLiked=false, likeCount=0, isDeleted=true, isLocallyDeleted=false
08-17 03:58:07.669 11593 11593 D ChatMessageAdapter: ğŸ”§ ====== BIND MESSAGE START ======
08-17 03:58:07.669 11593 11593 D ChatMessageAdapter: ğŸ”§ Binding message: 1a74a47b-f229-4f3f-a449-0d97ecb64913
08-17 03:58:07.669 11593 11593 D ChatMessageAdapter: ğŸ”§ isDeveloperDeleted: false
08-17 03:58:07.669 11593 11593 D ChatMessageAdapter: ğŸ”§ isDeleted: true
08-17 03:58:07.669 11593 11593 D ChatMessageAdapter: ğŸ”§ isLocallyDeleted: false
08-17 03:58:07.669 11593 11593 D ChatMessageAdapter: ğŸ”§ message text: 'hello'
08-17 03:58:07.669 11593 11593 D ChatMessageAdapter: ğŸ”§ âœ… REGULAR DELETED - Showing as [Message deleted]
08-17 03:58:07.669 11593 11593 D ChatMessageAdapter: ğŸ”§ Resetting layout parameters to normal
08-17 03:58:07.669 11593 11593 D ChatMessageAdapter: ğŸ”§ Layout parameters reset complete
08-17 03:58:07.669 11593 11593 D ChatMessageAdapter: ğŸ”§ âœ… Regular deleted message styled - text: '[Message deleted]'
08-17 03:58:07.669 11593 11593 D ChatMessageAdapter: ğŸ”§ ====== BIND MESSAGE END (REGULAR DELETED) ======
08-17 03:58:07.673 11593 11593 D ChatFragment: Online users updated: 2
08-17 03:58:07.706 11593 11593 D ChatFragment: Received 3 messages for display
08-17 03:58:07.706 11593 11863 D ChatMessageAdapter: ğŸ” DiffUtil areItemsTheSame: 7693b20f-b085-4b04-b696-801f44a33fdf == fc0d7030-7f22-4e12-862d-2f589639a9b5 = false
08-17 03:58:07.706 11593 11863 D ChatMessageAdapter: ğŸ” DiffUtil areItemsTheSame: bd1141ed-a492-4ed7-af5b-a88a47524308 == bd1141ed-a492-4ed7-af5b-a88a47524308 = true
08-17 03:58:07.706 11593 11863 D ChatMessageAdapter: ğŸ” DiffUtil areItemsTheSame: 34cebd34-5864-4bac-8437-fb193bc9ecdc == a0d8662d-9728-4a72-a391-6d281b827085 = false
08-17 03:58:07.706 11593 11863 D ChatMessageAdapter: ğŸ” DiffUtil areItemsTheSame: 7693b20f-b085-4b04-b696-801f44a33fdf == a0d8662d-9728-4a72-a391-6d281b827085 = false
08-17 03:58:07.706 11593 11863 D ChatMessageAdapter: ğŸ” DiffUtil areItemsTheSame: 8afc87a1-817b-4954-a619-55e4b9587e1f == fc0d7030-7f22-4e12-862d-2f589639a9b5 = false
08-17 03:58:07.706 11593 11863 D ChatMessageAdapter: ğŸ” DiffUtil areItemsTheSame: 34cebd34-5864-4bac-8437-fb193bc9ecdc == fc0d7030-7f22-4e12-862d-2f589639a9b5 = false
08-17 03:58:07.706 11593 11863 D ChatMessageAdapter: ğŸ” DiffUtil areItemsTheSame: 36debbd5-4825-49ad-8fd2-1acdc79c38ab == a0d8662d-9728-4a72-a391-6d281b827085 = false
08-17 03:58:07.706 11593 11863 D ChatMessageAdapter: ğŸ” DiffUtil areItemsTheSame: 7693b20f-b085-4b04-b696-801f44a33fdf == bd1141ed-a492-4ed7-af5b-a88a47524308 = false
08-17 03:58:07.706 11593 11863 D ChatMessageAdapter: ğŸ” DiffUtil areItemsTheSame: 8afc87a1-817b-4954-a619-55e4b9587e1f == a0d8662d-9728-4a72-a391-6d281b827085 = false
08-17 03:58:07.706 11593 11863 D ChatMessageAdapter: ğŸ” DiffUtil areItemsTheSame: c124ea91-d2fe-4805-8df7-99b7152811ff == fc0d7030-7f22-4e12-862d-2f589639a9b5 = false
08-17 03:58:07.706 11593 11863 D ChatMessageAdapter: ğŸ” DiffUtil areItemsTheSame: 36debbd5-4825-49ad-8fd2-1acdc79c38ab == fc0d7030-7f22-4e12-862d-2f589639a9b5 = false
08-17 03:58:07.706 11593 11863 D ChatMessageAdapter: ğŸ” DiffUtil areItemsTheSame: a0d8662d-9728-4a72-a391-6d281b827085 == a0d8662d-9728-4a72-a391-6d281b827085 = true
08-17 03:58:07.706 11593 11863 D ChatMessageAdapter: ğŸ” DiffUtil areItemsTheSame: fc0d7030-7f22-4e12-862d-2f589639a9b5 == fc0d7030-7f22-4e12-862d-2f589639a9b5 = true
08-17 03:58:07.706 11593 11863 D ChatMessageAdapter: ğŸ” DiffUtil areItemsTheSame: 8afc87a1-817b-4954-a619-55e4b9587e1f == bd1141ed-a492-4ed7-af5b-a88a47524308 = false
08-17 03:58:07.706 11593 11863 D ChatMessageAdapter: ğŸ” DiffUtil areItemsTheSame: c124ea91-d2fe-4805-8df7-99b7152811ff == a0d8662d-9728-4a72-a391-6d281b827085 = false
08-17 03:58:07.706 11593 11863 D ChatMessageAdapter: ğŸ” DiffUtil areItemsTheSame: e924ab08-dac9-4fe9-bfbb-ff4fd4da15f3 == fc0d7030-7f22-4e12-862d-2f589639a9b5 = false
08-17 03:58:07.706 11593 11863 D ChatMessageAdapter: ğŸ” DiffUtil areItemsTheSame: c124ea91-d2fe-4805-8df7-99b7152811ff == bd1141ed-a492-4ed7-af5b-a88a47524308 = false
08-17 03:58:07.706 11593 11863 D ChatMessageAdapter: ğŸ” DiffUtil areItemsTheSame: e924ab08-dac9-4fe9-bfbb-ff4fd4da15f3 == a0d8662d-9728-4a72-a391-6d281b827085 = false
08-17 03:58:07.706 11593 11863 D ChatMessageAdapter: ğŸ” DiffUtil areItemsTheSame: 9932eda8-ceb1-40c7-b58d-b095c00df1f8 == fc0d7030-7f22-4e12-862d-2f589639a9b5 = false
08-17 03:58:07.707 11593 11863 D ChatMessageAdapter: ğŸ” DiffUtil areItemsTheSame: e924ab08-dac9-4fe9-bfbb-ff4fd4da15f3 == bd1141ed-a492-4ed7-af5b-a88a47524308 = false
08-17 03:58:07.707 11593 11863 D ChatMessageAdapter: ğŸ” DiffUtil areItemsTheSame: 9932eda8-ceb1-40c7-b58d-b095c00df1f8 == a0d8662d-9728-4a72-a391-6d281b827085 = false
08-17 03:58:07.707 11593 11863 D ChatMessageAdapter: ğŸ” DiffUtil areItemsTheSame: 20bc3391-cb5f-496c-8c6c-d8197e4c7b82 == fc0d7030-7f22-4e12-862d-2f589639a9b5 = false
08-17 03:58:07.707 11593 11863 D ChatMessageAdapter: ğŸ” DiffUtil areItemsTheSame: af31b8cf-ed84-4117-b6f5-e6f2392551fb == fc0d7030-7f22-4e12-862d-2f589639a9b5 = false
08-17 03:58:07.707 11593 11863 D ChatMessageAdapter: ğŸ” DiffUtil areItemsTheSame: bd1141ed-a492-4ed7-af5b-a88a47524308 == bd1141ed-a492-4ed7-af5b-a88a47524308 = true
08-17 03:58:07.707 11593 11863 D ChatMessageAdapter: ğŸ” DiffUtil areItemsTheSame: 34cebd34-5864-4bac-8437-fb193bc9ecdc == a0d8662d-9728-4a72-a391-6d281b827085 = false
08-17 03:58:07.707 11593 11863 D ChatMessageAdapter: ğŸ” DiffUtil areItemsTheSame: af31b8cf-ed84-4117-b6f5-e6f2392551fb == a0d8662d-9728-4a72-a391-6d281b827085 = false
08-17 03:58:07.707 11593 11863 D ChatMessageAdapter: ğŸ” DiffUtil areItemsTheSame: 1a74a47b-f229-4f3f-a449-0d97ecb64913 == fc0d7030-7f22-4e12-862d-2f589639a9b5 = false
08-17 03:58:07.707 11593 11863 D ChatMessageAdapter: ğŸ” DiffUtil areItemsTheSame: 34cebd34-5864-4bac-8437-fb193bc9ecdc == fc0d7030-7f22-4e12-862d-2f589639a9b5 = false
08-17 03:58:07.707 11593 11863 D ChatMessageAdapter: ğŸ” DiffUtil areItemsTheSame: 36debbd5-4825-49ad-8fd2-1acdc79c38ab == a0d8662d-9728-4a72-a391-6d281b827085 = false
08-17 03:58:07.707 11593 11863 D ChatMessageAdapter: ğŸ” DiffUtil areItemsTheSame: af31b8cf-ed84-4117-b6f5-e6f2392551fb == bd1141ed-a492-4ed7-af5b-a88a47524308 = false
08-17 03:58:07.707 11593 11863 D ChatMessageAdapter: ğŸ” DiffUtil areItemsTheSame: 1a74a47b-f229-4f3f-a449-0d97ecb64913 == a0d8662d-9728-4a72-a391-6d281b827085 = false
08-17 03:58:07.707 11593 11863 D ChatMessageAdapter: ğŸ” DiffUtil areItemsTheSame: fc0d7030-7f22-4e12-862d-2f589639a9b5 == fc0d7030-7f22-4e12-862d-2f589639a9b5 = true
08-17 03:58:07.707 11593 11863 D ChatMessageAdapter: ğŸ” DiffUtil areItemsTheSame: a0d8662d-9728-4a72-a391-6d281b827085 == a0d8662d-9728-4a72-a391-6d281b827085 = true
08-17 03:58:07.707 11593 11863 D ChatMessageAdapter: ğŸ” DiffUtil areItemsTheSame: 36debbd5-4825-49ad-8fd2-1acdc79c38ab == bd1141ed-a492-4ed7-af5b-a88a47524308 = false
08-17 03:58:07.707 11593 11863 D ChatMessageAdapter: ğŸ” DiffUtil areItemsTheSame: 36debbd5-4825-49ad-8fd2-1acdc79c38ab == fc0d7030-7f22-4e12-862d-2f589639a9b5 = false
08-17 03:58:07.707 11593 11863 D ChatMessageAdapter: ğŸ” DiffUtil areItemsTheSame: a0d8662d-9728-4a72-a391-6d281b827085 == a0d8662d-9728-4a72-a391-6d281b827085 = true
08-17 03:58:07.707 11593 11863 D ChatMessageAdapter: ğŸ” DiffUtil areItemsTheSame: fc0d7030-7f22-4e12-862d-2f589639a9b5 == fc0d7030-7f22-4e12-862d-2f589639a9b5 = true
08-17 03:58:07.707 11593 11863 D ChatMessageAdapter: ğŸ” DiffUtil areItemsTheSame: 34cebd34-5864-4bac-8437-fb193bc9ecdc == bd1141ed-a492-4ed7-af5b-a88a47524308 = false
08-17 03:58:07.707 11593 11863 D ChatMessageAdapter: ğŸ” DiffUtil areItemsTheSame: bd1141ed-a492-4ed7-af5b-a88a47524308 == bd1141ed-a492-4ed7-af5b-a88a47524308 = true
08-17 03:58:07.707 11593 11863 D ChatMessageAdapter: ğŸ” DiffUtil areItemsTheSame: bd1141ed-a492-4ed7-af5b-a88a47524308 == bd1141ed-a492-4ed7-af5b-a88a47524308 = true
08-17 03:58:07.727 11593 11593 D ChatMessageAdapter: ğŸ“ Item 2: messageId=bd1141ed-a492-4ed7-af5b-a88a47524308, viewType=1
08-17 03:58:07.727 11593 11593 D ChatMessageAdapter: ğŸ“ Item 1: messageId=a0d8662d-9728-4a72-a391-6d281b827085, viewType=2
08-17 03:58:07.727 11593 11593 D ChatMessageAdapter: ğŸ“ Item 0: messageId=fc0d7030-7f22-4e12-862d-2f589639a9b5, viewType=2
08-17 03:58:07.744 11593 11593 D ChatMessageAdapter: ğŸ“ Item 2: messageId=bd1141ed-a492-4ed7-af5b-a88a47524308, viewType=1
08-17 03:58:07.744 11593 11593 D ChatMessageAdapter: ğŸ“ Item 1: messageId=a0d8662d-9728-4a72-a391-6d281b827085, viewType=2
08-17 03:58:07.744 11593 11593 D ChatMessageAdapter: ğŸ“ Item 0: messageId=fc0d7030-7f22-4e12-862d-2f589639a9b5, viewType=2
08-17 03:58:19.583 11593 11593 D ChatFragment: onPause called - fragment pausing
08-17 03:58:19.584 11593 11593 D ChatFragment: Current navigation state when pausing: TEXT_CHAT
08-17 03:58:19.584 11593 11593 D ChatFragment: Persisted chat state - room: public
08-17 03:58:19.584 11593 11593 D ChatFragment: User leaving text chat view (app backgrounded or tab switched)
08-17 03:58:19.749 11593 11593 D ChatFragment: onStop called - fragment no longer visible
08-17 03:58:19.749 11593 11593 D ChatFragment: Current state: TEXT_CHAT
08-17 03:58:19.753 11593 11593 D ChatFragment: Saving instance state - navState: TEXT_CHAT, room: public
08-17 03:58:39.006 12671 12671 D MainActivity: ChatFragment not found with tag
08-17 03:58:39.188 12671 12671 D ChatFragment: No valid persisted state found or session too old
08-17 03:58:39.212 12671 12671 D ChatFragment: ğŸ“” Setting up observeViewModel
08-17 03:58:39.212 12671 12671 D ChatFragment: User is not signed in
08-17 03:58:39.212 12671 12671 D ChatFragment: Cleared persisted chat state
08-17 03:58:39.230 12671 12671 D ChatMessageAdapter: ğŸ¯ Adapter initialized with 0 liked messages
08-17 03:58:39.410 12671 12671 D ChatFragment: onResume called - fragment resuming
08-17 03:58:39.410 12671 12671 D ChatFragment: Current navigation state: MAIN_MENU
08-17 03:58:39.410 12671 12671 D ChatFragment: Fragment visibility: isVisible=true, isResumed=true
08-17 03:58:39.410 12671 12671 D ChatFragment: Currently selected tab: 5 (Chat is tab 5)
08-17 03:58:39.410 12671 12671 D ChatFragment: User is not signed in
08-17 03:58:39.411 12671 12671 D ChatFragment: Cleared persisted chat state
08-17 03:58:39.738 12671 12671 D ChatFragment: Auth state changed, rechecking...
08-17 03:58:39.738 12671 12671 D ChatFragment: User is signed in: Samuel McArthur
08-17 03:58:39.738 12671 12671 D ChatFragment: Back button visibility updated: state=MAIN_MENU, visible=false
08-17 03:58:39.738 12671 12671 D ChatFragment: Showing main menu
08-17 03:58:39.738 12671 12671 D ChatFragment: Back button visibility updated: state=MAIN_MENU, visible=false
08-17 03:58:39.739 12671 12671 D ChatFragment: Cleared persisted chat state
08-17 03:58:40.576 12671 12671 D ChatFragment: Public Chat button clicked
08-17 03:58:40.576 12671 12671 D ChatFragment: Entering public chat
08-17 03:58:40.576 12671 12671 D ChatFragment: Set room to: public
08-17 03:58:40.576 12671 12671 D ChatFragment: Showing chat type menu for: PUBLIC_CHAT
08-17 03:58:40.576 12671 12671 D ChatFragment: Back button visibility updated: state=CHAT_TYPE_MENU, visible=true
08-17 03:58:41.609 12671 12671 D ChatFragment: Text Chat button clicked
08-17 03:58:41.609 12671 12671 D ChatFragment: Showing text chat for room: public
08-17 03:58:41.609 12671 12671 D ChatFragment: Back button visibility updated: state=TEXT_CHAT, visible=true
08-17 03:58:41.610 12671 12671 D ChatFragment: Persisted chat state - room: public
08-17 03:58:41.610 12671 12671 D ChatMessageAdapter: ğŸ“‹ Submit list called with 0 messages
08-17 03:58:41.610 12671 12671 D ChatFragment: ğŸ“” Setting up notification toggle
08-17 03:58:41.612 12671 12671 D ChatFragment: ğŸ“” Room: public
08-17 03:58:41.612 12671 12671 D ChatFragment: ğŸ“” Room key: notifications_public
08-17 03:58:41.612 12671 12671 D ChatFragment: ğŸ“” Default enabled: false
08-17 03:58:41.612 12671 12671 D ChatFragment: ğŸ“” Loaded preference: false
08-17 03:58:41.612 12671 12671 D ChatFragment: ğŸ“” Notification icon updated: enabled=false
08-17 03:58:41.618 12671 12671 D ChatFragment: Joining room: public
08-17 03:58:41.625 12671 12671 D ChatMessageAdapter: ğŸ’— Updating liked messages: old=0, new=0
08-17 03:58:41.625 12671 12671 D ChatMessageAdapter: ğŸ’— Liked message IDs: []
08-17 03:58:41.625 12671 12671 D ChatMessageAdapter: ğŸ—‘ï¸ Updating locally deleted: 0 messages
08-17 03:58:41.648 12671 12671 D ChatFragment: Received 0 messages for display
08-17 03:58:41.660 12671 12671 D ChatFragment: Online users updated: 0
08-17 03:58:41.810 12671 12671 D ChatFragment: Online users updated: 2
08-17 03:58:41.839 12671 12671 D ChatFragment: Received 3 messages for display
08-17 03:58:41.857 12671 12671 D ChatMessageAdapter: ğŸ“ Item 2: messageId=bd1141ed-a492-4ed7-af5b-a88a47524308, viewType=2
08-17 03:58:41.857 12671 12671 D ChatMessageAdapter: ğŸ”¨ Creating ViewHolder for viewType=2
08-17 03:58:41.862 12671 12671 D ChatMessageAdapter: ğŸ”„ Binding position 2: messageId=bd1141ed-a492-4ed7-af5b-a88a47524308, isLiked=false, likeCount=0, isDeleted=false, isLocallyDeleted=false
08-17 03:58:41.862 12671 12671 D ChatMessageAdapter: ğŸ”§ ====== BIND MESSAGE START ======
08-17 03:58:41.862 12671 12671 D ChatMessageAdapter: ğŸ”§ Binding message: bd1141ed-a492-4ed7-af5b-a88a47524308
08-17 03:58:41.862 12671 12671 D ChatMessageAdapter: ğŸ”§ isDeveloperDeleted: false
08-17 03:58:41.862 12671 12671 D ChatMessageAdapter: ğŸ”§ isDeleted: false
08-17 03:58:41.862 12671 12671 D ChatMessageAdapter: ğŸ”§ isLocallyDeleted: false
08-17 03:58:41.862 12671 12671 D ChatMessageAdapter: ğŸ”§ message text: 'test 2'
08-17 03:58:41.862 12671 12671 D ChatMessageAdapter: ğŸ”§ âœ… NORMAL MESSAGE - Displaying normally
08-17 03:58:41.862 12671 12671 D ChatMessageAdapter: ğŸ”§ Resetting layout parameters to normal
08-17 03:58:41.863 12671 12671 D ChatMessageAdapter: ğŸ”§ Layout parameters reset complete
08-17 03:58:41.863 12671 12671 D ChatMessageAdapter: ğŸ’¬ Setting like count: 0
08-17 03:58:41.865 12671 12671 D ChatMessageAdapter: ğŸ“ Item 1: messageId=a0d8662d-9728-4a72-a391-6d281b827085, viewType=2
08-17 03:58:41.865 12671 12671 D ChatMessageAdapter: ğŸ”¨ Creating ViewHolder for viewType=2
08-17 03:58:41.868 12671 12671 D ChatMessageAdapter: ğŸ”„ Binding position 1: messageId=a0d8662d-9728-4a72-a391-6d281b827085, isLiked=false, likeCount=0, isDeleted=false, isLocallyDeleted=false
08-17 03:58:41.868 12671 12671 D ChatMessageAdapter: ğŸ”§ ====== BIND MESSAGE START ======
08-17 03:58:41.868 12671 12671 D ChatMessageAdapter: ğŸ”§ Binding message: a0d8662d-9728-4a72-a391-6d281b827085
08-17 03:58:41.868 12671 12671 D ChatMessageAdapter: ğŸ”§ isDeveloperDeleted: false
08-17 03:58:41.868 12671 12671 D ChatMessageAdapter: ğŸ”§ isDeleted: false
08-17 03:58:41.868 12671 12671 D ChatMessageAdapter: ğŸ”§ isLocallyDeleted: false
08-17 03:58:41.868 12671 12671 D ChatMessageAdapter: ğŸ”§ message text: 'hi'
08-17 03:58:41.868 12671 12671 D ChatMessageAdapter: ğŸ”§ âœ… NORMAL MESSAGE - Displaying normally
08-17 03:58:41.868 12671 12671 D ChatMessageAdapter: ğŸ”§ Resetting layout parameters to normal
08-17 03:58:41.868 12671 12671 D ChatMessageAdapter: ğŸ”§ Layout parameters reset complete
08-17 03:58:41.869 12671 12671 D ChatMessageAdapter: ğŸ’¬ Setting like count: 0
08-17 03:58:41.869 12671 12671 D ChatMessageAdapter: ğŸ“ Item 0: messageId=fc0d7030-7f22-4e12-862d-2f589639a9b5, viewType=2
08-17 03:58:41.869 12671 12671 D ChatMessageAdapter: ğŸ”¨ Creating ViewHolder for viewType=2
08-17 03:58:41.872 12671 12671 D ChatMessageAdapter: ğŸ”„ Binding position 0: messageId=fc0d7030-7f22-4e12-862d-2f589639a9b5, isLiked=false, likeCount=0, isDeleted=false, isLocallyDeleted=false
08-17 03:58:41.872 12671 12671 D ChatMessageAdapter: ğŸ”§ ====== BIND MESSAGE START ======
08-17 03:58:41.872 12671 12671 D ChatMessageAdapter: ğŸ”§ Binding message: fc0d7030-7f22-4e12-862d-2f589639a9b5
08-17 03:58:41.872 12671 12671 D ChatMessageAdapter: ğŸ”§ isDeveloperDeleted: false
08-17 03:58:41.872 12671 12671 D ChatMessageAdapter: ğŸ”§ isDeleted: false
08-17 03:58:41.872 12671 12671 D ChatMessageAdapter: ğŸ”§ isLocallyDeleted: false
08-17 03:58:41.872 12671 12671 D ChatMessageAdapter: ğŸ”§ message text: 'hey'
08-17 03:58:41.872 12671 12671 D ChatMessageAdapter: ğŸ”§ âœ… NORMAL MESSAGE - Displaying normally
08-17 03:58:41.872 12671 12671 D ChatMessageAdapter: ğŸ”§ Resetting layout parameters to normal
08-17 03:58:41.872 12671 12671 D ChatMessageAdapter: ğŸ”§ Layout parameters reset complete
08-17 03:58:41.873 12671 12671 D ChatMessageAdapter: ğŸ’¬ Setting like count: 0
08-17 03:58:41.891 12671 12671 D ChatMessageAdapter: ğŸ“ Item 2: messageId=bd1141ed-a492-4ed7-af5b-a88a47524308, viewType=2
08-17 03:58:41.891 12671 12671 D ChatMessageAdapter: ğŸ“ Item 1: messageId=a0d8662d-9728-4a72-a391-6d281b827085, viewType=2
08-17 03:58:41.891 12671 12671 D ChatMessageAdapter: ğŸ“ Item 0: messageId=fc0d7030-7f22-4e12-862d-2f589639a9b5, viewType=2
08-17 03:58:45.327 12671 12671 D ChatMessageAdapter: ğŸ“ Item 2: messageId=bd1141ed-a492-4ed7-af5b-a88a47524308, viewType=2
08-17 03:58:45.328 12671 12671 D ChatMessageAdapter: ğŸ“ Item 1: messageId=a0d8662d-9728-4a72-a391-6d281b827085, viewType=2
08-17 03:58:45.328 12671 12671 D ChatMessageAdapter: ğŸ“ Item 0: messageId=fc0d7030-7f22-4e12-862d-2f589639a9b5, viewType=2
08-17 03:58:45.375 12671 12671 D ChatMessageAdapter: ğŸ“ Item 0: messageId=fc0d7030-7f22-4e12-862d-2f589639a9b5, viewType=2
08-17 03:58:45.375 12671 12671 D ChatMessageAdapter: ğŸ“ Item 1: messageId=a0d8662d-9728-4a72-a391-6d281b827085, viewType=2
08-17 03:58:46.212 12671 12671 D ChatMessageAdapter: ğŸ“ Item 1: messageId=a0d8662d-9728-4a72-a391-6d281b827085, viewType=2
08-17 03:58:46.212 12671 12671 D ChatMessageAdapter: ğŸ“ Item 0: messageId=fc0d7030-7f22-4e12-862d-2f589639a9b5, viewType=2
08-17 03:58:46.212 12671 12671 D ChatMessageAdapter: ğŸ“ Item 2: messageId=bd1141ed-a492-4ed7-af5b-a88a47524308, viewType=2
08-17 03:58:49.211 12671 12671 D ChatMessageAdapter: ğŸ“ Item 2: messageId=bd1141ed-a492-4ed7-af5b-a88a47524308, viewType=2
08-17 03:58:49.211 12671 12671 D ChatMessageAdapter: ğŸ“ Item 1: messageId=a0d8662d-9728-4a72-a391-6d281b827085, viewType=2
08-17 03:58:49.211 12671 12671 D ChatMessageAdapter: ğŸ“ Item 0: messageId=fc0d7030-7f22-4e12-862d-2f589639a9b5, viewType=2
08-17 03:58:49.961 12671 12671 D ChatMessageAdapter: ğŸ—‘ï¸ Updating locally deleted: 1 messages
08-17 03:58:49.961 12671 12671 D ChatFragment: Message deleted locally for user
08-17 03:58:49.962 12671 12671 D ChatFragment: ğŸ”§ ====== LOAD LOCAL MESSAGES START ======
08-17 03:58:49.962 12671 12671 D ChatFragment: ğŸ”§ Loading messages for room: public
08-17 03:58:49.965 12671 12671 D ChatMessageAdapter: ğŸ“ Item 2: messageId=bd1141ed-a492-4ed7-af5b-a88a47524308, viewType=2
08-17 03:58:49.965 12671 12671 D ChatMessageAdapter: ğŸ”„ Binding position 2: messageId=bd1141ed-a492-4ed7-af5b-a88a47524308, isLiked=false, likeCount=0, isDeleted=false, isLocallyDeleted=false
08-17 03:58:49.965 12671 12671 D ChatMessageAdapter: ğŸ”§ ====== BIND MESSAGE START ======
08-17 03:58:49.965 12671 12671 D ChatMessageAdapter: ğŸ”§ Binding message: bd1141ed-a492-4ed7-af5b-a88a47524308
08-17 03:58:49.965 12671 12671 D ChatMessageAdapter: ğŸ”§ isDeveloperDeleted: false
08-17 03:58:49.965 12671 12671 D ChatMessageAdapter: ğŸ”§ isDeleted: false
08-17 03:58:49.965 12671 12671 D ChatMessageAdapter: ğŸ”§ isLocallyDeleted: false
08-17 03:58:49.965 12671 12671 D ChatMessageAdapter: ğŸ”§ message text: 'test 2'
08-17 03:58:49.965 12671 12671 D ChatMessageAdapter: ğŸ”§ âœ… NORMAL MESSAGE - Displaying normally
08-17 03:58:49.965 12671 12671 D ChatMessageAdapter: ğŸ”§ Resetting layout parameters to normal
08-17 03:58:49.965 12671 12671 D ChatMessageAdapter: ğŸ”§ Layout parameters reset complete
08-17 03:58:49.965 12671 12831 D ChatFragment: ğŸ”§ Total messages in DB: 13
08-17 03:58:49.966 12671 12671 D ChatMessageAdapter: ğŸ’¬ Setting like count: 0
08-17 03:58:49.967 12671 12671 D ChatMessageAdapter: ğŸ“ Item 1: messageId=a0d8662d-9728-4a72-a391-6d281b827085, viewType=2
08-17 03:58:49.967 12671 12671 D ChatMessageAdapter: ğŸ”„ Binding position 1: messageId=a0d8662d-9728-4a72-a391-6d281b827085, isLiked=false, likeCount=0, isDeleted=false, isLocallyDeleted=false
08-17 03:58:49.967 12671 12671 D ChatMessageAdapter: ğŸ”§ ====== BIND MESSAGE START ======
08-17 03:58:49.967 12671 12671 D ChatMessageAdapter: ğŸ”§ Binding message: a0d8662d-9728-4a72-a391-6d281b827085
08-17 03:58:49.967 12671 12671 D ChatMessageAdapter: ğŸ”§ isDeveloperDeleted: false
08-17 03:58:49.967 12671 12671 D ChatMessageAdapter: ğŸ”§ isDeleted: false
08-17 03:58:49.967 12671 12671 D ChatMessageAdapter: ğŸ”§ isLocallyDeleted: false
08-17 03:58:49.967 12671 12671 D ChatMessageAdapter: ğŸ”§ message text: 'hi'
08-17 03:58:49.967 12671 12831 D ChatFragment: ğŸ”§ Message [0]: ID=7693b20f-b085-4b04-b696-801f44a33fdf, isDeveloperDeleted=false, isDeleted=true, text='this this gyvyvyvyhu...'
08-17 03:58:49.967 12671 12671 D ChatMessageAdapter: ğŸ”§ âœ… NORMAL MESSAGE - Displaying normally
08-17 03:58:49.967 12671 12831 D ChatFragment: ğŸ”§ Message [1]: ID=8afc87a1-817b-4954-a619-55e4b9587e1f, isDeveloperDeleted=false, isDeleted=true, text='It WORKS yay haha...'
08-17 03:58:49.967 12671 12671 D ChatMessageAdapter: ğŸ”§ Resetting layout parameters to normal
08-17 03:58:49.967 12671 12831 D ChatFragment: ğŸ”§ Message [2]: ID=c124ea91-d2fe-4805-8df7-99b7152811ff, isDeveloperDeleted=false, isDeleted=true, text='hey...'
08-17 03:58:49.967 12671 12671 D ChatMessageAdapter: ğŸ”§ Layout parameters reset complete
08-17 03:58:49.967 12671 12831 D ChatFragment: ğŸ”§ Message [3]: ID=e924ab08-dac9-4fe9-bfbb-ff4fd4da15f3, isDeveloperDeleted=false, isDeleted=true, text='test...'
08-17 03:58:49.967 12671 12831 D ChatFragment: ğŸ”§ Message [4]: ID=9932eda8-ceb1-40c7-b58d-b095c00df1f8, isDeveloperDeleted=false, isDeleted=true, text='hello?...'
08-17 03:58:49.967 12671 12831 D ChatFragment: ğŸ”§ Message [5]: ID=20bc3391-cb5f-496c-8c6c-d8197e4c7b82, isDeveloperDeleted=false, isDeleted=true, text='hi...'
08-17 03:58:49.967 12671 12831 D ChatFragment: ğŸ”§ Message [6]: ID=af31b8cf-ed84-4117-b6f5-e6f2392551fb, isDeveloperDeleted=false, isDeleted=true, text='how are we...'
08-17 03:58:49.967 12671 12831 D ChatFragment: ğŸ”§ Message [7]: ID=1a74a47b-f229-4f3f-a449-0d97ecb64913, isDeveloperDeleted=false, isDeleted=true, text='hello...'
08-17 03:58:49.967 12671 12831 D ChatFragment: ğŸ”§ Message [8]: ID=fc0d7030-7f22-4e12-862d-2f589639a9b5, isDeveloperDeleted=false, isDeleted=false, text='hey...'
08-17 03:58:49.967 12671 12831 D ChatFragment: ğŸ”§ Message [9]: ID=a0d8662d-9728-4a72-a391-6d281b827085, isDeveloperDeleted=false, isDeleted=false, text='hi...'
08-17 03:58:49.967 12671 12831 D ChatFragment: ğŸ”§ Message [10]: ID=36debbd5-4825-49ad-8fd2-1acdc79c38ab, isDeveloperDeleted=false, isDeleted=true, text='hey...'
08-17 03:58:49.967 12671 12831 D ChatFragment: ğŸ”§ Message [11]: ID=34cebd34-5864-4bac-8437-fb193bc9ecdc, isDeveloperDeleted=false, isDeleted=true, text='sup...'
08-17 03:58:49.967 12671 12831 D ChatFragment: ğŸ”§ Message [12]: ID=bd1141ed-a492-4ed7-af5b-a88a47524308, isDeveloperDeleted=false, isDeleted=false, text='test 2...'
08-17 03:58:49.967 12671 12831 D ChatFragment: ğŸ”§ After filtering: 13 messages
08-17 03:58:49.967 12671 12831 D ChatFragment: ğŸ”§ Filtered out 0 developer deleted messages
08-17 03:58:49.967 12671 12831 D ChatFragment: ğŸ”§ Filtered [0]: ID=7693b20f-b085-4b04-b696-801f44a33fdf, isDeveloperDeleted=false, isDeleted=true, will show as: [Message deleted]
08-17 03:58:49.967 12671 12831 D ChatFragment: ğŸ”§ Filtered [1]: ID=8afc87a1-817b-4954-a619-55e4b9587e1f, isDeveloperDeleted=false, isDeleted=true, will show as: [Message deleted]
08-17 03:58:49.967 12671 12831 D ChatFragment: ğŸ”§ Filtered [2]: ID=c124ea91-d2fe-4805-8df7-99b7152811ff, isDeveloperDeleted=false, isDeleted=true, will show as: [Message deleted]
08-17 03:58:49.967 12671 12831 D ChatFragment: ğŸ”§ Filtered [3]: ID=e924ab08-dac9-4fe9-bfbb-ff4fd4da15f3, isDeveloperDeleted=false, isDeleted=true, will show as: [Message deleted]
08-17 03:58:49.967 12671 12831 D ChatFragment: ğŸ”§ Filtered [4]: ID=9932eda8-ceb1-40c7-b58d-b095c00df1f8, isDeveloperDeleted=false, isDeleted=true, will show as: [Message deleted]
08-17 03:58:49.967 12671 12831 D ChatFragment: ğŸ”§ Filtered [5]: ID=20bc3391-cb5f-496c-8c6c-d8197e4c7b82, isDeveloperDeleted=false, isDeleted=true, will show as: [Message deleted]
08-17 03:58:49.967 12671 12831 D ChatFragment: ğŸ”§ Filtered [6]: ID=af31b8cf-ed84-4117-b6f5-e6f2392551fb, isDeveloperDeleted=false, isDeleted=true, will show as: [Message deleted]
08-17 03:58:49.967 12671 12831 D ChatFragment: ğŸ”§ Filtered [7]: ID=1a74a47b-f229-4f3f-a449-0d97ecb64913, isDeveloperDeleted=false, isDeleted=true, will show as: [Message deleted]
08-17 03:58:49.967 12671 12831 D ChatFragment: ğŸ”§ Filtered [8]: ID=fc0d7030-7f22-4e12-862d-2f589639a9b5, isDeveloperDeleted=false, isDeleted=false, will show as: normal message
08-17 03:58:49.967 12671 12831 D ChatFragment: ğŸ”§ Filtered [9]: ID=a0d8662d-9728-4a72-a391-6d281b827085, isDeveloperDeleted=false, isDeleted=false, will show as: normal message
08-17 03:58:49.967 12671 12831 D ChatFragment: ğŸ”§ Filtered [10]: ID=36debbd5-4825-49ad-8fd2-1acdc79c38ab, isDeveloperDeleted=false, isDeleted=true, will show as: [Message deleted]
08-17 03:58:49.967 12671 12831 D ChatFragment: ğŸ”§ Filtered [11]: ID=34cebd34-5864-4bac-8437-fb193bc9ecdc, isDeveloperDeleted=false, isDeleted=true, will show as: [Message deleted]
08-17 03:58:49.967 12671 12831 D ChatFragment: ğŸ”§ Filtered [12]: ID=bd1141ed-a492-4ed7-af5b-a88a47524308, isDeveloperDeleted=false, isDeleted=false, will show as: normal message
08-17 03:58:49.967 12671 12671 D ChatMessageAdapter: ğŸ’¬ Setting like count: 0
08-17 03:58:49.969 12671 12671 D ChatMessageAdapter: ğŸ“ Item 0: messageId=fc0d7030-7f22-4e12-862d-2f589639a9b5, viewType=2
08-17 03:58:49.969 12671 12671 D ChatMessageAdapter: ğŸ”„ Binding position 0: messageId=fc0d7030-7f22-4e12-862d-2f589639a9b5, isLiked=false, likeCount=0, isDeleted=false, isLocallyDeleted=true
08-17 03:58:49.969 12671 12671 D ChatMessageAdapter: ğŸ”§ ====== BIND MESSAGE START ======
08-17 03:58:49.969 12671 12671 D ChatMessageAdapter: ğŸ”§ Binding message: fc0d7030-7f22-4e12-862d-2f589639a9b5
08-17 03:58:49.969 12671 12671 D ChatMessageAdapter: ğŸ”§ isDeveloperDeleted: false
08-17 03:58:49.969 12671 12671 D ChatMessageAdapter: ğŸ”§ isDeleted: false
08-17 03:58:49.969 12671 12671 D ChatMessageAdapter: ğŸ”§ isLocallyDeleted: true
08-17 03:58:49.969 12671 12671 D ChatMessageAdapter: ğŸ”§ message text: 'hey'
08-17 03:58:49.969 12671 12671 D ChatMessageAdapter: ğŸ”§ âœ… REGULAR DELETED - Showing as [Message deleted]
08-17 03:58:49.969 12671 12671 D ChatMessageAdapter: ğŸ”§ Resetting layout parameters to normal
08-17 03:58:49.969 12671 12671 D ChatMessageAdapter: ğŸ”§ Layout parameters reset complete
08-17 03:58:49.969 12671 12671 D ChatMessageAdapter: ğŸ”§ âœ… Regular deleted message styled - text: '[Message deleted]'
08-17 03:58:49.969 12671 12671 D ChatMessageAdapter: ğŸ”§ ====== BIND MESSAGE END (REGULAR DELETED) ======
08-17 03:58:49.988 12671 12671 D ChatFragment: ğŸ”§ Final message count to display: 13
08-17 03:58:49.988 12671 12671 D ChatFragment: ğŸ”§ User has liked 0 messages
08-17 03:58:49.988 12671 12671 D ChatFragment: ğŸ”§ Locally deleted messages: 1
08-17 03:58:49.989 12671 12671 D ChatFragment: ğŸ”§ Updating adapter...
08-17 03:58:49.989 12671 12671 D ChatMessageAdapter: ğŸ’— Updating liked messages: old=0, new=0
08-17 03:58:49.989 12671 12671 D ChatMessageAdapter: ğŸ’— Liked message IDs: []
08-17 03:58:49.989 12671 12671 D ChatMessageAdapter: ğŸ—‘ï¸ Updating locally deleted: 1 messages
08-17 03:58:49.990 12671 12671 D ChatFragment: ğŸ”§ ====== LOAD LOCAL MESSAGES END ======
08-17 03:58:49.990 12671 13398 D ChatMessageAdapter: ğŸ” DiffUtil areItemsTheSame: fc0d7030-7f22-4e12-862d-2f589639a9b5 == 7693b20f-b085-4b04-b696-801f44a33fdf = false
08-17 03:58:49.990 12671 13398 D ChatMessageAdapter: ğŸ” DiffUtil areItemsTheSame: bd1141ed-a492-4ed7-af5b-a88a47524308 == bd1141ed-a492-4ed7-af5b-a88a47524308 = true
08-17 03:58:49.990 12671 13398 D ChatMessageAdapter: ğŸ” DiffUtil areItemsTheSame: a0d8662d-9728-4a72-a391-6d281b827085 == 34cebd34-5864-4bac-8437-fb193bc9ecdc = false
08-17 03:58:49.990 12671 13398 D ChatMessageAdapter: ğŸ” DiffUtil areItemsTheSame: fc0d7030-7f22-4e12-862d-2f589639a9b5 == 8afc87a1-817b-4954-a619-55e4b9587e1f = false
08-17 03:58:49.990 12671 13398 D ChatMessageAdapter: ğŸ” DiffUtil areItemsTheSame: a0d8662d-9728-4a72-a391-6d281b827085 == 7693b20f-b085-4b04-b696-801f44a33fdf = false
08-17 03:58:49.990 12671 13398 D ChatMessageAdapter: ğŸ” DiffUtil areItemsTheSame: a0d8662d-9728-4a72-a391-6d281b827085 == 36debbd5-4825-49ad-8fd2-1acdc79c38ab = false
08-17 03:58:49.990 12671 13398 D ChatMessageAdapter: ğŸ” DiffUtil areItemsTheSame: fc0d7030-7f22-4e12-862d-2f589639a9b5 == 34cebd34-5864-4bac-8437-fb193bc9ecdc = false
08-17 03:58:49.990 12671 13398 D ChatMessageAdapter: ğŸ” DiffUtil areItemsTheSame: fc0d7030-7f22-4e12-862d-2f589639a9b5 == c124ea91-d2fe-4805-8df7-99b7152811ff = false
08-17 03:58:49.990 12671 13398 D ChatMessageAdapter: ğŸ” DiffUtil areItemsTheSame: a0d8662d-9728-4a72-a391-6d281b827085 == 8afc87a1-817b-4954-a619-55e4b9587e1f = false
08-17 03:58:49.990 12671 13398 D ChatMessageAdapter: ğŸ” DiffUtil areItemsTheSame: bd1141ed-a492-4ed7-af5b-a88a47524308 == 7693b20f-b085-4b04-b696-801f44a33fdf = false
08-17 03:58:49.990 12671 13398 D ChatMessageAdapter: ğŸ” DiffUtil areItemsTheSame: a0d8662d-9728-4a72-a391-6d281b827085 == a0d8662d-9728-4a72-a391-6d281b827085 = true
08-17 03:58:49.990 12671 13398 D ChatMessageAdapter: ğŸ” DiffUtil areItemsTheSame: fc0d7030-7f22-4e12-862d-2f589639a9b5 == fc0d7030-7f22-4e12-862d-2f589639a9b5 = true
08-17 03:58:49.990 12671 13398 D ChatMessageAdapter: ğŸ” DiffUtil areItemsTheSame: fc0d7030-7f22-4e12-862d-2f589639a9b5 == 36debbd5-4825-49ad-8fd2-1acdc79c38ab = false
08-17 03:58:49.990 12671 13398 D ChatMessageAdapter: ğŸ” DiffUtil areItemsTheSame: fc0d7030-7f22-4e12-862d-2f589639a9b5 == e924ab08-dac9-4fe9-bfbb-ff4fd4da15f3 = false
08-17 03:58:49.990 12671 13398 D ChatMessageAdapter: ğŸ” DiffUtil areItemsTheSame: a0d8662d-9728-4a72-a391-6d281b827085 == c124ea91-d2fe-4805-8df7-99b7152811ff = false
08-17 03:58:49.990 12671 13398 D ChatMessageAdapter: ğŸ” DiffUtil areItemsTheSame: bd1141ed-a492-4ed7-af5b-a88a47524308 == 8afc87a1-817b-4954-a619-55e4b9587e1f = false
08-17 03:58:49.990 12671 13398 D ChatMessageAdapter: ğŸ” DiffUtil areItemsTheSame: fc0d7030-7f22-4e12-862d-2f589639a9b5 == 9932eda8-ceb1-40c7-b58d-b095c00df1f8 = false
08-17 03:58:49.990 12671 13398 D ChatMessageAdapter: ğŸ” DiffUtil areItemsTheSame: a0d8662d-9728-4a72-a391-6d281b827085 == e924ab08-dac9-4fe9-bfbb-ff4fd4da15f3 = false
08-17 03:58:49.990 12671 13398 D ChatMessageAdapter: ğŸ” DiffUtil areItemsTheSame: bd1141ed-a492-4ed7-af5b-a88a47524308 == c124ea91-d2fe-4805-8df7-99b7152811ff = false
08-17 03:58:49.990 12671 13398 D ChatMessageAdapter: ğŸ” DiffUtil areItemsTheSame: fc0d7030-7f22-4e12-862d-2f589639a9b5 == 20bc3391-cb5f-496c-8c6c-d8197e4c7b82 = false
08-17 03:58:49.990 12671 13398 D ChatMessageAdapter: ğŸ” DiffUtil areItemsTheSame: a0d8662d-9728-4a72-a391-6d281b827085 == 9932eda8-ceb1-40c7-b58d-b095c00df1f8 = false
08-17 03:58:49.990 12671 13398 D ChatMessageAdapter: ğŸ” DiffUtil areItemsTheSame: bd1141ed-a492-4ed7-af5b-a88a47524308 == e924ab08-dac9-4fe9-bfbb-ff4fd4da15f3 = false
08-17 03:58:49.991 12671 13398 D ChatMessageAdapter: ğŸ” DiffUtil areItemsTheSame: fc0d7030-7f22-4e12-862d-2f589639a9b5 == af31b8cf-ed84-4117-b6f5-e6f2392551fb = false
08-17 03:58:49.991 12671 13398 D ChatMessageAdapter: ğŸ” DiffUtil areItemsTheSame: bd1141ed-a492-4ed7-af5b-a88a47524308 == bd1141ed-a492-4ed7-af5b-a88a47524308 = true
08-17 03:58:49.991 12671 13398 D ChatMessageAdapter: ğŸ” DiffUtil areItemsTheSame: a0d8662d-9728-4a72-a391-6d281b827085 == 34cebd34-5864-4bac-8437-fb193bc9ecdc = false
08-17 03:58:49.991 12671 13398 D ChatMessageAdapter: ğŸ” DiffUtil areItemsTheSame: fc0d7030-7f22-4e12-862d-2f589639a9b5 == 1a74a47b-f229-4f3f-a449-0d97ecb64913 = false
08-17 03:58:49.991 12671 13398 D ChatMessageAdapter: ğŸ” DiffUtil areItemsTheSame: a0d8662d-9728-4a72-a391-6d281b827085 == af31b8cf-ed84-4117-b6f5-e6f2392551fb = false
08-17 03:58:49.991 12671 13398 D ChatMessageAdapter: ğŸ” DiffUtil areItemsTheSame: a0d8662d-9728-4a72-a391-6d281b827085 == 36debbd5-4825-49ad-8fd2-1acdc79c38ab = false
08-17 03:58:49.991 12671 13398 D ChatMessageAdapter: ğŸ” DiffUtil areItemsTheSame: fc0d7030-7f22-4e12-862d-2f589639a9b5 == 34cebd34-5864-4bac-8437-fb193bc9ecdc = false
08-17 03:58:49.991 12671 13398 D ChatMessageAdapter: ğŸ” DiffUtil areItemsTheSame: fc0d7030-7f22-4e12-862d-2f589639a9b5 == fc0d7030-7f22-4e12-862d-2f589639a9b5 = true
08-17 03:58:49.991 12671 13398 D ChatMessageAdapter: ğŸ” DiffUtil areItemsTheSame: a0d8662d-9728-4a72-a391-6d281b827085 == a0d8662d-9728-4a72-a391-6d281b827085 = true
08-17 03:58:49.991 12671 13398 D ChatMessageAdapter: ğŸ” DiffUtil areItemsTheSame: bd1141ed-a492-4ed7-af5b-a88a47524308 == 36debbd5-4825-49ad-8fd2-1acdc79c38ab = false
08-17 03:58:49.991 12671 13398 D ChatMessageAdapter: ğŸ” DiffUtil areItemsTheSame: a0d8662d-9728-4a72-a391-6d281b827085 == 1a74a47b-f229-4f3f-a449-0d97ecb64913 = false
08-17 03:58:49.991 12671 13398 D ChatMessageAdapter: ğŸ” DiffUtil areItemsTheSame: bd1141ed-a492-4ed7-af5b-a88a47524308 == af31b8cf-ed84-4117-b6f5-e6f2392551fb = false
08-17 03:58:49.991 12671 13398 D ChatMessageAdapter: ğŸ” DiffUtil areItemsTheSame: a0d8662d-9728-4a72-a391-6d281b827085 == a0d8662d-9728-4a72-a391-6d281b827085 = true
08-17 03:58:49.991 12671 13398 D ChatMessageAdapter: ğŸ” DiffUtil areItemsTheSame: fc0d7030-7f22-4e12-862d-2f589639a9b5 == fc0d7030-7f22-4e12-862d-2f589639a9b5 = true
08-17 03:58:49.991 12671 13398 D ChatMessageAdapter: ğŸ” DiffUtil areItemsTheSame: bd1141ed-a492-4ed7-af5b-a88a47524308 == 34cebd34-5864-4bac-8437-fb193bc9ecdc = false
08-17 03:58:49.991 12671 13398 D ChatMessageAdapter: ğŸ” DiffUtil areItemsTheSame: bd1141ed-a492-4ed7-af5b-a88a47524308 == bd1141ed-a492-4ed7-af5b-a88a47524308 = true
08-17 03:58:49.991 12671 13398 D ChatMessageAdapter: ğŸ” DiffUtil areItemsTheSame: bd1141ed-a492-4ed7-af5b-a88a47524308 == bd1141ed-a492-4ed7-af5b-a88a47524308 = true
08-17 03:58:49.993 12671 12671 D ChatMessageAdapter: ğŸ“ Item 2: messageId=bd1141ed-a492-4ed7-af5b-a88a47524308, viewType=2
08-17 03:58:49.993 12671 12671 D ChatMessageAdapter: ğŸ”„ Binding position 2: messageId=bd1141ed-a492-4ed7-af5b-a88a47524308, isLiked=false, likeCount=0, isDeleted=false, isLocallyDeleted=false
08-17 03:58:49.993 12671 12671 D ChatMessageAdapter: ğŸ”§ ====== BIND MESSAGE START ======
08-17 03:58:49.993 12671 12671 D ChatMessageAdapter: ğŸ”§ Binding message: bd1141ed-a492-4ed7-af5b-a88a47524308
08-17 03:58:49.993 12671 12671 D ChatMessageAdapter: ğŸ”§ isDeveloperDeleted: false
08-17 03:58:49.993 12671 12671 D ChatMessageAdapter: ğŸ”§ isDeleted: false
08-17 03:58:49.993 12671 12671 D ChatMessageAdapter: ğŸ”§ isLocallyDeleted: false
08-17 03:58:49.993 12671 12671 D ChatMessageAdapter: ğŸ”§ message text: 'test 2'
08-17 03:58:49.993 12671 12671 D ChatMessageAdapter: ğŸ”§ âœ… NORMAL MESSAGE - Displaying normally
08-17 03:58:49.993 12671 12671 D ChatMessageAdapter: ğŸ”§ Resetting layout parameters to normal
08-17 03:58:49.993 12671 12671 D ChatMessageAdapter: ğŸ”§ Layout parameters reset complete
08-17 03:58:49.994 12671 12671 D ChatMessageAdapter: ğŸ’¬ Setting like count: 0
08-17 03:58:49.994 12671 12671 D ChatMessageAdapter: ğŸ“ Item 1: messageId=a0d8662d-9728-4a72-a391-6d281b827085, viewType=2
08-17 03:58:49.994 12671 12671 D ChatMessageAdapter: ğŸ”„ Binding position 1: messageId=a0d8662d-9728-4a72-a391-6d281b827085, isLiked=false, likeCount=0, isDeleted=false, isLocallyDeleted=false
08-17 03:58:49.994 12671 12671 D ChatMessageAdapter: ğŸ”§ ====== BIND MESSAGE START ======
08-17 03:58:49.994 12671 12671 D ChatMessageAdapter: ğŸ”§ Binding message: a0d8662d-9728-4a72-a391-6d281b827085
08-17 03:58:49.994 12671 12671 D ChatMessageAdapter: ğŸ”§ isDeveloperDeleted: false
08-17 03:58:49.994 12671 12671 D ChatMessageAdapter: ğŸ”§ isDeleted: false
08-17 03:58:49.994 12671 12671 D ChatMessageAdapter: ğŸ”§ isLocallyDeleted: false
08-17 03:58:49.994 12671 12671 D ChatMessageAdapter: ğŸ”§ message text: 'hi'
08-17 03:58:49.994 12671 12671 D ChatMessageAdapter: ğŸ”§ âœ… NORMAL MESSAGE - Displaying normally
08-17 03:58:49.994 12671 12671 D ChatMessageAdapter: ğŸ”§ Resetting layout parameters to normal
08-17 03:58:49.994 12671 12671 D ChatMessageAdapter: ğŸ”§ Layout parameters reset complete
08-17 03:58:49.994 12671 12671 D ChatMessageAdapter: ğŸ’¬ Setting like count: 0
08-17 03:58:49.995 12671 12671 D ChatMessageAdapter: ğŸ“ Item 0: messageId=fc0d7030-7f22-4e12-862d-2f589639a9b5, viewType=2
08-17 03:58:49.995 12671 12671 D ChatMessageAdapter: ğŸ”„ Binding position 0: messageId=fc0d7030-7f22-4e12-862d-2f589639a9b5, isLiked=false, likeCount=0, isDeleted=false, isLocallyDeleted=true
08-17 03:58:49.995 12671 12671 D ChatMessageAdapter: ğŸ”§ ====== BIND MESSAGE START ======
08-17 03:58:49.995 12671 12671 D ChatMessageAdapter: ğŸ”§ Binding message: fc0d7030-7f22-4e12-862d-2f589639a9b5
08-17 03:58:49.995 12671 12671 D ChatMessageAdapter: ğŸ”§ isDeveloperDeleted: false
08-17 03:58:49.995 12671 12671 D ChatMessageAdapter: ğŸ”§ isDeleted: false
08-17 03:58:49.995 12671 12671 D ChatMessageAdapter: ğŸ”§ isLocallyDeleted: true
08-17 03:58:49.995 12671 12671 D ChatMessageAdapter: ğŸ”§ message text: 'hey'
08-17 03:58:49.995 12671 12671 D ChatMessageAdapter: ğŸ”§ âœ… REGULAR DELETED - Showing as [Message deleted]
08-17 03:58:49.995 12671 12671 D ChatMessageAdapter: ğŸ”§ Resetting layout parameters to normal
08-17 03:58:49.995 12671 12671 D ChatMessageAdapter: ğŸ”§ Layout parameters reset complete
08-17 03:58:49.995 12671 12671 D ChatMessageAdapter: ğŸ”§ âœ… Regular deleted message styled - text: '[Message deleted]'
08-17 03:58:49.995 12671 12671 D ChatMessageAdapter: ğŸ”§ ====== BIND MESSAGE END (REGULAR DELETED) ======
08-17 03:58:49.997 12671 12671 D ChatFragment: ğŸ”§ Adapter submitList completed - item count: 13
08-17 03:58:49.997 12671 12671 D ChatFragment: ğŸ”§ Will display: 7693b20f-b085-4b04-b696-801f44a33fdf as DELETED TEXT
08-17 03:58:49.997 12671 12671 D ChatFragment: ğŸ”§ Will display: 8afc87a1-817b-4954-a619-55e4b9587e1f as DELETED TEXT
08-17 03:58:49.997 12671 12671 D ChatFragment: ğŸ”§ Will display: c124ea91-d2fe-4805-8df7-99b7152811ff as DELETED TEXT
08-17 03:58:49.997 12671 12671 D ChatFragment: ğŸ”§ Will display: e924ab08-dac9-4fe9-bfbb-ff4fd4da15f3 as DELETED TEXT
08-17 03:58:49.997 12671 12671 D ChatFragment: ğŸ”§ Will display: 9932eda8-ceb1-40c7-b58d-b095c00df1f8 as DELETED TEXT
08-17 03:58:49.997 12671 12671 D ChatFragment: ğŸ”§ Will display: 20bc3391-cb5f-496c-8c6c-d8197e4c7b82 as DELETED TEXT
08-17 03:58:49.997 12671 12671 D ChatFragment: ğŸ”§ Will display: af31b8cf-ed84-4117-b6f5-e6f2392551fb as DELETED TEXT
08-17 03:58:49.997 12671 12671 D ChatFragment: ğŸ”§ Will display: 1a74a47b-f229-4f3f-a449-0d97ecb64913 as DELETED TEXT
08-17 03:58:49.997 12671 12671 D ChatFragment: ğŸ”§ Will display: fc0d7030-7f22-4e12-862d-2f589639a9b5 as LOCALLY DELETED TEXT
08-17 03:58:49.997 12671 12671 D ChatFragment: ğŸ”§ Will display: a0d8662d-9728-4a72-a391-6d281b827085 as NORMAL
08-17 03:58:49.997 12671 12671 D ChatFragment: ğŸ”§ Will display: 36debbd5-4825-49ad-8fd2-1acdc79c38ab as DELETED TEXT
08-17 03:58:49.997 12671 12671 D ChatFragment: ğŸ”§ Will display: 34cebd34-5864-4bac-8437-fb193bc9ecdc as DELETED TEXT
08-17 03:58:49.997 12671 12671 D ChatFragment: ğŸ”§ Will display: bd1141ed-a492-4ed7-af5b-a88a47524308 as NORMAL
08-17 03:58:50.010 12671 12671 D ChatMessageAdapter: ğŸ“ Item 12: messageId=bd1141ed-a492-4ed7-af5b-a88a47524308, viewType=2
08-17 03:58:50.010 12671 12671 D ChatMessageAdapter: ğŸ“ Item 11: messageId=34cebd34-5864-4bac-8437-fb193bc9ecdc, viewType=2
08-17 03:58:50.010 12671 12671 D ChatMessageAdapter: ğŸ”¨ Creating ViewHolder for viewType=2
08-17 03:58:50.013 12671 12671 D ChatMessageAdapter: ğŸ”„ Binding position 11: messageId=34cebd34-5864-4bac-8437-fb193bc9ecdc, isLiked=false, likeCount=0, isDeleted=true, isLocallyDeleted=false
08-17 03:58:50.013 12671 12671 D ChatMessageAdapter: ğŸ”§ ====== BIND MESSAGE START ======
08-17 03:58:50.013 12671 12671 D ChatMessageAdapter: ğŸ”§ Binding message: 34cebd34-5864-4bac-8437-fb193bc9ecdc
08-17 03:58:50.013 12671 12671 D ChatMessageAdapter: ğŸ”§ isDeveloperDeleted: false
08-17 03:58:50.013 12671 12671 D ChatMessageAdapter: ğŸ”§ isDeleted: true
08-17 03:58:50.013 12671 12671 D ChatMessageAdapter: ğŸ”§ isLocallyDeleted: false
08-17 03:58:50.013 12671 12671 D ChatMessageAdapter: ğŸ”§ message text: 'sup'
08-17 03:58:50.013 12671 12671 D ChatMessageAdapter: ğŸ”§ âœ… REGULAR DELETED - Showing as [Message deleted]
08-17 03:58:50.013 12671 12671 D ChatMessageAdapter: ğŸ”§ Resetting layout parameters to normal
08-17 03:58:50.013 12671 12671 D ChatMessageAdapter: ğŸ”§ Layout parameters reset complete
08-17 03:58:50.013 12671 12671 D ChatMessageAdapter: ğŸ”§ âœ… Regular deleted message styled - text: '[Message deleted]'
08-17 03:58:50.013 12671 12671 D ChatMessageAdapter: ğŸ”§ ====== BIND MESSAGE END (REGULAR DELETED) ======
08-17 03:58:50.014 12671 12671 D ChatMessageAdapter: ğŸ“ Item 10: messageId=36debbd5-4825-49ad-8fd2-1acdc79c38ab, viewType=2
08-17 03:58:50.014 12671 12671 D ChatMessageAdapter: ğŸ”¨ Creating ViewHolder for viewType=2
08-17 03:58:50.017 12671 12671 D ChatMessageAdapter: ğŸ”„ Binding position 10: messageId=36debbd5-4825-49ad-8fd2-1acdc79c38ab, isLiked=false, likeCount=0, isDeleted=true, isLocallyDeleted=false
08-17 03:58:50.017 12671 12671 D ChatMessageAdapter: ğŸ”§ ====== BIND MESSAGE START ======
08-17 03:58:50.017 12671 12671 D ChatMessageAdapter: ğŸ”§ Binding message: 36debbd5-4825-49ad-8fd2-1acdc79c38ab
08-17 03:58:50.017 12671 12671 D ChatMessageAdapter: ğŸ”§ isDeveloperDeleted: false
08-17 03:58:50.017 12671 12671 D ChatMessageAdapter: ğŸ”§ isDeleted: true
08-17 03:58:50.017 12671 12671 D ChatMessageAdapter: ğŸ”§ isLocallyDeleted: false
08-17 03:58:50.017 12671 12671 D ChatMessageAdapter: ğŸ”§ message text: 'hey'
08-17 03:58:50.017 12671 12671 D ChatMessageAdapter: ğŸ”§ âœ… REGULAR DELETED - Showing as [Message deleted]
08-17 03:58:50.017 12671 12671 D ChatMessageAdapter: ğŸ”§ Resetting layout parameters to normal
08-17 03:58:50.017 12671 12671 D ChatMessageAdapter: ğŸ”§ Layout parameters reset complete
08-17 03:58:50.017 12671 12671 D ChatMessageAdapter: ğŸ”§ âœ… Regular deleted message styled - text: '[Message deleted]'
08-17 03:58:50.017 12671 12671 D ChatMessageAdapter: ğŸ”§ ====== BIND MESSAGE END (REGULAR DELETED) ======
08-17 03:58:50.018 12671 12671 D ChatMessageAdapter: ğŸ“ Item 9: messageId=a0d8662d-9728-4a72-a391-6d281b827085, viewType=2
08-17 03:58:50.018 12671 12671 D ChatMessageAdapter: ğŸ“ Item 8: messageId=fc0d7030-7f22-4e12-862d-2f589639a9b5, viewType=2
08-17 03:58:50.018 12671 12671 D ChatMessageAdapter: ğŸ“ Item 7: messageId=1a74a47b-f229-4f3f-a449-0d97ecb64913, viewType=2
08-17 03:58:50.018 12671 12671 D ChatMessageAdapter: ğŸ”¨ Creating ViewHolder for viewType=2
08-17 03:58:50.021 12671 12671 D ChatMessageAdapter: ğŸ”„ Binding position 7: messageId=1a74a47b-f229-4f3f-a449-0d97ecb64913, isLiked=false, likeCount=0, isDeleted=true, isLocallyDeleted=false
08-17 03:58:50.021 12671 12671 D ChatMessageAdapter: ğŸ”§ ====== BIND MESSAGE START ======
08-17 03:58:50.021 12671 12671 D ChatMessageAdapter: ğŸ”§ Binding message: 1a74a47b-f229-4f3f-a449-0d97ecb64913
08-17 03:58:50.021 12671 12671 D ChatMessageAdapter: ğŸ”§ isDeveloperDeleted: false
08-17 03:58:50.021 12671 12671 D ChatMessageAdapter: ğŸ”§ isDeleted: true
08-17 03:58:50.021 12671 12671 D ChatMessageAdapter: ğŸ”§ isLocallyDeleted: false
08-17 03:58:50.021 12671 12671 D ChatMessageAdapter: ğŸ”§ message text: 'hello'
08-17 03:58:50.021 12671 12671 D ChatMessageAdapter: ğŸ”§ âœ… REGULAR DELETED - Showing as [Message deleted]
08-17 03:58:50.021 12671 12671 D ChatMessageAdapter: ğŸ”§ Resetting layout parameters to normal
08-17 03:58:50.021 12671 12671 D ChatMessageAdapter: ğŸ”§ Layout parameters reset complete
08-17 03:58:50.022 12671 12671 D ChatMessageAdapter: ğŸ”§ âœ… Regular deleted message styled - text: '[Message deleted]'
08-17 03:58:50.022 12671 12671 D ChatMessageAdapter: ğŸ”§ ====== BIND MESSAGE END (REGULAR DELETED) ======
08-17 03:58:51.415 12671 12671 D ChatMessageAdapter: ğŸ“ Item 6: messageId=af31b8cf-ed84-4117-b6f5-e6f2392551fb, viewType=2
08-17 03:58:51.415 12671 12671 D ChatMessageAdapter: ğŸ”¨ Creating ViewHolder for viewType=2
08-17 03:58:51.429 12671 12671 D ChatMessageAdapter: ğŸ“ Item 6: messageId=af31b8cf-ed84-4117-b6f5-e6f2392551fb, viewType=2
08-17 03:58:51.429 12671 12671 D ChatMessageAdapter: ğŸ”„ Binding position 6: messageId=af31b8cf-ed84-4117-b6f5-e6f2392551fb, isLiked=false, likeCount=0, isDeleted=true, isLocallyDeleted=false
08-17 03:58:51.429 12671 12671 D ChatMessageAdapter: ğŸ”§ ====== BIND MESSAGE START ======
08-17 03:58:51.429 12671 12671 D ChatMessageAdapter: ğŸ”§ Binding message: af31b8cf-ed84-4117-b6f5-e6f2392551fb
08-17 03:58:51.429 12671 12671 D ChatMessageAdapter: ğŸ”§ isDeveloperDeleted: false
08-17 03:58:51.429 12671 12671 D ChatMessageAdapter: ğŸ”§ isDeleted: true
08-17 03:58:51.429 12671 12671 D ChatMessageAdapter: ğŸ”§ isLocallyDeleted: false
08-17 03:58:51.429 12671 12671 D ChatMessageAdapter: ğŸ”§ message text: 'how are we'
08-17 03:58:51.429 12671 12671 D ChatMessageAdapter: ğŸ”§ âœ… REGULAR DELETED - Showing as [Message deleted]
08-17 03:58:51.429 12671 12671 D ChatMessageAdapter: ğŸ”§ Resetting layout parameters to normal
08-17 03:58:51.429 12671 12671 D ChatMessageAdapter: ğŸ”§ Layout parameters reset complete
08-17 03:58:51.429 12671 12671 D ChatMessageAdapter: ğŸ”§ âœ… Regular deleted message styled - text: '[Message deleted]'
08-17 03:58:51.429 12671 12671 D ChatMessageAdapter: ğŸ”§ ====== BIND MESSAGE END (REGULAR DELETED) ======
08-17 03:58:51.442 12671 12671 D ChatMessageAdapter: ğŸ“ Item 6: messageId=af31b8cf-ed84-4117-b6f5-e6f2392551fb, viewType=2
08-17 03:58:51.447 12671 12671 D ChatMessageAdapter: ğŸ“ Item 5: messageId=20bc3391-cb5f-496c-8c6c-d8197e4c7b82, viewType=2
08-17 03:58:51.447 12671 12671 D ChatMessageAdapter: ğŸ”¨ Creating ViewHolder for viewType=2
08-17 03:58:51.453 12671 12671 D ChatMessageAdapter: ğŸ”„ Binding position 5: messageId=20bc3391-cb5f-496c-8c6c-d8197e4c7b82, isLiked=false, likeCount=0, isDeleted=true, isLocallyDeleted=false
08-17 03:58:51.453 12671 12671 D ChatMessageAdapter: ğŸ”§ ====== BIND MESSAGE START ======
08-17 03:58:51.453 12671 12671 D ChatMessageAdapter: ğŸ”§ Binding message: 20bc3391-cb5f-496c-8c6c-d8197e4c7b82
08-17 03:58:51.453 12671 12671 D ChatMessageAdapter: ğŸ”§ isDeveloperDeleted: false
08-17 03:58:51.453 12671 12671 D ChatMessageAdapter: ğŸ”§ isDeleted: true
08-17 03:58:51.453 12671 12671 D ChatMessageAdapter: ğŸ”§ isLocallyDeleted: false
08-17 03:58:51.453 12671 12671 D ChatMessageAdapter: ğŸ”§ message text: 'hi'
08-17 03:58:51.453 12671 12671 D ChatMessageAdapter: ğŸ”§ âœ… REGULAR DELETED - Showing as [Message deleted]
08-17 03:58:51.453 12671 12671 D ChatMessageAdapter: ğŸ”§ Resetting layout parameters to normal
08-17 03:58:51.453 12671 12671 D ChatMessageAdapter: ğŸ”§ Layout parameters reset complete
08-17 03:58:51.453 12671 12671 D ChatMessageAdapter: ğŸ”§ âœ… Regular deleted message styled - text: '[Message deleted]'
