08-17 03:50:06.613  7245  7245 D ChatMessageAdapter: ğŸ“ Item 2: messageId=36debbd5-4825-49ad-8fd2-1acdc79c38ab, viewType=1
08-17 03:50:06.613  7245  7245 D ChatMessageAdapter: ğŸ“ Item 1: messageId=a0d8662d-9728-4a72-a391-6d281b827085, viewType=2
08-17 03:50:06.613  7245  7245 D ChatMessageAdapter: ğŸ“ Item 0: messageId=fc0d7030-7f22-4e12-862d-2f589639a9b5, viewType=2
08-17 03:50:07.616  7245  7245 D ChatFragment: Received 2 messages for display
08-17 03:50:07.616  7245  9096 D ChatMessageAdapter: ğŸ” DiffUtil areItemsTheSame: fc0d7030-7f22-4e12-862d-2f589639a9b5 == fc0d7030-7f22-4e12-862d-2f589639a9b5 = true
08-17 03:50:07.616  7245  9096 D ChatMessageAdapter: ğŸ” DiffUtil areItemsTheSame: a0d8662d-9728-4a72-a391-6d281b827085 == a0d8662d-9728-4a72-a391-6d281b827085 = true
08-17 03:50:07.616  7245  9096 D ChatMessageAdapter: ğŸ” DiffUtil areItemsTheSame: 36debbd5-4825-49ad-8fd2-1acdc79c38ab == a0d8662d-9728-4a72-a391-6d281b827085 = false
08-17 03:50:07.617  7245  9096 D ChatMessageAdapter: ğŸ” DiffUtil areItemsTheSame: fc0d7030-7f22-4e12-862d-2f589639a9b5 == fc0d7030-7f22-4e12-862d-2f589639a9b5 = true
08-17 03:50:07.617  7245  9096 D ChatMessageAdapter: ğŸ” DiffUtil areItemsTheSame: a0d8662d-9728-4a72-a391-6d281b827085 == a0d8662d-9728-4a72-a391-6d281b827085 = true
08-17 03:50:07.617  7245  9096 D ChatMessageAdapter: ğŸ” DiffUtil areItemsTheSame: a0d8662d-9728-4a72-a391-6d281b827085 == a0d8662d-9728-4a72-a391-6d281b827085 = true
08-17 03:50:07.617  7245  9096 D ChatMessageAdapter: ğŸ” DiffUtil areItemsTheSame: fc0d7030-7f22-4e12-862d-2f589639a9b5 == fc0d7030-7f22-4e12-862d-2f589639a9b5 = true
08-17 03:50:07.629  7245  7245 D ChatMessageAdapter: ğŸ“ Item 1: messageId=a0d8662d-9728-4a72-a391-6d281b827085, viewType=2
08-17 03:50:07.629  7245  7245 D ChatMessageAdapter: ğŸ“ Item 0: messageId=fc0d7030-7f22-4e12-862d-2f589639a9b5, viewType=2
08-17 03:50:07.646  7245  7245 D ChatMessageAdapter: ğŸ“ Item 1: messageId=a0d8662d-9728-4a72-a391-6d281b827085, viewType=2
08-17 03:50:07.646  7245  7245 D ChatMessageAdapter: ğŸ“ Item 0: messageId=fc0d7030-7f22-4e12-862d-2f589639a9b5, viewType=2
08-17 03:50:07.675  7245  7245 D ChatFragment: Message deleted for everyone
08-17 03:50:07.687  7245  7245 D ChatFragment: Loading 11 messages from local DB
08-17 03:50:07.687  7245  7245 D ChatFragment: User has liked 0 messages
08-17 03:50:07.687  7245  7245 D ChatFragment: Locally deleted messages: 0
08-17 03:50:07.688  7245  7245 D ChatMessageAdapter: ğŸ’— Updating liked messages: old=0, new=0
08-17 03:50:07.688  7245  7245 D ChatMessageAdapter: ğŸ’— Liked message IDs: []
08-17 03:50:07.688  7245  7245 D ChatMessageAdapter: ğŸ—‘ï¸ Updating locally deleted: 0 messages
08-17 03:50:07.688  7245  9408 D ChatMessageAdapter: ğŸ” DiffUtil areItemsTheSame: fc0d7030-7f22-4e12-862d-2f589639a9b5 == 7693b20f-b085-4b04-b696-801f44a33fdf = false
08-17 03:50:07.688  7245  9408 D ChatMessageAdapter: ğŸ” DiffUtil areItemsTheSame: a0d8662d-9728-4a72-a391-6d281b827085 == 36debbd5-4825-49ad-8fd2-1acdc79c38ab = false
08-17 03:50:07.688  7245  9408 D ChatMessageAdapter: ğŸ” DiffUtil areItemsTheSame: fc0d7030-7f22-4e12-862d-2f589639a9b5 == 8afc87a1-817b-4954-a619-55e4b9587e1f = false
08-17 03:50:07.688  7245  9408 D ChatMessageAdapter: ğŸ” DiffUtil areItemsTheSame: a0d8662d-9728-4a72-a391-6d281b827085 == 7693b20f-b085-4b04-b696-801f44a33fdf = false
08-17 03:50:07.688  7245  9408 D ChatMessageAdapter: ğŸ” DiffUtil areItemsTheSame: a0d8662d-9728-4a72-a391-6d281b827085 == a0d8662d-9728-4a72-a391-6d281b827085 = true
08-17 03:50:07.688  7245  9408 D ChatMessageAdapter: ğŸ” DiffUtil areItemsTheSame: fc0d7030-7f22-4e12-862d-2f589639a9b5 == fc0d7030-7f22-4e12-862d-2f589639a9b5 = true
08-17 03:50:07.688  7245  9408 D ChatMessageAdapter: ğŸ” DiffUtil areItemsTheSame: fc0d7030-7f22-4e12-862d-2f589639a9b5 == 36debbd5-4825-49ad-8fd2-1acdc79c38ab = false
08-17 03:50:07.688  7245  9408 D ChatMessageAdapter: ğŸ” DiffUtil areItemsTheSame: fc0d7030-7f22-4e12-862d-2f589639a9b5 == c124ea91-d2fe-4805-8df7-99b7152811ff = false
08-17 03:50:07.689  7245  9408 D ChatMessageAdapter: ğŸ” DiffUtil areItemsTheSame: a0d8662d-9728-4a72-a391-6d281b827085 == 8afc87a1-817b-4954-a619-55e4b9587e1f = false
08-17 03:50:07.689  7245  9408 D ChatMessageAdapter: ğŸ” DiffUtil areItemsTheSame: fc0d7030-7f22-4e12-862d-2f589639a9b5 == e924ab08-dac9-4fe9-bfbb-ff4fd4da15f3 = false
08-17 03:50:07.689  7245  9408 D ChatMessageAdapter: ğŸ” DiffUtil areItemsTheSame: a0d8662d-9728-4a72-a391-6d281b827085 == c124ea91-d2fe-4805-8df7-99b7152811ff = false
08-17 03:50:07.689  7245  9408 D ChatMessageAdapter: ğŸ” DiffUtil areItemsTheSame: fc0d7030-7f22-4e12-862d-2f589639a9b5 == 9932eda8-ceb1-40c7-b58d-b095c00df1f8 = false
08-17 03:50:07.689  7245  9408 D ChatMessageAdapter: ğŸ” DiffUtil areItemsTheSame: a0d8662d-9728-4a72-a391-6d281b827085 == e924ab08-dac9-4fe9-bfbb-ff4fd4da15f3 = false
08-17 03:50:07.689  7245  9408 D ChatMessageAdapter: ğŸ” DiffUtil areItemsTheSame: fc0d7030-7f22-4e12-862d-2f589639a9b5 == 20bc3391-cb5f-496c-8c6c-d8197e4c7b82 = false
08-17 03:50:07.689  7245  9408 D ChatMessageAdapter: ğŸ” DiffUtil areItemsTheSame: fc0d7030-7f22-4e12-862d-2f589639a9b5 == 20bc3391-cb5f-496c-8c6c-d8197e4c7b82 = false
08-17 03:50:07.689  7245  9408 D ChatMessageAdapter: ğŸ” DiffUtil areItemsTheSame: a0d8662d-9728-4a72-a391-6d281b827085 == 36debbd5-4825-49ad-8fd2-1acdc79c38ab = false
08-17 03:50:07.689  7245  9408 D ChatMessageAdapter: ğŸ” DiffUtil areItemsTheSame: fc0d7030-7f22-4e12-862d-2f589639a9b5 == af31b8cf-ed84-4117-b6f5-e6f2392551fb = false
08-17 03:50:07.689  7245  9408 D ChatMessageAdapter: ğŸ” DiffUtil areItemsTheSame: a0d8662d-9728-4a72-a391-6d281b827085 == 20bc3391-cb5f-496c-8c6c-d8197e4c7b82 = false
08-17 03:50:07.689  7245  9408 D ChatMessageAdapter: ğŸ” DiffUtil areItemsTheSame: a0d8662d-9728-4a72-a391-6d281b827085 == a0d8662d-9728-4a72-a391-6d281b827085 = true
08-17 03:50:07.689  7245  9408 D ChatMessageAdapter: ğŸ” DiffUtil areItemsTheSame: fc0d7030-7f22-4e12-862d-2f589639a9b5 == fc0d7030-7f22-4e12-862d-2f589639a9b5 = true
08-17 03:50:07.689  7245  9408 D ChatMessageAdapter: ğŸ” DiffUtil areItemsTheSame: fc0d7030-7f22-4e12-862d-2f589639a9b5 == 36debbd5-4825-49ad-8fd2-1acdc79c38ab = false
08-17 03:50:07.689  7245  9408 D ChatMessageAdapter: ğŸ” DiffUtil areItemsTheSame: fc0d7030-7f22-4e12-862d-2f589639a9b5 == 1a74a47b-f229-4f3f-a449-0d97ecb64913 = false
08-17 03:50:07.689  7245  9408 D ChatMessageAdapter: ğŸ” DiffUtil areItemsTheSame: a0d8662d-9728-4a72-a391-6d281b827085 == af31b8cf-ed84-4117-b6f5-e6f2392551fb = false
08-17 03:50:07.689  7245  9408 D ChatMessageAdapter: ğŸ” DiffUtil areItemsTheSame: fc0d7030-7f22-4e12-862d-2f589639a9b5 == fc0d7030-7f22-4e12-862d-2f589639a9b5 = true
08-17 03:50:07.689  7245  9408 D ChatMessageAdapter: ğŸ” DiffUtil areItemsTheSame: a0d8662d-9728-4a72-a391-6d281b827085 == a0d8662d-9728-4a72-a391-6d281b827085 = true
08-17 03:50:07.689  7245  9408 D ChatMessageAdapter: ğŸ” DiffUtil areItemsTheSame: a0d8662d-9728-4a72-a391-6d281b827085 == 36debbd5-4825-49ad-8fd2-1acdc79c38ab = false
08-17 03:50:07.689  7245  9408 D ChatMessageAdapter: ğŸ” DiffUtil areItemsTheSame: fc0d7030-7f22-4e12-862d-2f589639a9b5 == fc0d7030-7f22-4e12-862d-2f589639a9b5 = true
08-17 03:50:07.689  7245  9408 D ChatMessageAdapter: ğŸ” DiffUtil areItemsTheSame: a0d8662d-9728-4a72-a391-6d281b827085 == a0d8662d-9728-4a72-a391-6d281b827085 = true
08-17 03:50:07.689  7245  9408 D ChatMessageAdapter: ğŸ” DiffUtil areItemsTheSame: a0d8662d-9728-4a72-a391-6d281b827085 == a0d8662d-9728-4a72-a391-6d281b827085 = true
08-17 03:50:07.689  7245  9408 D ChatMessageAdapter: ğŸ” DiffUtil areItemsTheSame: fc0d7030-7f22-4e12-862d-2f589639a9b5 == fc0d7030-7f22-4e12-862d-2f589639a9b5 = true
08-17 03:50:07.696  7245  7245 D ChatMessageAdapter: ğŸ“ Item 1: messageId=a0d8662d-9728-4a72-a391-6d281b827085, viewType=2
08-17 03:50:07.696  7245  7245 D ChatMessageAdapter: ğŸ”¨ Creating ViewHolder for viewType=2
08-17 03:50:07.702  7245  7245 D ChatMessageAdapter: ğŸ”„ Binding position 1: messageId=a0d8662d-9728-4a72-a391-6d281b827085, isLiked=false, likeCount=0, isDeleted=false, isLocallyDeleted=false
08-17 03:50:07.702  7245  7245 D ChatMessageAdapter: ğŸ’¬ Binding message: a0d8662d-9728-4a72-a391-6d281b827085, isDeveloperDeleted: false
08-17 03:50:07.703  7245  7245 D ChatMessageAdapter: ğŸ’¬ Setting like count: 0
08-17 03:50:07.704  7245  7245 D ChatMessageAdapter: ğŸ“ Item 0: messageId=fc0d7030-7f22-4e12-862d-2f589639a9b5, viewType=2
08-17 03:50:07.704  7245  7245 D ChatMessageAdapter: ğŸ”¨ Creating ViewHolder for viewType=2
08-17 03:50:07.708  7245  7245 D ChatMessageAdapter: ğŸ”„ Binding position 0: messageId=fc0d7030-7f22-4e12-862d-2f589639a9b5, isLiked=false, likeCount=0, isDeleted=false, isLocallyDeleted=false
08-17 03:50:07.708  7245  7245 D ChatMessageAdapter: ğŸ’¬ Binding message: fc0d7030-7f22-4e12-862d-2f589639a9b5, isDeveloperDeleted: false
08-17 03:50:07.709  7245  7245 D ChatMessageAdapter: ğŸ’¬ Setting like count: 0
08-17 03:50:07.712  7245  7245 D ChatMessageAdapter: ğŸ“ Item 9: messageId=a0d8662d-9728-4a72-a391-6d281b827085, viewType=2
08-17 03:50:07.712  7245  7245 D ChatMessageAdapter: ğŸ“ Item 8: messageId=fc0d7030-7f22-4e12-862d-2f589639a9b5, viewType=2
08-17 03:50:07.712  7245  7245 D ChatMessageAdapter: ğŸ“ Item 7: messageId=1a74a47b-f229-4f3f-a449-0d97ecb64913, viewType=2
08-17 03:50:07.713  7245  7245 D ChatMessageAdapter: ğŸ”¨ Creating ViewHolder for viewType=2
08-17 03:50:07.716  7245  7245 D ChatMessageAdapter: ğŸ”„ Binding position 7: messageId=1a74a47b-f229-4f3f-a449-0d97ecb64913, isLiked=false, likeCount=0, isDeleted=true, isLocallyDeleted=false
08-17 03:50:07.716  7245  7245 D ChatMessageAdapter: ğŸ’¬ Binding message: 1a74a47b-f229-4f3f-a449-0d97ecb64913, isDeveloperDeleted: false
08-17 03:50:07.717  7245  7245 D ChatMessageAdapter: ğŸ“ Item 6: messageId=af31b8cf-ed84-4117-b6f5-e6f2392551fb, viewType=2
08-17 03:50:07.717  7245  7245 D ChatMessageAdapter: ğŸ”¨ Creating ViewHolder for viewType=2
08-17 03:50:07.720  7245  7245 D ChatMessageAdapter: ğŸ”„ Binding position 6: messageId=af31b8cf-ed84-4117-b6f5-e6f2392551fb, isLiked=false, likeCount=0, isDeleted=true, isLocallyDeleted=false
08-17 03:50:07.720  7245  7245 D ChatMessageAdapter: ğŸ’¬ Binding message: af31b8cf-ed84-4117-b6f5-e6f2392551fb, isDeveloperDeleted: false
08-17 03:50:07.721  7245  7245 D ChatMessageAdapter: ğŸ“ Item 5: messageId=20bc3391-cb5f-496c-8c6c-d8197e4c7b82, viewType=2
08-17 03:50:07.721  7245  7245 D ChatMessageAdapter: ğŸ”¨ Creating ViewHolder for viewType=2
08-17 03:50:07.724  7245  7245 D ChatMessageAdapter: ğŸ”„ Binding position 5: messageId=20bc3391-cb5f-496c-8c6c-d8197e4c7b82, isLiked=false, likeCount=0, isDeleted=true, isLocallyDeleted=false
08-17 03:50:07.724  7245  7245 D ChatMessageAdapter: ğŸ’¬ Binding message: 20bc3391-cb5f-496c-8c6c-d8197e4c7b82, isDeveloperDeleted: false
08-17 03:50:07.725  7245  7245 D ChatMessageAdapter: ğŸ“ Item 4: messageId=9932eda8-ceb1-40c7-b58d-b095c00df1f8, viewType=2
08-17 03:50:07.725  7245  7245 D ChatMessageAdapter: ğŸ”¨ Creating ViewHolder for viewType=2
08-17 03:50:07.727  7245  7245 D ChatMessageAdapter: ğŸ”„ Binding position 4: messageId=9932eda8-ceb1-40c7-b58d-b095c00df1f8, isLiked=false, likeCount=0, isDeleted=true, isLocallyDeleted=false
08-17 03:50:07.727  7245  7245 D ChatMessageAdapter: ğŸ’¬ Binding message: 9932eda8-ceb1-40c7-b58d-b095c00df1f8, isDeveloperDeleted: false
08-17 03:50:07.728  7245  7245 D ChatMessageAdapter: ğŸ“ Item 10: messageId=36debbd5-4825-49ad-8fd2-1acdc79c38ab, viewType=1
08-17 03:50:07.728  7245  7245 D ChatMessageAdapter: ğŸ”„ Binding position 10: messageId=36debbd5-4825-49ad-8fd2-1acdc79c38ab, isLiked=false, likeCount=0, isDeleted=true, isLocallyDeleted=false
08-17 03:50:07.728  7245  7245 D ChatMessageAdapter: ğŸ’¬ Binding message: 36debbd5-4825-49ad-8fd2-1acdc79c38ab, isDeveloperDeleted: false
08-17 03:50:27.146  7245  7245 D ChatMessageAdapter: ğŸ“ Item 10: messageId=36debbd5-4825-49ad-8fd2-1acdc79c38ab, viewType=1
08-17 03:50:27.146  7245  7245 D ChatMessageAdapter: ğŸ“ Item 9: messageId=a0d8662d-9728-4a72-a391-6d281b827085, viewType=2
08-17 03:50:27.146  7245  7245 D ChatMessageAdapter: ğŸ“ Item 8: messageId=fc0d7030-7f22-4e12-862d-2f589639a9b5, viewType=2
08-17 03:50:27.146  7245  7245 D ChatMessageAdapter: ğŸ“ Item 7: messageId=1a74a47b-f229-4f3f-a449-0d97ecb64913, viewType=2
08-17 03:50:27.146  7245  7245 D ChatMessageAdapter: ğŸ“ Item 6: messageId=af31b8cf-ed84-4117-b6f5-e6f2392551fb, viewType=2
08-17 03:50:27.146  7245  7245 D ChatMessageAdapter: ğŸ“ Item 5: messageId=20bc3391-cb5f-496c-8c6c-d8197e4c7b82, viewType=2
08-17 03:50:31.763  7245  7245 D ChatFragment: ğŸ”§ DEVELOPER DELETE: Making message invisible a0d8662d-9728-4a72-a391-6d281b827085
08-17 03:50:31.771  7245  8549 D ChatFragment: ğŸ”§ Message marked as developer deleted in local database
08-17 03:50:31.843  7245  7245 D ChatFragment: Received 1 messages for display
08-17 03:50:31.843  7245  9096 D ChatMessageAdapter: ğŸ” DiffUtil areItemsTheSame: 7693b20f-b085-4b04-b696-801f44a33fdf == fc0d7030-7f22-4e12-862d-2f589639a9b5 = false
08-17 03:50:31.843  7245  9096 D ChatMessageAdapter: ğŸ” DiffUtil areItemsTheSame: 36debbd5-4825-49ad-8fd2-1acdc79c38ab == fc0d7030-7f22-4e12-862d-2f589639a9b5 = false
08-17 03:50:31.843  7245  9096 D ChatMessageAdapter: ğŸ” DiffUtil areItemsTheSame: 8afc87a1-817b-4954-a619-55e4b9587e1f == fc0d7030-7f22-4e12-862d-2f589639a9b5 = false
08-17 03:50:31.843  7245  9096 D ChatMessageAdapter: ğŸ” DiffUtil areItemsTheSame: a0d8662d-9728-4a72-a391-6d281b827085 == fc0d7030-7f22-4e12-862d-2f589639a9b5 = false
08-17 03:50:31.843  7245  9096 D ChatMessageAdapter: ğŸ” DiffUtil areItemsTheSame: c124ea91-d2fe-4805-8df7-99b7152811ff == fc0d7030-7f22-4e12-862d-2f589639a9b5 = false
08-17 03:50:31.843  7245  9096 D ChatMessageAdapter: ğŸ” DiffUtil areItemsTheSame: fc0d7030-7f22-4e12-862d-2f589639a9b5 == fc0d7030-7f22-4e12-862d-2f589639a9b5 = true
08-17 03:50:31.844  7245  9096 D ChatMessageAdapter: ğŸ” DiffUtil areItemsTheSame: e924ab08-dac9-4fe9-bfbb-ff4fd4da15f3 == fc0d7030-7f22-4e12-862d-2f589639a9b5 = false
08-17 03:50:31.844  7245  9096 D ChatMessageAdapter: ğŸ” DiffUtil areItemsTheSame: 9932eda8-ceb1-40c7-b58d-b095c00df1f8 == fc0d7030-7f22-4e12-862d-2f589639a9b5 = false
08-17 03:50:31.844  7245  9096 D ChatMessageAdapter: ğŸ” DiffUtil areItemsTheSame: 20bc3391-cb5f-496c-8c6c-d8197e4c7b82 == fc0d7030-7f22-4e12-862d-2f589639a9b5 = false
08-17 03:50:31.844  7245  9096 D ChatMessageAdapter: ğŸ” DiffUtil areItemsTheSame: af31b8cf-ed84-4117-b6f5-e6f2392551fb == fc0d7030-7f22-4e12-862d-2f589639a9b5 = false
08-17 03:50:31.844  7245  9096 D ChatMessageAdapter: ğŸ” DiffUtil areItemsTheSame: 36debbd5-4825-49ad-8fd2-1acdc79c38ab == fc0d7030-7f22-4e12-862d-2f589639a9b5 = false
08-17 03:50:31.844  7245  9096 D ChatMessageAdapter: ğŸ” DiffUtil areItemsTheSame: 1a74a47b-f229-4f3f-a449-0d97ecb64913 == fc0d7030-7f22-4e12-862d-2f589639a9b5 = false
08-17 03:50:31.844  7245  9096 D ChatMessageAdapter: ğŸ” DiffUtil areItemsTheSame: a0d8662d-9728-4a72-a391-6d281b827085 == fc0d7030-7f22-4e12-862d-2f589639a9b5 = false
08-17 03:50:31.844  7245  9096 D ChatMessageAdapter: ğŸ” DiffUtil areItemsTheSame: fc0d7030-7f22-4e12-862d-2f589639a9b5 == fc0d7030-7f22-4e12-862d-2f589639a9b5 = true
08-17 03:50:31.844  7245  9096 D ChatMessageAdapter: ğŸ” DiffUtil areItemsTheSame: fc0d7030-7f22-4e12-862d-2f589639a9b5 == fc0d7030-7f22-4e12-862d-2f589639a9b5 = true
08-17 03:50:31.863  7245  7245 D ChatMessageAdapter: ğŸ“ Item 0: messageId=fc0d7030-7f22-4e12-862d-2f589639a9b5, viewType=2
08-17 03:50:31.880  7245  7245 D ChatMessageAdapter: ğŸ“ Item 0: messageId=fc0d7030-7f22-4e12-862d-2f589639a9b5, viewType=2
08-17 03:50:32.079  7245  7245 E ChatFragment: ğŸ”§ Error in developer delete
08-17 03:50:32.079  7245  7245 E ChatFragment: com.google.firebase.firestore.FirebaseFirestoreException: PERMISSION_DENIED: Missing or insufficient permissions.
08-17 03:50:32.079  7245  7245 E ChatFragment: 	at com.google.firebase.firestore.util.Util.exceptionFromStatus(Util.java:113)
08-17 03:50:32.079  7245  7245 E ChatFragment: 	at com.google.firebase.firestore.core.SyncEngine.notifyUser(SyncEngine.java:591)
08-17 03:50:32.079  7245  7245 E ChatFragment: 	at com.google.firebase.firestore.core.SyncEngine.handleRejectedWrite(SyncEngine.java:473)
08-17 03:50:32.079  7245  7245 E ChatFragment: 	at com.google.firebase.firestore.core.MemoryComponentProvider$RemoteStoreCallback.handleRejectedWrite(MemoryComponentProvider.java:140)
08-17 03:50:32.079  7245  7245 E ChatFragment: 	at com.google.firebase.firestore.remote.RemoteStore.handleWriteError(RemoteStore.java:743)
08-17 03:50:32.079  7245  7245 E ChatFragment: 	at com.google.firebase.firestore.remote.RemoteStore.handleWriteStreamClose(RemoteStore.java:699)
08-17 03:50:32.079  7245  7245 E ChatFragment: 	at com.google.firebase.firestore.remote.RemoteStore.access$600(RemoteStore.java:60)
08-17 03:50:32.079  7245  7245 E ChatFragment: 	at com.google.firebase.firestore.remote.RemoteStore$2.onClose(RemoteStore.java:213)
08-17 03:50:32.079  7245  7245 E ChatFragment: 	at com.google.firebase.firestore.remote.AbstractStream.close(AbstractStream.java:356)
08-17 03:50:32.079  7245  7245 E ChatFragment: 	at com.google.firebase.firestore.remote.AbstractStream.handleServerClose(AbstractStream.java:410)
08-17 03:50:32.079  7245  7245 E ChatFragment: 	at com.google.firebase.firestore.remote.AbstractStream$StreamObserver.lambda$onClose$3$com-google-firebase-firestore-remote-AbstractStream$StreamObserver(AbstractStream.java:151)
08-17 03:50:32.079  7245  7245 E ChatFragment: 	at com.google.firebase.firestore.remote.AbstractStream$StreamObserver$$ExternalSyntheticLambda3.run(D8$$SyntheticClass:0)
08-17 03:50:32.079  7245  7245 E ChatFragment: 	at com.google.firebase.firestore.remote.AbstractStream$CloseGuardedRunner.run(AbstractStream.java:67)
08-17 03:50:32.079  7245  7245 E ChatFragment: 	at com.google.firebase.firestore.remote.AbstractStream$StreamObserver.onClose(AbstractStream.java:137)
08-17 03:50:32.079  7245  7245 E ChatFragment: 	at com.google.firebase.firestore.remote.FirestoreChannel$1.onClose(FirestoreChannel.java:151)
08-17 03:50:32.079  7245  7245 E ChatFragment: 	at io.grpc.internal.ClientCallImpl.closeObserver(ClientCallImpl.java:576)
08-17 03:50:32.079  7245  7245 E ChatFragment: 	at io.grpc.internal.ClientCallImpl.access$300(ClientCallImpl.java:70)
08-17 03:50:32.079  7245  7245 E ChatFragment: 	at io.grpc.internal.ClientCallImpl$ClientStreamListenerImpl$1StreamClosed.runInternal(ClientCallImpl.java:757)
08-17 03:50:32.079  7245  7245 E ChatFragment: 	at io.grpc.internal.ClientCallImpl$ClientStreamListenerImpl$1StreamClosed.runInContext(ClientCallImpl.java:736)
08-17 03:50:32.079  7245  7245 E ChatFragment: 	at io.grpc.internal.ContextRunnable.run(ContextRunnable.java:37)
08-17 03:50:32.079  7245  7245 E ChatFragment: 	at io.grpc.internal.SerializingExecutor.run(SerializingExecutor.java:133)
08-17 03:50:32.079  7245  7245 E ChatFragment: 	at java.util.concurrent.Executors$RunnableAdapter.call(Executors.java:524)
08-17 03:50:32.079  7245  7245 E ChatFragment: 	at java.util.concurrent.FutureTask.run(FutureTask.java:317)
08-17 03:50:32.079  7245  7245 E ChatFragment: 	at java.util.concurrent.ScheduledThreadPoolExecutor$ScheduledFutureTask.run(ScheduledThreadPoolExecutor.java:348)
08-17 03:50:32.079  7245  7245 E ChatFragment: 	at java.util.concurrent.ThreadPoolExecutor.runWorker(ThreadPoolExecutor.java:1156)
08-17 03:50:32.079  7245  7245 E ChatFragment: 	at java.util.concurrent.ThreadPoolExecutor$Worker.run(ThreadPoolExecutor.java:651)
08-17 03:50:32.079  7245  7245 E ChatFragment: 	at com.google.firebase.firestore.util.AsyncQueue$SynchronizedShutdownAwareExecutor$DelayedStartFactory.run(AsyncQueue.java:235)
08-17 03:50:32.079  7245  7245 E ChatFragment: 	at java.lang.Thread.run(Thread.java:1119)
08-17 03:50:32.079  7245  7245 E ChatFragment: Caused by: io.grpc.StatusException: PERMISSION_DENIED: Missing or insufficient permissions.
08-17 03:50:32.079  7245  7245 E ChatFragment: 	at io.grpc.Status.asException(Status.java:547)
08-17 03:50:32.079  7245  7245 E ChatFragment: 	at com.google.firebase.firestore.util.Util.exceptionFromStatus(Util.java:111)
08-17 03:50:32.079  7245  7245 E ChatFragment: 	... 27 more
08-17 03:50:32.083  7245  7245 I Toast   : show: caller = com.sam.cloudcounter.ChatFragment$handleDeveloperDelete$1$3.invokeSuspend:2165 
08-17 03:50:32.122  7245  7245 D ChatFragment: Received 2 messages for display
08-17 03:50:32.123  7245  9408 D ChatMessageAdapter: ğŸ” DiffUtil areItemsTheSame: fc0d7030-7f22-4e12-862d-2f589639a9b5 == fc0d7030-7f22-4e12-862d-2f589639a9b5 = true
08-17 03:50:32.123  7245  9408 D ChatMessageAdapter: ğŸ” DiffUtil areItemsTheSame: fc0d7030-7f22-4e12-862d-2f589639a9b5 == a0d8662d-9728-4a72-a391-6d281b827085 = false
08-17 03:50:32.123  7245  9408 D ChatMessageAdapter: ğŸ” DiffUtil areItemsTheSame: fc0d7030-7f22-4e12-862d-2f589639a9b5 == fc0d7030-7f22-4e12-862d-2f589639a9b5 = true
08-17 03:50:32.123  7245  9408 D ChatMessageAdapter: ğŸ” DiffUtil areItemsTheSame: fc0d7030-7f22-4e12-862d-2f589639a9b5 == fc0d7030-7f22-4e12-862d-2f589639a9b5 = true
08-17 03:50:32.129  7245  7245 D ChatMessageAdapter: ğŸ“ Item 0: messageId=fc0d7030-7f22-4e12-862d-2f589639a9b5, viewType=2
08-17 03:50:32.129  7245  7245 D ChatMessageAdapter: ğŸ“ Item 1: messageId=a0d8662d-9728-4a72-a391-6d281b827085, viewType=2
08-17 03:50:32.129  7245  7245 D ChatMessageAdapter: ğŸ”„ Binding position 1: messageId=a0d8662d-9728-4a72-a391-6d281b827085, isLiked=false, likeCount=0, isDeleted=false, isLocallyDeleted=false
08-17 03:50:32.129  7245  7245 D ChatMessageAdapter: ğŸ’¬ Binding message: a0d8662d-9728-4a72-a391-6d281b827085, isDeveloperDeleted: false
08-17 03:50:32.130  7245  7245 D ChatMessageAdapter: ğŸ’¬ Setting like count: 0
08-17 03:50:32.146  7245  7245 D ChatMessageAdapter: ğŸ“ Item 1: messageId=a0d8662d-9728-4a72-a391-6d281b827085, viewType=2
08-17 03:50:32.146  7245  7245 D ChatMessageAdapter: ğŸ“ Item 0: messageId=fc0d7030-7f22-4e12-862d-2f589639a9b5, viewType=2
08-17 03:50:33.782  7245  7245 D ChatMessageAdapter: ğŸ“ Item 1: messageId=a0d8662d-9728-4a72-a391-6d281b827085, viewType=2
08-17 03:50:33.782  7245  7245 D ChatMessageAdapter: ğŸ“ Item 0: messageId=fc0d7030-7f22-4e12-862d-2f589639a9b5, viewType=2
08-17 03:50:39.542  7245  7245 D ChatMessageAdapter: ğŸ“ Item 0: messageId=fc0d7030-7f22-4e12-862d-2f589639a9b5, viewType=2
08-17 03:50:39.542  7245  7245 D ChatMessageAdapter: ğŸ“ Item 1: messageId=a0d8662d-9728-4a72-a391-6d281b827085, viewType=2
08-17 03:50:43.161  7245  7245 D ChatFragment: Sending message: sup to room: public
08-17 03:50:43.170  7245  7245 D ChatFragment: Received 3 messages for display
08-17 03:50:43.171  7245  9096 D ChatMessageAdapter: ğŸ” DiffUtil areItemsTheSame: fc0d7030-7f22-4e12-862d-2f589639a9b5 == fc0d7030-7f22-4e12-862d-2f589639a9b5 = true
08-17 03:50:43.171  7245  9096 D ChatMessageAdapter: ğŸ” DiffUtil areItemsTheSame: a0d8662d-9728-4a72-a391-6d281b827085 == a0d8662d-9728-4a72-a391-6d281b827085 = true
08-17 03:50:43.171  7245  9096 D ChatMessageAdapter: ğŸ” DiffUtil areItemsTheSame: a0d8662d-9728-4a72-a391-6d281b827085 == 34cebd34-5864-4bac-8437-fb193bc9ecdc = false
08-17 03:50:43.171  7245  9096 D ChatMessageAdapter: ğŸ” DiffUtil areItemsTheSame: fc0d7030-7f22-4e12-862d-2f589639a9b5 == fc0d7030-7f22-4e12-862d-2f589639a9b5 = true
08-17 03:50:43.171  7245  9096 D ChatMessageAdapter: ğŸ” DiffUtil areItemsTheSame: a0d8662d-9728-4a72-a391-6d281b827085 == a0d8662d-9728-4a72-a391-6d281b827085 = true
08-17 03:50:43.171  7245  9096 D ChatMessageAdapter: ğŸ” DiffUtil areItemsTheSame: a0d8662d-9728-4a72-a391-6d281b827085 == a0d8662d-9728-4a72-a391-6d281b827085 = true
08-17 03:50:43.171  7245  9096 D ChatMessageAdapter: ğŸ” DiffUtil areItemsTheSame: fc0d7030-7f22-4e12-862d-2f589639a9b5 == fc0d7030-7f22-4e12-862d-2f589639a9b5 = true
08-17 03:50:43.192  7245  7245 D ChatMessageAdapter: ğŸ“ Item 0: messageId=fc0d7030-7f22-4e12-862d-2f589639a9b5, viewType=2
08-17 03:50:43.192  7245  7245 D ChatMessageAdapter: ğŸ“ Item 1: messageId=a0d8662d-9728-4a72-a391-6d281b827085, viewType=2
08-17 03:50:43.211  7245  7245 D ChatMessageAdapter: ğŸ“ Item 2: messageId=34cebd34-5864-4bac-8437-fb193bc9ecdc, viewType=1
08-17 03:50:43.211  7245  7245 D ChatMessageAdapter: ğŸ”„ Binding position 2: messageId=34cebd34-5864-4bac-8437-fb193bc9ecdc, isLiked=false, likeCount=0, isDeleted=false, isLocallyDeleted=false
08-17 03:50:43.211  7245  7245 D ChatMessageAdapter: ğŸ’¬ Binding message: 34cebd34-5864-4bac-8437-fb193bc9ecdc, isDeveloperDeleted: false
08-17 03:50:43.211  7245  7245 D ChatMessageAdapter: ğŸ’¬ Setting like count: 0
08-17 03:50:43.237  7245  7245 D ChatFragment: Received 3 messages for display
08-17 03:50:43.238  7245  9408 D ChatMessageAdapter: ğŸ” DiffUtil areItemsTheSame: fc0d7030-7f22-4e12-862d-2f589639a9b5 == fc0d7030-7f22-4e12-862d-2f589639a9b5 = true
08-17 03:50:43.238  7245  9408 D ChatMessageAdapter: ğŸ” DiffUtil areItemsTheSame: a0d8662d-9728-4a72-a391-6d281b827085 == a0d8662d-9728-4a72-a391-6d281b827085 = true
08-17 03:50:43.238  7245  9408 D ChatMessageAdapter: ğŸ” DiffUtil areItemsTheSame: 34cebd34-5864-4bac-8437-fb193bc9ecdc == 34cebd34-5864-4bac-8437-fb193bc9ecdc = true
08-17 03:50:43.238  7245  9408 D ChatMessageAdapter: ğŸ” DiffUtil areItemsTheSame: 34cebd34-5864-4bac-8437-fb193bc9ecdc == 34cebd34-5864-4bac-8437-fb193bc9ecdc = true
08-17 03:50:43.238  7245  9408 D ChatMessageAdapter: ğŸ” DiffUtil areItemsTheSame: a0d8662d-9728-4a72-a391-6d281b827085 == a0d8662d-9728-4a72-a391-6d281b827085 = true
08-17 03:50:43.238  7245  9408 D ChatMessageAdapter: ğŸ” DiffUtil areItemsTheSame: fc0d7030-7f22-4e12-862d-2f589639a9b5 == fc0d7030-7f22-4e12-862d-2f589639a9b5 = true
08-17 03:50:43.238  7245  9408 D ChatMessageAdapter: ğŸ” DiffUtil contents changed for 34cebd34-5864-4bac-8437-fb193bc9ecdc: likes 0->0, deleted false->false
08-17 03:50:43.258  7245  7245 D ChatMessageAdapter: ğŸ“ Item 2: messageId=34cebd34-5864-4bac-8437-fb193bc9ecdc, viewType=1
08-17 03:50:43.259  7245  7245 D ChatMessageAdapter: ğŸ”„ Binding position 2: messageId=34cebd34-5864-4bac-8437-fb193bc9ecdc, isLiked=false, likeCount=0, isDeleted=false, isLocallyDeleted=false
08-17 03:50:43.259  7245  7245 D ChatMessageAdapter: ğŸ’¬ Binding message: 34cebd34-5864-4bac-8437-fb193bc9ecdc, isDeveloperDeleted: false
08-17 03:50:43.259  7245  7245 D ChatMessageAdapter: ğŸ’¬ Setting like count: 0
08-17 03:50:43.275  7245  7245 D ChatMessageAdapter: ğŸ“ Item 2: messageId=34cebd34-5864-4bac-8437-fb193bc9ecdc, viewType=1
08-17 03:50:44.060  7245  7245 D ChatMessageAdapter: ğŸ“ Item 2: messageId=34cebd34-5864-4bac-8437-fb193bc9ecdc, viewType=1
08-17 03:50:44.061  7245  7245 D ChatMessageAdapter: ğŸ“ Item 1: messageId=a0d8662d-9728-4a72-a391-6d281b827085, viewType=2
08-17 03:50:44.061  7245  7245 D ChatMessageAdapter: ğŸ“ Item 0: messageId=fc0d7030-7f22-4e12-862d-2f589639a9b5, viewType=2
08-17 03:50:46.345  7245  7245 D ChatMessageAdapter: ğŸ“ Item 2: messageId=34cebd34-5864-4bac-8437-fb193bc9ecdc, viewType=1
08-17 03:50:46.345  7245  7245 D ChatMessageAdapter: ğŸ“ Item 1: messageId=a0d8662d-9728-4a72-a391-6d281b827085, viewType=2
08-17 03:50:46.345  7245  7245 D ChatMessageAdapter: ğŸ“ Item 0: messageId=fc0d7030-7f22-4e12-862d-2f589639a9b5, viewType=2
08-17 03:50:47.199  7245  7245 D ChatFragment: Received 2 messages for display
08-17 03:50:47.199  7245  9096 D ChatMessageAdapter: ğŸ” DiffUtil areItemsTheSame: fc0d7030-7f22-4e12-862d-2f589639a9b5 == fc0d7030-7f22-4e12-862d-2f589639a9b5 = true
08-17 03:50:47.199  7245  9096 D ChatMessageAdapter: ğŸ” DiffUtil areItemsTheSame: a0d8662d-9728-4a72-a391-6d281b827085 == a0d8662d-9728-4a72-a391-6d281b827085 = true
08-17 03:50:47.200  7245  9096 D ChatMessageAdapter: ğŸ” DiffUtil areItemsTheSame: 34cebd34-5864-4bac-8437-fb193bc9ecdc == a0d8662d-9728-4a72-a391-6d281b827085 = false
08-17 03:50:47.200  7245  9096 D ChatMessageAdapter: ğŸ” DiffUtil areItemsTheSame: fc0d7030-7f22-4e12-862d-2f589639a9b5 == fc0d7030-7f22-4e12-862d-2f589639a9b5 = true
08-17 03:50:47.200  7245  9096 D ChatMessageAdapter: ğŸ” DiffUtil areItemsTheSame: a0d8662d-9728-4a72-a391-6d281b827085 == a0d8662d-9728-4a72-a391-6d281b827085 = true
08-17 03:50:47.200  7245  9096 D ChatMessageAdapter: ğŸ” DiffUtil areItemsTheSame: a0d8662d-9728-4a72-a391-6d281b827085 == a0d8662d-9728-4a72-a391-6d281b827085 = true
08-17 03:50:47.200  7245  9096 D ChatMessageAdapter: ğŸ” DiffUtil areItemsTheSame: fc0d7030-7f22-4e12-862d-2f589639a9b5 == fc0d7030-7f22-4e12-862d-2f589639a9b5 = true
08-17 03:50:47.210  7245  7245 D ChatMessageAdapter: ğŸ“ Item 1: messageId=a0d8662d-9728-4a72-a391-6d281b827085, viewType=2
08-17 03:50:47.210  7245  7245 D ChatMessageAdapter: ğŸ“ Item 0: messageId=fc0d7030-7f22-4e12-862d-2f589639a9b5, viewType=2
08-17 03:50:47.226  7245  7245 D ChatMessageAdapter: ğŸ“ Item 1: messageId=a0d8662d-9728-4a72-a391-6d281b827085, viewType=2
08-17 03:50:47.226  7245  7245 D ChatMessageAdapter: ğŸ“ Item 0: messageId=fc0d7030-7f22-4e12-862d-2f589639a9b5, viewType=2
08-17 03:50:47.246  7245  7245 D ChatFragment: Message deleted for everyone
08-17 03:50:47.261  7245  7245 D ChatFragment: Loading 12 messages from local DB
08-17 03:50:47.261  7245  7245 D ChatFragment: User has liked 0 messages
08-17 03:50:47.261  7245  7245 D ChatFragment: Locally deleted messages: 0
08-17 03:50:47.261  7245  7245 D ChatMessageAdapter: ğŸ’— Updating liked messages: old=0, new=0
08-17 03:50:47.261  7245  7245 D ChatMessageAdapter: ğŸ’— Liked message IDs: []
08-17 03:50:47.262  7245  7245 D ChatMessageAdapter: ğŸ—‘ï¸ Updating locally deleted: 0 messages
08-17 03:50:47.262  7245  9408 D ChatMessageAdapter: ğŸ” DiffUtil areItemsTheSame: fc0d7030-7f22-4e12-862d-2f589639a9b5 == 7693b20f-b085-4b04-b696-801f44a33fdf = false
08-17 03:50:47.263  7245  9408 D ChatMessageAdapter: ğŸ” DiffUtil areItemsTheSame: a0d8662d-9728-4a72-a391-6d281b827085 == 34cebd34-5864-4bac-8437-fb193bc9ecdc = false
08-17 03:50:47.263  7245  9408 D ChatMessageAdapter: ğŸ” DiffUtil areItemsTheSame: fc0d7030-7f22-4e12-862d-2f589639a9b5 == 8afc87a1-817b-4954-a619-55e4b9587e1f = false
08-17 03:50:47.263  7245  9408 D ChatMessageAdapter: ğŸ” DiffUtil areItemsTheSame: a0d8662d-9728-4a72-a391-6d281b827085 == 7693b20f-b085-4b04-b696-801f44a33fdf = false
08-17 03:50:47.263  7245  9408 D ChatMessageAdapter: ğŸ” DiffUtil areItemsTheSame: a0d8662d-9728-4a72-a391-6d281b827085 == 36debbd5-4825-49ad-8fd2-1acdc79c38ab = false
08-17 03:50:47.263  7245  9408 D ChatMessageAdapter: ğŸ” DiffUtil areItemsTheSame: fc0d7030-7f22-4e12-862d-2f589639a9b5 == 34cebd34-5864-4bac-8437-fb193bc9ecdc = false
08-17 03:50:47.263  7245  9408 D ChatMessageAdapter: ğŸ” DiffUtil areItemsTheSame: fc0d7030-7f22-4e12-862d-2f589639a9b5 == c124ea91-d2fe-4805-8df7-99b7152811ff = false
08-17 03:50:47.263  7245  9408 D ChatMessageAdapter: ğŸ” DiffUtil areItemsTheSame: a0d8662d-9728-4a72-a391-6d281b827085 == 8afc87a1-817b-4954-a619-55e4b9587e1f = false
08-17 03:50:47.263  7245  9408 D ChatMessageAdapter: ğŸ” DiffUtil areItemsTheSame: a0d8662d-9728-4a72-a391-6d281b827085 == a0d8662d-9728-4a72-a391-6d281b827085 = true
08-17 03:50:47.263  7245  9408 D ChatMessageAdapter: ğŸ” DiffUtil areItemsTheSame: fc0d7030-7f22-4e12-862d-2f589639a9b5 == fc0d7030-7f22-4e12-862d-2f589639a9b5 = true
08-17 03:50:47.263  7245  9408 D ChatMessageAdapter: ğŸ” DiffUtil areItemsTheSame: fc0d7030-7f22-4e12-862d-2f589639a9b5 == 36debbd5-4825-49ad-8fd2-1acdc79c38ab = false
08-17 03:50:47.263  7245  9408 D ChatMessageAdapter: ğŸ” DiffUtil areItemsTheSame: fc0d7030-7f22-4e12-862d-2f589639a9b5 == e924ab08-dac9-4fe9-bfbb-ff4fd4da15f3 = false
08-17 03:50:47.263  7245  9408 D ChatMessageAdapter: ğŸ” DiffUtil areItemsTheSame: a0d8662d-9728-4a72-a391-6d281b827085 == c124ea91-d2fe-4805-8df7-99b7152811ff = false
08-17 03:50:47.263  7245  9408 D ChatMessageAdapter: ğŸ” DiffUtil areItemsTheSame: fc0d7030-7f22-4e12-862d-2f589639a9b5 == 9932eda8-ceb1-40c7-b58d-b095c00df1f8 = false
08-17 03:50:47.263  7245  9408 D ChatMessageAdapter: ğŸ” DiffUtil areItemsTheSame: a0d8662d-9728-4a72-a391-6d281b827085 == e924ab08-dac9-4fe9-bfbb-ff4fd4da15f3 = false
08-17 03:50:47.263  7245  9408 D ChatMessageAdapter: ğŸ” DiffUtil areItemsTheSame: fc0d7030-7f22-4e12-862d-2f589639a9b5 == 20bc3391-cb5f-496c-8c6c-d8197e4c7b82 = false
08-17 03:50:47.263  7245  9408 D ChatMessageAdapter: ğŸ” DiffUtil areItemsTheSame: a0d8662d-9728-4a72-a391-6d281b827085 == 9932eda8-ceb1-40c7-b58d-b095c00df1f8 = false
08-17 03:50:47.263  7245  9408 D ChatMessageAdapter: ğŸ” DiffUtil areItemsTheSame: fc0d7030-7f22-4e12-862d-2f589639a9b5 == af31b8cf-ed84-4117-b6f5-e6f2392551fb = false
08-17 03:50:47.263  7245  9408 D ChatMessageAdapter: ğŸ” DiffUtil areItemsTheSame: a0d8662d-9728-4a72-a391-6d281b827085 == 34cebd34-5864-4bac-8437-fb193bc9ecdc = false
08-17 03:50:47.263  7245  9408 D ChatMessageAdapter: ğŸ” DiffUtil areItemsTheSame: fc0d7030-7f22-4e12-862d-2f589639a9b5 == 1a74a47b-f229-4f3f-a449-0d97ecb64913 = false
08-17 03:50:47.263  7245  9408 D ChatMessageAdapter: ğŸ” DiffUtil areItemsTheSame: a0d8662d-9728-4a72-a391-6d281b827085 == af31b8cf-ed84-4117-b6f5-e6f2392551fb = false
08-17 03:50:47.263  7245  9408 D ChatMessageAdapter: ğŸ” DiffUtil areItemsTheSame: a0d8662d-9728-4a72-a391-6d281b827085 == 36debbd5-4825-49ad-8fd2-1acdc79c38ab = false
08-17 03:50:47.263  7245  9408 D ChatMessageAdapter: ğŸ” DiffUtil areItemsTheSame: fc0d7030-7f22-4e12-862d-2f589639a9b5 == 34cebd34-5864-4bac-8437-fb193bc9ecdc = false
08-17 03:50:47.263  7245  9408 D ChatMessageAdapter: ğŸ” DiffUtil areItemsTheSame: fc0d7030-7f22-4e12-862d-2f589639a9b5 == fc0d7030-7f22-4e12-862d-2f589639a9b5 = true
08-17 03:50:47.263  7245  9408 D ChatMessageAdapter: ğŸ” DiffUtil areItemsTheSame: a0d8662d-9728-4a72-a391-6d281b827085 == a0d8662d-9728-4a72-a391-6d281b827085 = true
08-17 03:50:47.263  7245  9408 D ChatMessageAdapter: ğŸ” DiffUtil areItemsTheSame: a0d8662d-9728-4a72-a391-6d281b827085 == 1a74a47b-f229-4f3f-a449-0d97ecb64913 = false
08-17 03:50:47.263  7245  9408 D ChatMessageAdapter: ğŸ” DiffUtil areItemsTheSame: a0d8662d-9728-4a72-a391-6d281b827085 == a0d8662d-9728-4a72-a391-6d281b827085 = true
08-17 03:50:47.263  7245  9408 D ChatMessageAdapter: ğŸ” DiffUtil areItemsTheSame: fc0d7030-7f22-4e12-862d-2f589639a9b5 == fc0d7030-7f22-4e12-862d-2f589639a9b5 = true
08-17 03:50:47.277  7245  7245 D ChatMessageAdapter: ğŸ“ Item 1: messageId=a0d8662d-9728-4a72-a391-6d281b827085, viewType=2
08-17 03:50:47.277  7245  7245 D ChatMessageAdapter: ğŸ”„ Binding position 1: messageId=a0d8662d-9728-4a72-a391-6d281b827085, isLiked=false, likeCount=0, isDeleted=false, isLocallyDeleted=false
08-17 03:50:47.277  7245  7245 D ChatMessageAdapter: ğŸ’¬ Binding message: a0d8662d-9728-4a72-a391-6d281b827085, isDeveloperDeleted: false
08-17 03:50:47.278  7245  7245 D ChatMessageAdapter: ğŸ’¬ Setting like count: 0
08-17 03:50:47.279  7245  7245 D ChatMessageAdapter: ğŸ“ Item 0: messageId=fc0d7030-7f22-4e12-862d-2f589639a9b5, viewType=2
08-17 03:50:47.279  7245  7245 D ChatMessageAdapter: ğŸ”„ Binding position 0: messageId=fc0d7030-7f22-4e12-862d-2f589639a9b5, isLiked=false, likeCount=0, isDeleted=false, isLocallyDeleted=false
08-17 03:50:47.279  7245  7245 D ChatMessageAdapter: ğŸ’¬ Binding message: fc0d7030-7f22-4e12-862d-2f589639a9b5, isDeveloperDeleted: false
08-17 03:50:47.279  7245  7245 D ChatMessageAdapter: ğŸ’¬ Setting like count: 0
08-17 03:50:47.293  7245  7245 D ChatMessageAdapter: ğŸ“ Item 9: messageId=a0d8662d-9728-4a72-a391-6d281b827085, viewType=2
08-17 03:50:47.293  7245  7245 D ChatMessageAdapter: ğŸ“ Item 8: messageId=fc0d7030-7f22-4e12-862d-2f589639a9b5, viewType=2
08-17 03:50:47.293  7245  7245 D ChatMessageAdapter: ğŸ“ Item 7: messageId=1a74a47b-f229-4f3f-a449-0d97ecb64913, viewType=2
08-17 03:50:47.293  7245  7245 D ChatMessageAdapter: ğŸ”„ Binding position 7: messageId=1a74a47b-f229-4f3f-a449-0d97ecb64913, isLiked=false, likeCount=0, isDeleted=true, isLocallyDeleted=false
08-17 03:50:47.293  7245  7245 D ChatMessageAdapter: ğŸ’¬ Binding message: 1a74a47b-f229-4f3f-a449-0d97ecb64913, isDeveloperDeleted: false
08-17 03:50:47.294  7245  7245 D ChatMessageAdapter: ğŸ“ Item 6: messageId=af31b8cf-ed84-4117-b6f5-e6f2392551fb, viewType=2
08-17 03:50:47.294  7245  7245 D ChatMessageAdapter: ğŸ”„ Binding position 6: messageId=af31b8cf-ed84-4117-b6f5-e6f2392551fb, isLiked=false, likeCount=0, isDeleted=true, isLocallyDeleted=false
08-17 03:50:47.294  7245  7245 D ChatMessageAdapter: ğŸ’¬ Binding message: af31b8cf-ed84-4117-b6f5-e6f2392551fb, isDeveloperDeleted: false
08-17 03:50:47.295  7245  7245 D ChatMessageAdapter: ğŸ“ Item 5: messageId=20bc3391-cb5f-496c-8c6c-d8197e4c7b82, viewType=2
08-17 03:50:47.295  7245  7245 D ChatMessageAdapter: ğŸ”¨ Creating ViewHolder for viewType=2
08-17 03:50:47.302  7245  7245 D ChatMessageAdapter: ğŸ”„ Binding position 5: messageId=20bc3391-cb5f-496c-8c6c-d8197e4c7b82, isLiked=false, likeCount=0, isDeleted=true, isLocallyDeleted=false
08-17 03:50:47.302  7245  7245 D ChatMessageAdapter: ğŸ’¬ Binding message: 20bc3391-cb5f-496c-8c6c-d8197e4c7b82, isDeveloperDeleted: false
08-17 03:50:47.304  7245  7245 D ChatMessageAdapter: ğŸ“ Item 4: messageId=9932eda8-ceb1-40c7-b58d-b095c00df1f8, viewType=2
08-17 03:50:47.304  7245  7245 D ChatMessageAdapter: ğŸ”¨ Creating ViewHolder for viewType=2
08-17 03:50:47.309  7245  7245 D ChatMessageAdapter: ğŸ”„ Binding position 4: messageId=9932eda8-ceb1-40c7-b58d-b095c00df1f8, isLiked=false, likeCount=0, isDeleted=true, isLocallyDeleted=false
08-17 03:50:47.309  7245  7245 D ChatMessageAdapter: ğŸ’¬ Binding message: 9932eda8-ceb1-40c7-b58d-b095c00df1f8, isDeveloperDeleted: false
08-17 03:50:47.310  7245  7245 D ChatMessageAdapter: ğŸ“ Item 10: messageId=36debbd5-4825-49ad-8fd2-1acdc79c38ab, viewType=1
08-17 03:50:47.311  7245  7245 D ChatMessageAdapter: ğŸ”„ Binding position 10: messageId=36debbd5-4825-49ad-8fd2-1acdc79c38ab, isLiked=false, likeCount=0, isDeleted=true, isLocallyDeleted=false
08-17 03:50:47.311  7245  7245 D ChatMessageAdapter: ğŸ’¬ Binding message: 36debbd5-4825-49ad-8fd2-1acdc79c38ab, isDeveloperDeleted: false
08-17 03:51:14.831  7245  7245 D ChatMessageAdapter: ğŸ“ Item 5: messageId=20bc3391-cb5f-496c-8c6c-d8197e4c7b82, viewType=2
08-17 03:51:14.831  7245  7245 D ChatMessageAdapter: ğŸ“ Item 6: messageId=af31b8cf-ed84-4117-b6f5-e6f2392551fb, viewType=2
08-17 03:51:14.832  7245  7245 D ChatMessageAdapter: ğŸ“ Item 7: messageId=1a74a47b-f229-4f3f-a449-0d97ecb64913, viewType=2
08-17 03:51:14.832  7245  7245 D ChatMessageAdapter: ğŸ“ Item 8: messageId=fc0d7030-7f22-4e12-862d-2f589639a9b5, viewType=2
08-17 03:51:14.833  7245  7245 D ChatMessageAdapter: ğŸ“ Item 9: messageId=a0d8662d-9728-4a72-a391-6d281b827085, viewType=2
08-17 03:51:14.833  7245  7245 D ChatMessageAdapter: ğŸ“ Item 10: messageId=36debbd5-4825-49ad-8fd2-1acdc79c38ab, viewType=1
08-17 03:51:18.314  7245  7245 D ChatFragment: Sending message: test1 to room: public
08-17 03:51:18.324  7245  7245 D ChatFragment: Received 3 messages for display
08-17 03:51:18.324  7245  9096 D ChatMessageAdapter: ğŸ” DiffUtil areItemsTheSame: 7693b20f-b085-4b04-b696-801f44a33fdf == fc0d7030-7f22-4e12-862d-2f589639a9b5 = false
08-17 03:51:18.324  7245  9096 D ChatMessageAdapter: ğŸ” DiffUtil areItemsTheSame: 34cebd34-5864-4bac-8437-fb193bc9ecdc == 258a2d7b-9fb8-434b-8004-c8ad026d485c = false
08-17 03:51:18.324  7245  9096 D ChatMessageAdapter: ğŸ” DiffUtil areItemsTheSame: 7693b20f-b085-4b04-b696-801f44a33fdf == a0d8662d-9728-4a72-a391-6d281b827085 = false
08-17 03:51:18.324  7245  9096 D ChatMessageAdapter: ğŸ” DiffUtil areItemsTheSame: 8afc87a1-817b-4954-a619-55e4b9587e1f == fc0d7030-7f22-4e12-862d-2f589639a9b5 = false
08-17 03:51:18.324  7245  9096 D ChatMessageAdapter: ğŸ” DiffUtil areItemsTheSame: 34cebd34-5864-4bac-8437-fb193bc9ecdc == a0d8662d-9728-4a72-a391-6d281b827085 = false
08-17 03:51:18.325  7245  9096 D ChatMessageAdapter: ğŸ” DiffUtil areItemsTheSame: 36debbd5-4825-49ad-8fd2-1acdc79c38ab == 258a2d7b-9fb8-434b-8004-c8ad026d485c = false
08-17 03:51:18.325  7245  9096 D ChatMessageAdapter: ğŸ” DiffUtil areItemsTheSame: 7693b20f-b085-4b04-b696-801f44a33fdf == 258a2d7b-9fb8-434b-8004-c8ad026d485c = false
08-17 03:51:18.325  7245  9096 D ChatMessageAdapter: ğŸ” DiffUtil areItemsTheSame: 8afc87a1-817b-4954-a619-55e4b9587e1f == a0d8662d-9728-4a72-a391-6d281b827085 = false
08-17 03:51:18.325  7245  9096 D ChatMessageAdapter: ğŸ” DiffUtil areItemsTheSame: c124ea91-d2fe-4805-8df7-99b7152811ff == fc0d7030-7f22-4e12-862d-2f589639a9b5 = false
08-17 03:51:18.325  7245  9096 D ChatMessageAdapter: ğŸ” DiffUtil areItemsTheSame: 34cebd34-5864-4bac-8437-fb193bc9ecdc == fc0d7030-7f22-4e12-862d-2f589639a9b5 = false
08-17 03:51:18.325  7245  9096 D ChatMessageAdapter: ğŸ” DiffUtil areItemsTheSame: 36debbd5-4825-49ad-8fd2-1acdc79c38ab == a0d8662d-9728-4a72-a391-6d281b827085 = false
08-17 03:51:18.325  7245  9096 D ChatMessageAdapter: ğŸ” DiffUtil areItemsTheSame: a0d8662d-9728-4a72-a391-6d281b827085 == 258a2d7b-9fb8-434b-8004-c8ad026d485c = false
08-17 03:51:18.325  7245  9096 D ChatMessageAdapter: ğŸ” DiffUtil areItemsTheSame: 8afc87a1-817b-4954-a619-55e4b9587e1f == 258a2d7b-9fb8-434b-8004-c8ad026d485c = false
08-17 03:51:18.325  7245  9096 D ChatMessageAdapter: ğŸ” DiffUtil areItemsTheSame: c124ea91-d2fe-4805-8df7-99b7152811ff == a0d8662d-9728-4a72-a391-6d281b827085 = false
08-17 03:51:18.325  7245  9096 D ChatMessageAdapter: ğŸ” DiffUtil areItemsTheSame: e924ab08-dac9-4fe9-bfbb-ff4fd4da15f3 == fc0d7030-7f22-4e12-862d-2f589639a9b5 = false
08-17 03:51:18.325  7245  9096 D ChatMessageAdapter: ğŸ” DiffUtil areItemsTheSame: 36debbd5-4825-49ad-8fd2-1acdc79c38ab == fc0d7030-7f22-4e12-862d-2f589639a9b5 = false
08-17 03:51:18.325  7245  9096 D ChatMessageAdapter: ğŸ” DiffUtil areItemsTheSame: a0d8662d-9728-4a72-a391-6d281b827085 == a0d8662d-9728-4a72-a391-6d281b827085 = true
08-17 03:51:18.325  7245  9096 D ChatMessageAdapter: ğŸ” DiffUtil areItemsTheSame: fc0d7030-7f22-4e12-862d-2f589639a9b5 == fc0d7030-7f22-4e12-862d-2f589639a9b5 = true
08-17 03:51:18.325  7245  9096 D ChatMessageAdapter: ğŸ” DiffUtil areItemsTheSame: fc0d7030-7f22-4e12-862d-2f589639a9b5 == 258a2d7b-9fb8-434b-8004-c8ad026d485c = false
08-17 03:51:18.325  7245  9096 D ChatMessageAdapter: ğŸ” DiffUtil areItemsTheSame: c124ea91-d2fe-4805-8df7-99b7152811ff == 258a2d7b-9fb8-434b-8004-c8ad026d485c = false
08-17 03:51:18.325  7245  9096 D ChatMessageAdapter: ğŸ” DiffUtil areItemsTheSame: e924ab08-dac9-4fe9-bfbb-ff4fd4da15f3 == a0d8662d-9728-4a72-a391-6d281b827085 = false
08-17 03:51:18.325  7245  9096 D ChatMessageAdapter: ğŸ” DiffUtil areItemsTheSame: 9932eda8-ceb1-40c7-b58d-b095c00df1f8 == fc0d7030-7f22-4e12-862d-2f589639a9b5 = false
08-17 03:51:18.325  7245  9096 D ChatMessageAdapter: ğŸ” DiffUtil areItemsTheSame: 1a74a47b-f229-4f3f-a449-0d97ecb64913 == 258a2d7b-9fb8-434b-8004-c8ad026d485c = false
08-17 03:51:18.325  7245  9096 D ChatMessageAdapter: ğŸ” DiffUtil areItemsTheSame: e924ab08-dac9-4fe9-bfbb-ff4fd4da15f3 == 258a2d7b-9fb8-434b-8004-c8ad026d485c = false
08-17 03:51:18.325  7245  9096 D ChatMessageAdapter: ğŸ” DiffUtil areItemsTheSame: 9932eda8-ceb1-40c7-b58d-b095c00df1f8 == a0d8662d-9728-4a72-a391-6d281b827085 = false
08-17 03:51:18.325  7245  9096 D ChatMessageAdapter: ğŸ” DiffUtil areItemsTheSame: 20bc3391-cb5f-496c-8c6c-d8197e4c7b82 == fc0d7030-7f22-4e12-862d-2f589639a9b5 = false
08-17 03:51:18.325  7245  9096 D ChatMessageAdapter: ğŸ” DiffUtil areItemsTheSame: af31b8cf-ed84-4117-b6f5-e6f2392551fb == 258a2d7b-9fb8-434b-8004-c8ad026d485c = false
08-17 03:51:18.325  7245  9096 D ChatMessageAdapter: ğŸ” DiffUtil areItemsTheSame: 9932eda8-ceb1-40c7-b58d-b095c00df1f8 == 258a2d7b-9fb8-434b-8004-c8ad026d485c = false
08-17 03:51:18.325  7245  9096 D ChatMessageAdapter: ğŸ” DiffUtil areItemsTheSame: 20bc3391-cb5f-496c-8c6c-d8197e4c7b82 == a0d8662d-9728-4a72-a391-6d281b827085 = false
08-17 03:51:18.325  7245  9096 D ChatMessageAdapter: ğŸ” DiffUtil areItemsTheSame: af31b8cf-ed84-4117-b6f5-e6f2392551fb == fc0d7030-7f22-4e12-862d-2f589639a9b5 = false
08-17 03:51:18.325  7245  9096 D ChatMessageAdapter: ğŸ” DiffUtil areItemsTheSame: af31b8cf-ed84-4117-b6f5-e6f2392551fb == fc0d7030-7f22-4e12-862d-2f589639a9b5 = false
08-17 03:51:18.325  7245  9096 D ChatMessageAdapter: ğŸ” DiffUtil areItemsTheSame: 34cebd34-5864-4bac-8437-fb193bc9ecdc == 258a2d7b-9fb8-434b-8004-c8ad026d485c = false
08-17 03:51:18.325  7245  9096 D ChatMessageAdapter: ğŸ” DiffUtil areItemsTheSame: af31b8cf-ed84-4117-b6f5-e6f2392551fb == a0d8662d-9728-4a72-a391-6d281b827085 = false
08-17 03:51:18.325  7245  9096 D ChatMessageAdapter: ğŸ” DiffUtil areItemsTheSame: 1a74a47b-f229-4f3f-a449-0d97ecb64913 == fc0d7030-7f22-4e12-862d-2f589639a9b5 = false
08-17 03:51:18.325  7245  9096 D ChatMessageAdapter: ğŸ” DiffUtil areItemsTheSame: 34cebd34-5864-4bac-8437-fb193bc9ecdc == a0d8662d-9728-4a72-a391-6d281b827085 = false
08-17 03:51:18.325  7245  9096 D ChatMessageAdapter: ğŸ” DiffUtil areItemsTheSame: 36debbd5-4825-49ad-8fd2-1acdc79c38ab == 258a2d7b-9fb8-434b-8004-c8ad026d485c = false
08-17 03:51:18.325  7245  9096 D ChatMessageAdapter: ğŸ” DiffUtil areItemsTheSame: af31b8cf-ed84-4117-b6f5-e6f2392551fb == 258a2d7b-9fb8-434b-8004-c8ad026d485c = false
08-17 03:51:18.326  7245  9096 D ChatMessageAdapter: ğŸ” DiffUtil areItemsTheSame: 1a74a47b-f229-4f3f-a449-0d97ecb64913 == a0d8662d-9728-4a72-a391-6d281b827085 = false
08-17 03:51:18.326  7245  9096 D ChatMessageAdapter: ğŸ” DiffUtil areItemsTheSame: fc0d7030-7f22-4e12-862d-2f589639a9b5 == fc0d7030-7f22-4e12-862d-2f589639a9b5 = true
08-17 03:51:18.326  7245  9096 D ChatMessageAdapter: ğŸ” DiffUtil areItemsTheSame: a0d8662d-9728-4a72-a391-6d281b827085 == a0d8662d-9728-4a72-a391-6d281b827085 = true
08-17 03:51:18.326  7245  9096 D ChatMessageAdapter: ğŸ” DiffUtil areItemsTheSame: 36debbd5-4825-49ad-8fd2-1acdc79c38ab == 258a2d7b-9fb8-434b-8004-c8ad026d485c = false
08-17 03:51:18.326  7245  9096 D ChatMessageAdapter: ğŸ” DiffUtil areItemsTheSame: 34cebd34-5864-4bac-8437-fb193bc9ecdc == fc0d7030-7f22-4e12-862d-2f589639a9b5 = false
08-17 03:51:18.326  7245  9096 D ChatMessageAdapter: ğŸ” DiffUtil areItemsTheSame: 36debbd5-4825-49ad-8fd2-1acdc79c38ab == a0d8662d-9728-4a72-a391-6d281b827085 = false
08-17 03:51:18.326  7245  9096 D ChatMessageAdapter: ğŸ” DiffUtil areItemsTheSame: a0d8662d-9728-4a72-a391-6d281b827085 == 258a2d7b-9fb8-434b-8004-c8ad026d485c = false
08-17 03:51:18.326  7245  9096 D ChatMessageAdapter: ğŸ” DiffUtil areItemsTheSame: 1a74a47b-f229-4f3f-a449-0d97ecb64913 == 258a2d7b-9fb8-434b-8004-c8ad026d485c = false
08-17 03:51:18.326  7245  9096 D ChatMessageAdapter: ğŸ” DiffUtil areItemsTheSame: af31b8cf-ed84-4117-b6f5-e6f2392551fb == fc0d7030-7f22-4e12-862d-2f589639a9b5 = false
08-17 03:51:18.326  7245  9096 D ChatMessageAdapter: ğŸ” DiffUtil areItemsTheSame: a0d8662d-9728-4a72-a391-6d281b827085 == a0d8662d-9728-4a72-a391-6d281b827085 = true
08-17 03:51:18.326  7245  9096 D ChatMessageAdapter: ğŸ” DiffUtil areItemsTheSame: fc0d7030-7f22-4e12-862d-2f589639a9b5 == fc0d7030-7f22-4e12-862d-2f589639a9b5 = true
08-17 03:51:18.326  7245  9096 D ChatMessageAdapter: ğŸ” DiffUtil areItemsTheSame: af31b8cf-ed84-4117-b6f5-e6f2392551fb == a0d8662d-9728-4a72-a391-6d281b827085 = false
08-17 03:51:18.326  7245  9096 D ChatMessageAdapter: ğŸ” DiffUtil areItemsTheSame: 1a74a47b-f229-4f3f-a449-0d97ecb64913 == fc0d7030-7f22-4e12-862d-2f589639a9b5 = false
08-17 03:51:18.326  7245  9096 D ChatMessageAdapter: ğŸ” DiffUtil areItemsTheSame: fc0d7030-7f22-4e12-862d-2f589639a9b5 == fc0d7030-7f22-4e12-862d-2f589639a9b5 = true
08-17 03:51:18.326  7245  9096 D ChatMessageAdapter: ğŸ” DiffUtil areItemsTheSame: a0d8662d-9728-4a72-a391-6d281b827085 == a0d8662d-9728-4a72-a391-6d281b827085 = true
08-17 03:51:18.326  7245  9096 D ChatMessageAdapter: ğŸ” DiffUtil areItemsTheSame: a0d8662d-9728-4a72-a391-6d281b827085 == a0d8662d-9728-4a72-a391-6d281b827085 = true
08-17 03:51:18.326  7245  9096 D ChatMessageAdapter: ğŸ” DiffUtil areItemsTheSame: fc0d7030-7f22-4e12-862d-2f589639a9b5 == fc0d7030-7f22-4e12-862d-2f589639a9b5 = true
08-17 03:51:18.326  7245  9096 D ChatMessageAdapter: ğŸ” DiffUtil areItemsTheSame: 7693b20f-b085-4b04-b696-801f44a33fdf == 258a2d7b-9fb8-434b-8004-c8ad026d485c = false
08-17 03:51:18.326  7245  9096 D ChatMessageAdapter: ğŸ” DiffUtil areItemsTheSame: 8afc87a1-817b-4954-a619-55e4b9587e1f == 258a2d7b-9fb8-434b-8004-c8ad026d485c = false
08-17 03:51:18.326  7245  9096 D ChatMessageAdapter: ğŸ” DiffUtil areItemsTheSame: c124ea91-d2fe-4805-8df7-99b7152811ff == 258a2d7b-9fb8-434b-8004-c8ad026d485c = false
08-17 03:51:18.326  7245  9096 D ChatMessageAdapter: ğŸ” DiffUtil areItemsTheSame: e924ab08-dac9-4fe9-bfbb-ff4fd4da15f3 == 258a2d7b-9fb8-434b-8004-c8ad026d485c = false
08-17 03:51:18.326  7245  9096 D ChatMessageAdapter: ğŸ” DiffUtil areItemsTheSame: 9932eda8-ceb1-40c7-b58d-b095c00df1f8 == 258a2d7b-9fb8-434b-8004-c8ad026d485c = false
08-17 03:51:18.326  7245  9096 D ChatMessageAdapter: ğŸ” DiffUtil areItemsTheSame: 20bc3391-cb5f-496c-8c6c-d8197e4c7b82 == 258a2d7b-9fb8-434b-8004-c8ad026d485c = false
08-17 03:51:18.326  7245  9096 D ChatMessageAdapter: ğŸ” DiffUtil areItemsTheSame: af31b8cf-ed84-4117-b6f5-e6f2392551fb == 258a2d7b-9fb8-434b-8004-c8ad026d485c = false
08-17 03:51:18.326  7245  9096 D ChatMessageAdapter: ğŸ” DiffUtil areItemsTheSame: 1a74a47b-f229-4f3f-a449-0d97ecb64913 == 258a2d7b-9fb8-434b-8004-c8ad026d485c = false
08-17 03:51:18.326  7245  9096 D ChatMessageAdapter: ğŸ” DiffUtil areItemsTheSame: 36debbd5-4825-49ad-8fd2-1acdc79c38ab == 258a2d7b-9fb8-434b-8004-c8ad026d485c = false
08-17 03:51:18.326  7245  9096 D ChatMessageAdapter: ğŸ” DiffUtil areItemsTheSame: 34cebd34-5864-4bac-8437-fb193bc9ecdc == 258a2d7b-9fb8-434b-8004-c8ad026d485c = false
08-17 03:51:18.346  7245  7245 D ChatMessageAdapter: ğŸ“ Item 1: messageId=a0d8662d-9728-4a72-a391-6d281b827085, viewType=2
