08-17 04:00:02.538 12671 13201 D ChatMessageAdapter: ğŸ” DiffUtil areItemsTheSame: fc0d7030-7f22-4e12-862d-2f589639a9b5 == fc0d7030-7f22-4e12-862d-2f589639a9b5 = true
08-17 04:00:02.538 12671 13201 D ChatMessageAdapter: ğŸ” DiffUtil areItemsTheSame: bd1141ed-a492-4ed7-af5b-a88a47524308 == bd1141ed-a492-4ed7-af5b-a88a47524308 = true
08-17 04:00:02.538 12671 13201 D ChatMessageAdapter: ğŸ” DiffUtil areItemsTheSame: 536b5939-46c7-4eb9-906d-f4ff7e568dd8 == 536b5939-46c7-4eb9-906d-f4ff7e568dd8 = true
08-17 04:00:02.538 12671 13201 D ChatMessageAdapter: ğŸ” DiffUtil areItemsTheSame: 781c4898-6302-435f-ac5c-5702d533a002 == 781c4898-6302-435f-ac5c-5702d533a002 = true
08-17 04:00:02.539 12671 13201 D ChatMessageAdapter: ğŸ” DiffUtil areItemsTheSame: 3064003c-34ee-4417-be8b-7fc14c72e703 == 3064003c-34ee-4417-be8b-7fc14c72e703 = true
08-17 04:00:02.539 12671 13201 D ChatMessageAdapter: ğŸ” DiffUtil areItemsTheSame: 3064003c-34ee-4417-be8b-7fc14c72e703 == 9f40e7f8-5104-4f88-a12f-02f961750df0 = false
08-17 04:00:02.539 12671 13201 D ChatMessageAdapter: ğŸ” DiffUtil areItemsTheSame: fc0d7030-7f22-4e12-862d-2f589639a9b5 == fc0d7030-7f22-4e12-862d-2f589639a9b5 = true
08-17 04:00:02.539 12671 13201 D ChatMessageAdapter: ğŸ” DiffUtil areItemsTheSame: bd1141ed-a492-4ed7-af5b-a88a47524308 == bd1141ed-a492-4ed7-af5b-a88a47524308 = true
08-17 04:00:02.539 12671 13201 D ChatMessageAdapter: ğŸ” DiffUtil areItemsTheSame: 536b5939-46c7-4eb9-906d-f4ff7e568dd8 == 536b5939-46c7-4eb9-906d-f4ff7e568dd8 = true
08-17 04:00:02.539 12671 13201 D ChatMessageAdapter: ğŸ” DiffUtil areItemsTheSame: 781c4898-6302-435f-ac5c-5702d533a002 == 781c4898-6302-435f-ac5c-5702d533a002 = true
08-17 04:00:02.539 12671 13201 D ChatMessageAdapter: ğŸ” DiffUtil areItemsTheSame: 3064003c-34ee-4417-be8b-7fc14c72e703 == 3064003c-34ee-4417-be8b-7fc14c72e703 = true
08-17 04:00:02.539 12671 13201 D ChatMessageAdapter: ğŸ” DiffUtil areItemsTheSame: 3064003c-34ee-4417-be8b-7fc14c72e703 == 3064003c-34ee-4417-be8b-7fc14c72e703 = true
08-17 04:00:02.539 12671 13201 D ChatMessageAdapter: ğŸ” DiffUtil areItemsTheSame: 781c4898-6302-435f-ac5c-5702d533a002 == 781c4898-6302-435f-ac5c-5702d533a002 = true
08-17 04:00:02.539 12671 13201 D ChatMessageAdapter: ğŸ” DiffUtil areItemsTheSame: 536b5939-46c7-4eb9-906d-f4ff7e568dd8 == 536b5939-46c7-4eb9-906d-f4ff7e568dd8 = true
08-17 04:00:02.539 12671 13201 D ChatMessageAdapter: ğŸ” DiffUtil areItemsTheSame: bd1141ed-a492-4ed7-af5b-a88a47524308 == bd1141ed-a492-4ed7-af5b-a88a47524308 = true
08-17 04:00:02.539 12671 13201 D ChatMessageAdapter: ğŸ” DiffUtil areItemsTheSame: fc0d7030-7f22-4e12-862d-2f589639a9b5 == fc0d7030-7f22-4e12-862d-2f589639a9b5 = true
08-17 04:00:02.558 12671 12671 D ChatMessageAdapter: ğŸ“ Item 0: messageId=fc0d7030-7f22-4e12-862d-2f589639a9b5, viewType=2
08-17 04:00:02.558 12671 12671 D ChatMessageAdapter: ğŸ“ Item 1: messageId=bd1141ed-a492-4ed7-af5b-a88a47524308, viewType=2
08-17 04:00:02.575 12671 12671 D ChatMessageAdapter: ğŸ“ Item 5: messageId=9f40e7f8-5104-4f88-a12f-02f961750df0, viewType=2
08-17 04:00:02.575 12671 12671 D ChatMessageAdapter: ğŸ”¨ Creating ViewHolder for viewType=2
08-17 04:00:02.581 12671 12671 D ChatMessageAdapter: ğŸ”„ Binding position 5: messageId=9f40e7f8-5104-4f88-a12f-02f961750df0, isLiked=false, likeCount=0, isDeleted=false, isLocallyDeleted=false
08-17 04:00:02.581 12671 12671 D ChatMessageAdapter: ğŸ”§ ====== BIND MESSAGE START ======
08-17 04:00:02.581 12671 12671 D ChatMessageAdapter: ğŸ”§ Binding message: 9f40e7f8-5104-4f88-a12f-02f961750df0
08-17 04:00:02.581 12671 12671 D ChatMessageAdapter: ğŸ”§ isDeveloperDeleted: false
08-17 04:00:02.581 12671 12671 D ChatMessageAdapter: ğŸ”§ isDeleted: false
08-17 04:00:02.581 12671 12671 D ChatMessageAdapter: ğŸ”§ isLocallyDeleted: false
08-17 04:00:02.581 12671 12671 D ChatMessageAdapter: ğŸ”§ message text: 'hello'
08-17 04:00:02.581 12671 12671 D ChatMessageAdapter: ğŸ”§ âœ… NORMAL MESSAGE - Displaying normally
08-17 04:00:02.581 12671 12671 D ChatMessageAdapter: ğŸ”§ Resetting layout parameters to normal
08-17 04:00:02.581 12671 12671 D ChatMessageAdapter: ğŸ”§ Layout parameters reset complete
08-17 04:00:02.581 12671 12671 D ChatMessageAdapter: ğŸ’¬ Setting like count: 0
08-17 04:00:02.619 12671 12671 D ChatFragment: Received 6 messages for display
08-17 04:00:02.619 12671 13398 D ChatMessageAdapter: ğŸ” DiffUtil areItemsTheSame: fc0d7030-7f22-4e12-862d-2f589639a9b5 == fc0d7030-7f22-4e12-862d-2f589639a9b5 = true
08-17 04:00:02.619 12671 13398 D ChatMessageAdapter: ğŸ” DiffUtil areItemsTheSame: bd1141ed-a492-4ed7-af5b-a88a47524308 == bd1141ed-a492-4ed7-af5b-a88a47524308 = true
08-17 04:00:02.619 12671 13398 D ChatMessageAdapter: ğŸ” DiffUtil areItemsTheSame: 536b5939-46c7-4eb9-906d-f4ff7e568dd8 == 536b5939-46c7-4eb9-906d-f4ff7e568dd8 = true
08-17 04:00:02.619 12671 13398 D ChatMessageAdapter: ğŸ” DiffUtil areItemsTheSame: 781c4898-6302-435f-ac5c-5702d533a002 == 781c4898-6302-435f-ac5c-5702d533a002 = true
08-17 04:00:02.619 12671 13398 D ChatMessageAdapter: ğŸ” DiffUtil areItemsTheSame: 3064003c-34ee-4417-be8b-7fc14c72e703 == 3064003c-34ee-4417-be8b-7fc14c72e703 = true
08-17 04:00:02.619 12671 13398 D ChatMessageAdapter: ğŸ” DiffUtil areItemsTheSame: 9f40e7f8-5104-4f88-a12f-02f961750df0 == 9f40e7f8-5104-4f88-a12f-02f961750df0 = true
08-17 04:00:02.619 12671 13398 D ChatMessageAdapter: ğŸ” DiffUtil areItemsTheSame: 9f40e7f8-5104-4f88-a12f-02f961750df0 == 9f40e7f8-5104-4f88-a12f-02f961750df0 = true
08-17 04:00:02.619 12671 13398 D ChatMessageAdapter: ğŸ” DiffUtil areItemsTheSame: 3064003c-34ee-4417-be8b-7fc14c72e703 == 3064003c-34ee-4417-be8b-7fc14c72e703 = true
08-17 04:00:02.619 12671 13398 D ChatMessageAdapter: ğŸ” DiffUtil areItemsTheSame: 781c4898-6302-435f-ac5c-5702d533a002 == 781c4898-6302-435f-ac5c-5702d533a002 = true
08-17 04:00:02.619 12671 13398 D ChatMessageAdapter: ğŸ” DiffUtil areItemsTheSame: 536b5939-46c7-4eb9-906d-f4ff7e568dd8 == 536b5939-46c7-4eb9-906d-f4ff7e568dd8 = true
08-17 04:00:02.619 12671 13398 D ChatMessageAdapter: ğŸ” DiffUtil areItemsTheSame: bd1141ed-a492-4ed7-af5b-a88a47524308 == bd1141ed-a492-4ed7-af5b-a88a47524308 = true
08-17 04:00:02.619 12671 13398 D ChatMessageAdapter: ğŸ” DiffUtil areItemsTheSame: fc0d7030-7f22-4e12-862d-2f589639a9b5 == fc0d7030-7f22-4e12-862d-2f589639a9b5 = true
08-17 04:00:02.619 12671 13398 D ChatMessageAdapter: ğŸ” DiffUtil contents changed for 9f40e7f8-5104-4f88-a12f-02f961750df0: likes 0->0, deleted false->false
08-17 04:00:02.640 12671 12671 D ChatMessageAdapter: ğŸ“ Item 5: messageId=9f40e7f8-5104-4f88-a12f-02f961750df0, viewType=2
08-17 04:00:02.640 12671 12671 D ChatMessageAdapter: ğŸ”„ Binding position 5: messageId=9f40e7f8-5104-4f88-a12f-02f961750df0, isLiked=false, likeCount=0, isDeleted=false, isLocallyDeleted=false
08-17 04:00:02.640 12671 12671 D ChatMessageAdapter: ğŸ”§ ====== BIND MESSAGE START ======
08-17 04:00:02.640 12671 12671 D ChatMessageAdapter: ğŸ”§ Binding message: 9f40e7f8-5104-4f88-a12f-02f961750df0
08-17 04:00:02.640 12671 12671 D ChatMessageAdapter: ğŸ”§ isDeveloperDeleted: false
08-17 04:00:02.640 12671 12671 D ChatMessageAdapter: ğŸ”§ isDeleted: false
08-17 04:00:02.640 12671 12671 D ChatMessageAdapter: ğŸ”§ isLocallyDeleted: false
08-17 04:00:02.641 12671 12671 D ChatMessageAdapter: ğŸ”§ message text: 'hello'
08-17 04:00:02.641 12671 12671 D ChatMessageAdapter: ğŸ”§ âœ… NORMAL MESSAGE - Displaying normally
08-17 04:00:02.641 12671 12671 D ChatMessageAdapter: ğŸ”§ Resetting layout parameters to normal
08-17 04:00:02.641 12671 12671 D ChatMessageAdapter: ğŸ”§ Layout parameters reset complete
08-17 04:00:02.642 12671 12671 D ChatMessageAdapter: ğŸ’¬ Setting like count: 0
08-17 04:00:02.656 12671 12671 D ChatMessageAdapter: ğŸ“ Item 5: messageId=9f40e7f8-5104-4f88-a12f-02f961750df0, viewType=2
08-17 04:00:03.393 12671 12671 D ChatMessageAdapter: ğŸ“ Item 5: messageId=9f40e7f8-5104-4f88-a12f-02f961750df0, viewType=2
08-17 04:00:03.393 12671 12671 D ChatMessageAdapter: ğŸ“ Item 4: messageId=3064003c-34ee-4417-be8b-7fc14c72e703, viewType=2
08-17 04:00:03.393 12671 12671 D ChatMessageAdapter: ğŸ“ Item 3: messageId=781c4898-6302-435f-ac5c-5702d533a002, viewType=2
08-17 04:00:03.393 12671 12671 D ChatMessageAdapter: ğŸ”„ Binding position 3: messageId=781c4898-6302-435f-ac5c-5702d533a002, isLiked=false, likeCount=0, isDeleted=false, isLocallyDeleted=false
08-17 04:00:03.393 12671 12671 D ChatMessageAdapter: ğŸ”§ ====== BIND MESSAGE START ======
08-17 04:00:03.393 12671 12671 D ChatMessageAdapter: ğŸ”§ Binding message: 781c4898-6302-435f-ac5c-5702d533a002
08-17 04:00:03.393 12671 12671 D ChatMessageAdapter: ğŸ”§ isDeveloperDeleted: false
08-17 04:00:03.393 12671 12671 D ChatMessageAdapter: ğŸ”§ isDeleted: false
08-17 04:00:03.393 12671 12671 D ChatMessageAdapter: ğŸ”§ isLocallyDeleted: false
08-17 04:00:03.393 12671 12671 D ChatMessageAdapter: ğŸ”§ message text: 'test'
08-17 04:00:03.393 12671 12671 D ChatMessageAdapter: ğŸ”§ âœ… NORMAL MESSAGE - Displaying normally
08-17 04:00:03.393 12671 12671 D ChatMessageAdapter: ğŸ”§ Resetting layout parameters to normal
08-17 04:00:03.393 12671 12671 D ChatMessageAdapter: ğŸ”§ Layout parameters reset complete
08-17 04:00:03.394 12671 12671 D ChatMessageAdapter: ğŸ’¬ Setting like count: 0
08-17 04:00:03.395 12671 12671 D ChatMessageAdapter: ğŸ“ Item 2: messageId=536b5939-46c7-4eb9-906d-f4ff7e568dd8, viewType=2
08-17 04:00:03.395 12671 12671 D ChatMessageAdapter: ğŸ”„ Binding position 2: messageId=536b5939-46c7-4eb9-906d-f4ff7e568dd8, isLiked=false, likeCount=0, isDeleted=false, isLocallyDeleted=false
08-17 04:00:03.395 12671 12671 D ChatMessageAdapter: ğŸ”§ ====== BIND MESSAGE START ======
08-17 04:00:03.395 12671 12671 D ChatMessageAdapter: ğŸ”§ Binding message: 536b5939-46c7-4eb9-906d-f4ff7e568dd8
08-17 04:00:03.395 12671 12671 D ChatMessageAdapter: ğŸ”§ isDeveloperDeleted: false
08-17 04:00:03.395 12671 12671 D ChatMessageAdapter: ğŸ”§ isDeleted: false
08-17 04:00:03.395 12671 12671 D ChatMessageAdapter: ğŸ”§ isLocallyDeleted: false
08-17 04:00:03.395 12671 12671 D ChatMessageAdapter: ğŸ”§ message text: 'test'
08-17 04:00:03.395 12671 12671 D ChatMessageAdapter: ğŸ”§ âœ… NORMAL MESSAGE - Displaying normally
08-17 04:00:03.395 12671 12671 D ChatMessageAdapter: ğŸ”§ Resetting layout parameters to normal
08-17 04:00:03.395 12671 12671 D ChatMessageAdapter: ğŸ”§ Layout parameters reset complete
08-17 04:00:03.395 12671 12671 D ChatMessageAdapter: ğŸ’¬ Setting like count: 0
08-17 04:00:03.396 12671 12671 D ChatMessageAdapter: ğŸ“ Item 1: messageId=bd1141ed-a492-4ed7-af5b-a88a47524308, viewType=2
08-17 04:00:03.396 12671 12671 D ChatMessageAdapter: ğŸ“ Item 0: messageId=fc0d7030-7f22-4e12-862d-2f589639a9b5, viewType=2
08-17 04:00:11.319 12671 12671 D ChatFragment: onPause called - fragment pausing
08-17 04:00:11.319 12671 12671 D ChatFragment: Current navigation state when pausing: TEXT_CHAT
08-17 04:00:11.319 12671 12671 D ChatFragment: Persisted chat state - room: public
08-17 04:00:11.319 12671 12671 D ChatFragment: User leaving text chat view (app backgrounded or tab switched)
08-17 04:00:13.108 12671 12671 D ChatFragment: onResume called - fragment resuming
08-17 04:00:13.108 12671 12671 D ChatFragment: Current navigation state: TEXT_CHAT
08-17 04:00:13.108 12671 12671 D ChatFragment: Fragment visibility: isVisible=true, isResumed=true
08-17 04:00:13.108 12671 12671 D ChatFragment: Currently selected tab: 5 (Chat is tab 5)
08-17 04:00:13.108 12671 12671 D ChatFragment: User is not signed in
08-17 04:00:13.109 12671 12671 D ChatFragment: Cleared persisted chat state
08-17 04:00:13.109 12671 12671 D ChatFragment: Resuming text chat in room: public - clearing notifications
08-17 04:00:13.113 12671 12671 D ChatFragment: ğŸ”§ ====== LOAD LOCAL MESSAGES START ======
08-17 04:00:13.113 12671 12671 D ChatFragment: ğŸ”§ Loading messages for room: public
08-17 04:00:13.129 12671 13183 D ChatFragment: ğŸ”§ Total messages in DB: 16
08-17 04:00:13.129 12671 13183 D ChatFragment: ğŸ”§ Message [0]: ID=7693b20f-b085-4b04-b696-801f44a33fdf, isDeveloperDeleted=false, isDeleted=true, text='this this gyvyvyvyhu...'
08-17 04:00:13.129 12671 13183 D ChatFragment: ğŸ”§ Message [1]: ID=8afc87a1-817b-4954-a619-55e4b9587e1f, isDeveloperDeleted=false, isDeleted=true, text='It WORKS yay haha...'
08-17 04:00:13.130 12671 13183 D ChatFragment: ğŸ”§ Message [2]: ID=c124ea91-d2fe-4805-8df7-99b7152811ff, isDeveloperDeleted=false, isDeleted=true, text='hey...'
08-17 04:00:13.130 12671 13183 D ChatFragment: ğŸ”§ Message [3]: ID=e924ab08-dac9-4fe9-bfbb-ff4fd4da15f3, isDeveloperDeleted=false, isDeleted=true, text='test...'
08-17 04:00:13.130 12671 13183 D ChatFragment: ğŸ”§ Message [4]: ID=9932eda8-ceb1-40c7-b58d-b095c00df1f8, isDeveloperDeleted=false, isDeleted=true, text='hello?...'
08-17 04:00:13.130 12671 13183 D ChatFragment: ğŸ”§ Message [5]: ID=20bc3391-cb5f-496c-8c6c-d8197e4c7b82, isDeveloperDeleted=false, isDeleted=true, text='hi...'
08-17 04:00:13.130 12671 13183 D ChatFragment: ğŸ”§ Message [6]: ID=af31b8cf-ed84-4117-b6f5-e6f2392551fb, isDeveloperDeleted=false, isDeleted=true, text='how are we...'
08-17 04:00:13.130 12671 13183 D ChatFragment: ğŸ”§ Message [7]: ID=1a74a47b-f229-4f3f-a449-0d97ecb64913, isDeveloperDeleted=false, isDeleted=true, text='hello...'
08-17 04:00:13.130 12671 13183 D ChatFragment: ğŸ”§ Message [8]: ID=fc0d7030-7f22-4e12-862d-2f589639a9b5, isDeveloperDeleted=false, isDeleted=false, text='hey...'
08-17 04:00:13.130 12671 13183 D ChatFragment: ğŸ”§ Message [9]: ID=36debbd5-4825-49ad-8fd2-1acdc79c38ab, isDeveloperDeleted=false, isDeleted=true, text='hey...'
08-17 04:00:13.130 12671 13183 D ChatFragment: ğŸ”§ Message [10]: ID=34cebd34-5864-4bac-8437-fb193bc9ecdc, isDeveloperDeleted=false, isDeleted=true, text='sup...'
08-17 04:00:13.130 12671 13183 D ChatFragment: ğŸ”§ Message [11]: ID=bd1141ed-a492-4ed7-af5b-a88a47524308, isDeveloperDeleted=false, isDeleted=false, text='test 2...'
08-17 04:00:13.130 12671 13183 D ChatFragment: ğŸ”§ Message [12]: ID=536b5939-46c7-4eb9-906d-f4ff7e568dd8, isDeveloperDeleted=false, isDeleted=false, text='test...'
08-17 04:00:13.130 12671 13183 D ChatFragment: ğŸ”§ Message [13]: ID=781c4898-6302-435f-ac5c-5702d533a002, isDeveloperDeleted=false, isDeleted=false, text='test...'
08-17 04:00:13.130 12671 13183 D ChatFragment: ğŸ”§ Message [14]: ID=3064003c-34ee-4417-be8b-7fc14c72e703, isDeveloperDeleted=false, isDeleted=false, text='test...'
08-17 04:00:13.130 12671 13183 D ChatFragment: ğŸ”§ Message [15]: ID=9f40e7f8-5104-4f88-a12f-02f961750df0, isDeveloperDeleted=false, isDeleted=false, text='hello...'
08-17 04:00:13.132 12671 13183 D ChatFragment: ğŸ”§ After filtering: 16 messages
08-17 04:00:13.132 12671 13183 D ChatFragment: ğŸ”§ Filtered out 0 developer deleted messages
08-17 04:00:13.132 12671 13183 D ChatFragment: ğŸ”§ Filtered [0]: ID=7693b20f-b085-4b04-b696-801f44a33fdf, isDeveloperDeleted=false, isDeleted=true, will show as: [Message deleted]
08-17 04:00:13.132 12671 13183 D ChatFragment: ğŸ”§ Filtered [1]: ID=8afc87a1-817b-4954-a619-55e4b9587e1f, isDeveloperDeleted=false, isDeleted=true, will show as: [Message deleted]
08-17 04:00:13.132 12671 13183 D ChatFragment: ğŸ”§ Filtered [2]: ID=c124ea91-d2fe-4805-8df7-99b7152811ff, isDeveloperDeleted=false, isDeleted=true, will show as: [Message deleted]
08-17 04:00:13.132 12671 13183 D ChatFragment: ğŸ”§ Filtered [3]: ID=e924ab08-dac9-4fe9-bfbb-ff4fd4da15f3, isDeveloperDeleted=false, isDeleted=true, will show as: [Message deleted]
08-17 04:00:13.132 12671 13183 D ChatFragment: ğŸ”§ Filtered [4]: ID=9932eda8-ceb1-40c7-b58d-b095c00df1f8, isDeveloperDeleted=false, isDeleted=true, will show as: [Message deleted]
08-17 04:00:13.132 12671 13183 D ChatFragment: ğŸ”§ Filtered [5]: ID=20bc3391-cb5f-496c-8c6c-d8197e4c7b82, isDeveloperDeleted=false, isDeleted=true, will show as: [Message deleted]
08-17 04:00:13.132 12671 13183 D ChatFragment: ğŸ”§ Filtered [6]: ID=af31b8cf-ed84-4117-b6f5-e6f2392551fb, isDeveloperDeleted=false, isDeleted=true, will show as: [Message deleted]
08-17 04:00:13.132 12671 13183 D ChatFragment: ğŸ”§ Filtered [7]: ID=1a74a47b-f229-4f3f-a449-0d97ecb64913, isDeveloperDeleted=false, isDeleted=true, will show as: [Message deleted]
08-17 04:00:13.132 12671 13183 D ChatFragment: ğŸ”§ Filtered [8]: ID=fc0d7030-7f22-4e12-862d-2f589639a9b5, isDeveloperDeleted=false, isDeleted=false, will show as: normal message
08-17 04:00:13.132 12671 13183 D ChatFragment: ğŸ”§ Filtered [9]: ID=36debbd5-4825-49ad-8fd2-1acdc79c38ab, isDeveloperDeleted=false, isDeleted=true, will show as: [Message deleted]
08-17 04:00:13.132 12671 13183 D ChatFragment: ğŸ”§ Filtered [10]: ID=34cebd34-5864-4bac-8437-fb193bc9ecdc, isDeveloperDeleted=false, isDeleted=true, will show as: [Message deleted]
08-17 04:00:13.132 12671 13183 D ChatFragment: ğŸ”§ Filtered [11]: ID=bd1141ed-a492-4ed7-af5b-a88a47524308, isDeveloperDeleted=false, isDeleted=false, will show as: normal message
08-17 04:00:13.132 12671 13183 D ChatFragment: ğŸ”§ Filtered [12]: ID=536b5939-46c7-4eb9-906d-f4ff7e568dd8, isDeveloperDeleted=false, isDeleted=false, will show as: normal message
08-17 04:00:13.132 12671 13183 D ChatFragment: ğŸ”§ Filtered [13]: ID=781c4898-6302-435f-ac5c-5702d533a002, isDeveloperDeleted=false, isDeleted=false, will show as: normal message
08-17 04:00:13.132 12671 13183 D ChatFragment: ğŸ”§ Filtered [14]: ID=3064003c-34ee-4417-be8b-7fc14c72e703, isDeveloperDeleted=false, isDeleted=false, will show as: normal message
08-17 04:00:13.132 12671 13183 D ChatFragment: ğŸ”§ Filtered [15]: ID=9f40e7f8-5104-4f88-a12f-02f961750df0, isDeveloperDeleted=false, isDeleted=false, will show as: normal message
08-17 04:00:13.158 12671 12671 D ChatFragment: Online users updated: 2
08-17 04:00:13.299 12671 12671 D ChatFragment: Online users updated: 2
08-17 04:00:14.069 12671 12671 D ChatFragment: Auth state changed, rechecking...
08-17 04:00:14.069 12671 12671 D ChatFragment: User is signed in: mc sa
08-17 04:00:14.070 12671 12671 D ChatFragment: Back button visibility updated: state=TEXT_CHAT, visible=true
08-17 04:00:16.078 12671 12671 D ChatMessageAdapter: ğŸ“ Item 5: messageId=9f40e7f8-5104-4f88-a12f-02f961750df0, viewType=2
08-17 04:00:16.078 12671 12671 D ChatMessageAdapter: ğŸ“ Item 4: messageId=3064003c-34ee-4417-be8b-7fc14c72e703, viewType=2
08-17 04:00:16.078 12671 12671 D ChatMessageAdapter: ğŸ“ Item 3: messageId=781c4898-6302-435f-ac5c-5702d533a002, viewType=2
08-17 04:00:16.078 12671 12671 D ChatMessageAdapter: ğŸ“ Item 2: messageId=536b5939-46c7-4eb9-906d-f4ff7e568dd8, viewType=2
08-17 04:00:16.078 12671 12671 D ChatMessageAdapter: ğŸ“ Item 1: messageId=bd1141ed-a492-4ed7-af5b-a88a47524308, viewType=2
08-17 04:00:16.078 12671 12671 D ChatMessageAdapter: ğŸ“ Item 0: messageId=fc0d7030-7f22-4e12-862d-2f589639a9b5, viewType=2
08-17 04:00:16.132 12671 12671 D ChatMessageAdapter: ğŸ“ Item 1: messageId=bd1141ed-a492-4ed7-af5b-a88a47524308, viewType=2
08-17 04:00:16.132 12671 12671 D ChatMessageAdapter: ğŸ“ Item 2: messageId=536b5939-46c7-4eb9-906d-f4ff7e568dd8, viewType=2
08-17 04:00:16.132 12671 12671 D ChatMessageAdapter: ğŸ“ Item 3: messageId=781c4898-6302-435f-ac5c-5702d533a002, viewType=2
08-17 04:00:16.132 12671 12671 D ChatMessageAdapter: ğŸ“ Item 4: messageId=3064003c-34ee-4417-be8b-7fc14c72e703, viewType=2
08-17 04:00:16.132 12671 12671 D ChatMessageAdapter: ğŸ“ Item 5: messageId=9f40e7f8-5104-4f88-a12f-02f961750df0, viewType=2
08-17 04:00:17.545 12671 12671 D ChatFragment: Sending message: hi to room: public
08-17 04:00:17.561 12671 12671 D ChatFragment: Received 7 messages for display
08-17 04:00:17.562 12671 13201 D ChatMessageAdapter: ğŸ” DiffUtil areItemsTheSame: fc0d7030-7f22-4e12-862d-2f589639a9b5 == fc0d7030-7f22-4e12-862d-2f589639a9b5 = true
08-17 04:00:17.562 12671 13201 D ChatMessageAdapter: ğŸ” DiffUtil areItemsTheSame: bd1141ed-a492-4ed7-af5b-a88a47524308 == bd1141ed-a492-4ed7-af5b-a88a47524308 = true
08-17 04:00:17.562 12671 13201 D ChatMessageAdapter: ğŸ” DiffUtil areItemsTheSame: 536b5939-46c7-4eb9-906d-f4ff7e568dd8 == 536b5939-46c7-4eb9-906d-f4ff7e568dd8 = true
08-17 04:00:17.562 12671 13201 D ChatMessageAdapter: ğŸ” DiffUtil areItemsTheSame: 781c4898-6302-435f-ac5c-5702d533a002 == 781c4898-6302-435f-ac5c-5702d533a002 = true
08-17 04:00:17.562 12671 13201 D ChatMessageAdapter: ğŸ” DiffUtil areItemsTheSame: 3064003c-34ee-4417-be8b-7fc14c72e703 == 3064003c-34ee-4417-be8b-7fc14c72e703 = true
08-17 04:00:17.562 12671 13201 D ChatMessageAdapter: ğŸ” DiffUtil areItemsTheSame: 9f40e7f8-5104-4f88-a12f-02f961750df0 == 9f40e7f8-5104-4f88-a12f-02f961750df0 = true
08-17 04:00:17.562 12671 13201 D ChatMessageAdapter: ğŸ” DiffUtil areItemsTheSame: 9f40e7f8-5104-4f88-a12f-02f961750df0 == 74c8ce7b-f732-40e0-94aa-c6fbad19950c = false
08-17 04:00:17.562 12671 13201 D ChatMessageAdapter: ğŸ” DiffUtil areItemsTheSame: fc0d7030-7f22-4e12-862d-2f589639a9b5 == fc0d7030-7f22-4e12-862d-2f589639a9b5 = true
08-17 04:00:17.562 12671 13201 D ChatMessageAdapter: ğŸ” DiffUtil areItemsTheSame: bd1141ed-a492-4ed7-af5b-a88a47524308 == bd1141ed-a492-4ed7-af5b-a88a47524308 = true
08-17 04:00:17.562 12671 13201 D ChatMessageAdapter: ğŸ” DiffUtil areItemsTheSame: 536b5939-46c7-4eb9-906d-f4ff7e568dd8 == 536b5939-46c7-4eb9-906d-f4ff7e568dd8 = true
08-17 04:00:17.562 12671 13201 D ChatMessageAdapter: ğŸ” DiffUtil areItemsTheSame: 781c4898-6302-435f-ac5c-5702d533a002 == 781c4898-6302-435f-ac5c-5702d533a002 = true
08-17 04:00:17.562 12671 13201 D ChatMessageAdapter: ğŸ” DiffUtil areItemsTheSame: 3064003c-34ee-4417-be8b-7fc14c72e703 == 3064003c-34ee-4417-be8b-7fc14c72e703 = true
08-17 04:00:17.562 12671 13201 D ChatMessageAdapter: ğŸ” DiffUtil areItemsTheSame: 9f40e7f8-5104-4f88-a12f-02f961750df0 == 9f40e7f8-5104-4f88-a12f-02f961750df0 = true
08-17 04:00:17.562 12671 13201 D ChatMessageAdapter: ğŸ” DiffUtil areItemsTheSame: 9f40e7f8-5104-4f88-a12f-02f961750df0 == 9f40e7f8-5104-4f88-a12f-02f961750df0 = true
08-17 04:00:17.562 12671 13201 D ChatMessageAdapter: ğŸ” DiffUtil areItemsTheSame: 3064003c-34ee-4417-be8b-7fc14c72e703 == 3064003c-34ee-4417-be8b-7fc14c72e703 = true
08-17 04:00:17.562 12671 13201 D ChatMessageAdapter: ğŸ” DiffUtil areItemsTheSame: 781c4898-6302-435f-ac5c-5702d533a002 == 781c4898-6302-435f-ac5c-5702d533a002 = true
08-17 04:00:17.562 12671 13201 D ChatMessageAdapter: ğŸ” DiffUtil areItemsTheSame: 536b5939-46c7-4eb9-906d-f4ff7e568dd8 == 536b5939-46c7-4eb9-906d-f4ff7e568dd8 = true
08-17 04:00:17.562 12671 13201 D ChatMessageAdapter: ğŸ” DiffUtil areItemsTheSame: bd1141ed-a492-4ed7-af5b-a88a47524308 == bd1141ed-a492-4ed7-af5b-a88a47524308 = true
08-17 04:00:17.562 12671 13201 D ChatMessageAdapter: ğŸ” DiffUtil areItemsTheSame: fc0d7030-7f22-4e12-862d-2f589639a9b5 == fc0d7030-7f22-4e12-862d-2f589639a9b5 = true
08-17 04:00:17.594 12671 12671 D ChatMessageAdapter: ğŸ“ Item 5: messageId=9f40e7f8-5104-4f88-a12f-02f961750df0, viewType=2
08-17 04:00:17.594 12671 12671 D ChatMessageAdapter: ğŸ“ Item 6: messageId=74c8ce7b-f732-40e0-94aa-c6fbad19950c, viewType=2
08-17 04:00:17.594 12671 12671 D ChatMessageAdapter: ğŸ”¨ Creating ViewHolder for viewType=2
08-17 04:00:17.601 12671 12671 D ChatMessageAdapter: ğŸ”„ Binding position 6: messageId=74c8ce7b-f732-40e0-94aa-c6fbad19950c, isLiked=false, likeCount=0, isDeleted=false, isLocallyDeleted=false
08-17 04:00:17.601 12671 12671 D ChatMessageAdapter: ğŸ”§ ====== BIND MESSAGE START ======
08-17 04:00:17.601 12671 12671 D ChatMessageAdapter: ğŸ”§ Binding message: 74c8ce7b-f732-40e0-94aa-c6fbad19950c
08-17 04:00:17.601 12671 12671 D ChatMessageAdapter: ğŸ”§ isDeveloperDeleted: false
08-17 04:00:17.601 12671 12671 D ChatMessageAdapter: ğŸ”§ isDeleted: false
08-17 04:00:17.601 12671 12671 D ChatMessageAdapter: ğŸ”§ isLocallyDeleted: false
08-17 04:00:17.601 12671 12671 D ChatMessageAdapter: ğŸ”§ message text: 'hi'
08-17 04:00:17.601 12671 12671 D ChatMessageAdapter: ğŸ”§ âœ… NORMAL MESSAGE - Displaying normally
08-17 04:00:17.601 12671 12671 D ChatMessageAdapter: ğŸ”§ Resetting layout parameters to normal
08-17 04:00:17.601 12671 12671 D ChatMessageAdapter: ğŸ”§ Layout parameters reset complete
08-17 04:00:17.602 12671 12671 D ChatMessageAdapter: ğŸ’¬ Setting like count: 0
08-17 04:00:17.609 12671 12671 D ChatMessageAdapter: ğŸ“ Item 6: messageId=74c8ce7b-f732-40e0-94aa-c6fbad19950c, viewType=2
08-17 04:00:17.643 12671 12671 D ChatFragment: Received 7 messages for display
08-17 04:00:17.643 12671 13398 D ChatMessageAdapter: ğŸ” DiffUtil areItemsTheSame: fc0d7030-7f22-4e12-862d-2f589639a9b5 == fc0d7030-7f22-4e12-862d-2f589639a9b5 = true
08-17 04:00:17.643 12671 13398 D ChatMessageAdapter: ğŸ” DiffUtil areItemsTheSame: bd1141ed-a492-4ed7-af5b-a88a47524308 == bd1141ed-a492-4ed7-af5b-a88a47524308 = true
08-17 04:00:17.643 12671 13398 D ChatMessageAdapter: ğŸ” DiffUtil areItemsTheSame: 536b5939-46c7-4eb9-906d-f4ff7e568dd8 == 536b5939-46c7-4eb9-906d-f4ff7e568dd8 = true
08-17 04:00:17.643 12671 13398 D ChatMessageAdapter: ğŸ” DiffUtil areItemsTheSame: 781c4898-6302-435f-ac5c-5702d533a002 == 781c4898-6302-435f-ac5c-5702d533a002 = true
08-17 04:00:17.643 12671 13398 D ChatMessageAdapter: ğŸ” DiffUtil areItemsTheSame: 3064003c-34ee-4417-be8b-7fc14c72e703 == 3064003c-34ee-4417-be8b-7fc14c72e703 = true
08-17 04:00:17.643 12671 13398 D ChatMessageAdapter: ğŸ” DiffUtil areItemsTheSame: 9f40e7f8-5104-4f88-a12f-02f961750df0 == 9f40e7f8-5104-4f88-a12f-02f961750df0 = true
08-17 04:00:17.643 12671 13398 D ChatMessageAdapter: ğŸ” DiffUtil areItemsTheSame: 74c8ce7b-f732-40e0-94aa-c6fbad19950c == 74c8ce7b-f732-40e0-94aa-c6fbad19950c = true
08-17 04:00:17.643 12671 13398 D ChatMessageAdapter: ğŸ” DiffUtil areItemsTheSame: 74c8ce7b-f732-40e0-94aa-c6fbad19950c == 74c8ce7b-f732-40e0-94aa-c6fbad19950c = true
08-17 04:00:17.643 12671 13398 D ChatMessageAdapter: ğŸ” DiffUtil areItemsTheSame: 9f40e7f8-5104-4f88-a12f-02f961750df0 == 9f40e7f8-5104-4f88-a12f-02f961750df0 = true
08-17 04:00:17.643 12671 13398 D ChatMessageAdapter: ğŸ” DiffUtil areItemsTheSame: 3064003c-34ee-4417-be8b-7fc14c72e703 == 3064003c-34ee-4417-be8b-7fc14c72e703 = true
08-17 04:00:17.643 12671 13398 D ChatMessageAdapter: ğŸ” DiffUtil areItemsTheSame: 781c4898-6302-435f-ac5c-5702d533a002 == 781c4898-6302-435f-ac5c-5702d533a002 = true
08-17 04:00:17.643 12671 13398 D ChatMessageAdapter: ğŸ” DiffUtil areItemsTheSame: 536b5939-46c7-4eb9-906d-f4ff7e568dd8 == 536b5939-46c7-4eb9-906d-f4ff7e568dd8 = true
08-17 04:00:17.643 12671 13398 D ChatMessageAdapter: ğŸ” DiffUtil areItemsTheSame: bd1141ed-a492-4ed7-af5b-a88a47524308 == bd1141ed-a492-4ed7-af5b-a88a47524308 = true
08-17 04:00:17.643 12671 13398 D ChatMessageAdapter: ğŸ” DiffUtil areItemsTheSame: fc0d7030-7f22-4e12-862d-2f589639a9b5 == fc0d7030-7f22-4e12-862d-2f589639a9b5 = true
08-17 04:00:17.643 12671 13398 D ChatMessageAdapter: ğŸ” DiffUtil contents changed for 74c8ce7b-f732-40e0-94aa-c6fbad19950c: likes 0->0, deleted false->false
08-17 04:00:17.677 12671 12671 D ChatMessageAdapter: ğŸ“ Item 5: messageId=9f40e7f8-5104-4f88-a12f-02f961750df0, viewType=2
08-17 04:00:17.677 12671 12671 D ChatMessageAdapter: ğŸ”„ Binding position 5: messageId=9f40e7f8-5104-4f88-a12f-02f961750df0, isLiked=false, likeCount=0, isDeleted=false, isLocallyDeleted=false
08-17 04:00:17.677 12671 12671 D ChatMessageAdapter: ğŸ”§ ====== BIND MESSAGE START ======
08-17 04:00:17.677 12671 12671 D ChatMessageAdapter: ğŸ”§ Binding message: 9f40e7f8-5104-4f88-a12f-02f961750df0
08-17 04:00:17.677 12671 12671 D ChatMessageAdapter: ğŸ”§ isDeveloperDeleted: false
08-17 04:00:17.677 12671 12671 D ChatMessageAdapter: ğŸ”§ isDeleted: false
08-17 04:00:17.677 12671 12671 D ChatMessageAdapter: ğŸ”§ isLocallyDeleted: false
08-17 04:00:17.677 12671 12671 D ChatMessageAdapter: ğŸ”§ message text: 'hello'
08-17 04:00:17.677 12671 12671 D ChatMessageAdapter: ğŸ”§ âœ… NORMAL MESSAGE - Displaying normally
08-17 04:00:17.677 12671 12671 D ChatMessageAdapter: ğŸ”§ Resetting layout parameters to normal
08-17 04:00:17.677 12671 12671 D ChatMessageAdapter: ğŸ”§ Layout parameters reset complete
08-17 04:00:17.678 12671 12671 D ChatMessageAdapter: ğŸ’¬ Setting like count: 0
08-17 04:00:17.680 12671 12671 D ChatMessageAdapter: ğŸ“ Item 6: messageId=74c8ce7b-f732-40e0-94aa-c6fbad19950c, viewType=2
08-17 04:00:17.680 12671 12671 D ChatMessageAdapter: ğŸ”„ Binding position 6: messageId=74c8ce7b-f732-40e0-94aa-c6fbad19950c, isLiked=false, likeCount=0, isDeleted=false, isLocallyDeleted=false
08-17 04:00:17.680 12671 12671 D ChatMessageAdapter: ğŸ”§ ====== BIND MESSAGE START ======
08-17 04:00:17.680 12671 12671 D ChatMessageAdapter: ğŸ”§ Binding message: 74c8ce7b-f732-40e0-94aa-c6fbad19950c
08-17 04:00:17.680 12671 12671 D ChatMessageAdapter: ğŸ”§ isDeveloperDeleted: false
08-17 04:00:17.680 12671 12671 D ChatMessageAdapter: ğŸ”§ isDeleted: false
08-17 04:00:17.680 12671 12671 D ChatMessageAdapter: ğŸ”§ isLocallyDeleted: false
08-17 04:00:17.680 12671 12671 D ChatMessageAdapter: ğŸ”§ message text: 'hi'
08-17 04:00:17.680 12671 12671 D ChatMessageAdapter: ğŸ”§ âœ… NORMAL MESSAGE - Displaying normally
08-17 04:00:17.680 12671 12671 D ChatMessageAdapter: ğŸ”§ Resetting layout parameters to normal
08-17 04:00:17.680 12671 12671 D ChatMessageAdapter: ğŸ”§ Layout parameters reset complete
08-17 04:00:17.681 12671 12671 D ChatMessageAdapter: ğŸ’¬ Setting like count: 0
08-17 04:00:17.693 12671 12671 D ChatMessageAdapter: ğŸ“ Item 6: messageId=74c8ce7b-f732-40e0-94aa-c6fbad19950c, viewType=2
08-17 04:00:18.644 12671 12671 D ChatMessageAdapter: ğŸ“ Item 6: messageId=74c8ce7b-f732-40e0-94aa-c6fbad19950c, viewType=2
08-17 04:00:18.644 12671 12671 D ChatMessageAdapter: ğŸ“ Item 5: messageId=9f40e7f8-5104-4f88-a12f-02f961750df0, viewType=2
08-17 04:00:18.644 12671 12671 D ChatMessageAdapter: ğŸ“ Item 4: messageId=3064003c-34ee-4417-be8b-7fc14c72e703, viewType=2
08-17 04:00:18.645 12671 12671 D ChatMessageAdapter: ğŸ“ Item 3: messageId=781c4898-6302-435f-ac5c-5702d533a002, viewType=2
08-17 04:00:18.645 12671 12671 D ChatMessageAdapter: ğŸ“ Item 2: messageId=536b5939-46c7-4eb9-906d-f4ff7e568dd8, viewType=2
08-17 04:00:18.645 12671 12671 D ChatMessageAdapter: ğŸ”„ Binding position 2: messageId=536b5939-46c7-4eb9-906d-f4ff7e568dd8, isLiked=false, likeCount=0, isDeleted=false, isLocallyDeleted=false
08-17 04:00:18.645 12671 12671 D ChatMessageAdapter: ğŸ”§ ====== BIND MESSAGE START ======
08-17 04:00:18.645 12671 12671 D ChatMessageAdapter: ğŸ”§ Binding message: 536b5939-46c7-4eb9-906d-f4ff7e568dd8
08-17 04:00:18.645 12671 12671 D ChatMessageAdapter: ğŸ”§ isDeveloperDeleted: false
08-17 04:00:18.645 12671 12671 D ChatMessageAdapter: ğŸ”§ isDeleted: false
08-17 04:00:18.645 12671 12671 D ChatMessageAdapter: ğŸ”§ isLocallyDeleted: false
08-17 04:00:18.645 12671 12671 D ChatMessageAdapter: ğŸ”§ message text: 'test'
08-17 04:00:18.645 12671 12671 D ChatMessageAdapter: ğŸ”§ âœ… NORMAL MESSAGE - Displaying normally
08-17 04:00:18.645 12671 12671 D ChatMessageAdapter: ğŸ”§ Resetting layout parameters to normal
08-17 04:00:18.645 12671 12671 D ChatMessageAdapter: ğŸ”§ Layout parameters reset complete
08-17 04:00:18.646 12671 12671 D ChatMessageAdapter: ğŸ’¬ Setting like count: 0
08-17 04:00:18.646 12671 12671 D ChatMessageAdapter: ğŸ“ Item 1: messageId=bd1141ed-a492-4ed7-af5b-a88a47524308, viewType=2
08-17 04:00:18.646 12671 12671 D ChatMessageAdapter: ğŸ”„ Binding position 1: messageId=bd1141ed-a492-4ed7-af5b-a88a47524308, isLiked=false, likeCount=0, isDeleted=false, isLocallyDeleted=false
08-17 04:00:18.647 12671 12671 D ChatMessageAdapter: ğŸ”§ ====== BIND MESSAGE START ======
08-17 04:00:18.647 12671 12671 D ChatMessageAdapter: ğŸ”§ Binding message: bd1141ed-a492-4ed7-af5b-a88a47524308
08-17 04:00:18.647 12671 12671 D ChatMessageAdapter: ğŸ”§ isDeveloperDeleted: false
08-17 04:00:18.647 12671 12671 D ChatMessageAdapter: ğŸ”§ isDeleted: false
08-17 04:00:18.647 12671 12671 D ChatMessageAdapter: ğŸ”§ isLocallyDeleted: false
08-17 04:00:18.647 12671 12671 D ChatMessageAdapter: ğŸ”§ message text: 'test 2'
08-17 04:00:18.647 12671 12671 D ChatMessageAdapter: ğŸ”§ âœ… NORMAL MESSAGE - Displaying normally
08-17 04:00:18.647 12671 12671 D ChatMessageAdapter: ğŸ”§ Resetting layout parameters to normal
08-17 04:00:18.647 12671 12671 D ChatMessageAdapter: ğŸ”§ Layout parameters reset complete
08-17 04:00:18.647 12671 12671 D ChatMessageAdapter: ğŸ’¬ Setting like count: 0
08-17 04:00:26.997 12671 12671 D ChatMessageAdapter: ğŸ“ Item 6: messageId=74c8ce7b-f732-40e0-94aa-c6fbad19950c, viewType=2
08-17 04:00:26.997 12671 12671 D ChatMessageAdapter: ğŸ“ Item 5: messageId=9f40e7f8-5104-4f88-a12f-02f961750df0, viewType=2
08-17 04:00:26.997 12671 12671 D ChatMessageAdapter: ğŸ“ Item 4: messageId=3064003c-34ee-4417-be8b-7fc14c72e703, viewType=2
08-17 04:00:26.997 12671 12671 D ChatMessageAdapter: ğŸ“ Item 3: messageId=781c4898-6302-435f-ac5c-5702d533a002, viewType=2
08-17 04:00:26.997 12671 12671 D ChatMessageAdapter: ğŸ“ Item 2: messageId=536b5939-46c7-4eb9-906d-f4ff7e568dd8, viewType=2
08-17 04:00:26.998 12671 12671 D ChatMessageAdapter: ğŸ“ Item 1: messageId=bd1141ed-a492-4ed7-af5b-a88a47524308, viewType=2
08-17 04:00:51.535 12671 12671 D ChatMessageAdapter: ğŸ“ Item 2: messageId=536b5939-46c7-4eb9-906d-f4ff7e568dd8, viewType=2
08-17 04:00:51.535 12671 12671 D ChatMessageAdapter: ğŸ“ Item 3: messageId=781c4898-6302-435f-ac5c-5702d533a002, viewType=2
08-17 04:00:51.535 12671 12671 D ChatMessageAdapter: ğŸ“ Item 4: messageId=3064003c-34ee-4417-be8b-7fc14c72e703, viewType=2
08-17 04:00:51.535 12671 12671 D ChatMessageAdapter: ğŸ“ Item 5: messageId=9f40e7f8-5104-4f88-a12f-02f961750df0, viewType=2
08-17 04:00:51.535 12671 12671 D ChatMessageAdapter: ğŸ“ Item 6: messageId=74c8ce7b-f732-40e0-94aa-c6fbad19950c, viewType=2
08-17 04:00:52.751 12671 12671 D ChatFragment: Sending message: hi to room: public
08-17 04:00:52.762 12671 12671 D ChatFragment: Received 8 messages for display
08-17 04:00:52.762 12671 13201 D ChatMessageAdapter: ğŸ” DiffUtil areItemsTheSame: fc0d7030-7f22-4e12-862d-2f589639a9b5 == fc0d7030-7f22-4e12-862d-2f589639a9b5 = true
08-17 04:00:52.762 12671 13201 D ChatMessageAdapter: ğŸ” DiffUtil areItemsTheSame: bd1141ed-a492-4ed7-af5b-a88a47524308 == bd1141ed-a492-4ed7-af5b-a88a47524308 = true
08-17 04:00:52.762 12671 13201 D ChatMessageAdapter: ğŸ” DiffUtil areItemsTheSame: 536b5939-46c7-4eb9-906d-f4ff7e568dd8 == 536b5939-46c7-4eb9-906d-f4ff7e568dd8 = true
08-17 04:00:52.762 12671 13201 D ChatMessageAdapter: ğŸ” DiffUtil areItemsTheSame: 781c4898-6302-435f-ac5c-5702d533a002 == 781c4898-6302-435f-ac5c-5702d533a002 = true
08-17 04:00:52.762 12671 13201 D ChatMessageAdapter: ğŸ” DiffUtil areItemsTheSame: 3064003c-34ee-4417-be8b-7fc14c72e703 == 3064003c-34ee-4417-be8b-7fc14c72e703 = true
08-17 04:00:52.762 12671 13201 D ChatMessageAdapter: ğŸ” DiffUtil areItemsTheSame: 9f40e7f8-5104-4f88-a12f-02f961750df0 == 9f40e7f8-5104-4f88-a12f-02f961750df0 = true
08-17 04:00:52.762 12671 13201 D ChatMessageAdapter: ğŸ” DiffUtil areItemsTheSame: 74c8ce7b-f732-40e0-94aa-c6fbad19950c == 74c8ce7b-f732-40e0-94aa-c6fbad19950c = true
08-17 04:00:52.762 12671 13201 D ChatMessageAdapter: ğŸ” DiffUtil areItemsTheSame: 74c8ce7b-f732-40e0-94aa-c6fbad19950c == da1dd21a-6b89-4150-8057-319b9a24c8d2 = false
08-17 04:00:52.762 12671 13201 D ChatMessageAdapter: ğŸ” DiffUtil areItemsTheSame: fc0d7030-7f22-4e12-862d-2f589639a9b5 == fc0d7030-7f22-4e12-862d-2f589639a9b5 = true
08-17 04:00:52.762 12671 13201 D ChatMessageAdapter: ğŸ” DiffUtil areItemsTheSame: bd1141ed-a492-4ed7-af5b-a88a47524308 == bd1141ed-a492-4ed7-af5b-a88a47524308 = true
08-17 04:00:52.762 12671 13201 D ChatMessageAdapter: ğŸ” DiffUtil areItemsTheSame: 536b5939-46c7-4eb9-906d-f4ff7e568dd8 == 536b5939-46c7-4eb9-906d-f4ff7e568dd8 = true
08-17 04:00:52.762 12671 13201 D ChatMessageAdapter: ğŸ” DiffUtil areItemsTheSame: 781c4898-6302-435f-ac5c-5702d533a002 == 781c4898-6302-435f-ac5c-5702d533a002 = true
08-17 04:00:52.762 12671 13201 D ChatMessageAdapter: ğŸ” DiffUtil areItemsTheSame: 3064003c-34ee-4417-be8b-7fc14c72e703 == 3064003c-34ee-4417-be8b-7fc14c72e703 = true
08-17 04:00:52.762 12671 13201 D ChatMessageAdapter: ğŸ” DiffUtil areItemsTheSame: 9f40e7f8-5104-4f88-a12f-02f961750df0 == 9f40e7f8-5104-4f88-a12f-02f961750df0 = true
08-17 04:00:52.762 12671 13201 D ChatMessageAdapter: ğŸ” DiffUtil areItemsTheSame: 74c8ce7b-f732-40e0-94aa-c6fbad19950c == 74c8ce7b-f732-40e0-94aa-c6fbad19950c = true
08-17 04:00:52.762 12671 13201 D ChatMessageAdapter: ğŸ” DiffUtil areItemsTheSame: 74c8ce7b-f732-40e0-94aa-c6fbad19950c == 74c8ce7b-f732-40e0-94aa-c6fbad19950c = true
08-17 04:00:52.762 12671 13201 D ChatMessageAdapter: ğŸ” DiffUtil areItemsTheSame: 9f40e7f8-5104-4f88-a12f-02f961750df0 == 9f40e7f8-5104-4f88-a12f-02f961750df0 = true
08-17 04:00:52.762 12671 13201 D ChatMessageAdapter: ğŸ” DiffUtil areItemsTheSame: 3064003c-34ee-4417-be8b-7fc14c72e703 == 3064003c-34ee-4417-be8b-7fc14c72e703 = true
08-17 04:00:52.762 12671 13201 D ChatMessageAdapter: ğŸ” DiffUtil areItemsTheSame: 781c4898-6302-435f-ac5c-5702d533a002 == 781c4898-6302-435f-ac5c-5702d533a002 = true
08-17 04:00:52.762 12671 13201 D ChatMessageAdapter: ğŸ” DiffUtil areItemsTheSame: 536b5939-46c7-4eb9-906d-f4ff7e568dd8 == 536b5939-46c7-4eb9-906d-f4ff7e568dd8 = true
08-17 04:00:52.762 12671 13201 D ChatMessageAdapter: ğŸ” DiffUtil areItemsTheSame: bd1141ed-a492-4ed7-af5b-a88a47524308 == bd1141ed-a492-4ed7-af5b-a88a47524308 = true
08-17 04:00:52.762 12671 13201 D ChatMessageAdapter: ğŸ” DiffUtil areItemsTheSame: fc0d7030-7f22-4e12-862d-2f589639a9b5 == fc0d7030-7f22-4e12-862d-2f589639a9b5 = true
08-17 04:00:52.784 12671 12671 D ChatMessageAdapter: ğŸ“ Item 6: messageId=74c8ce7b-f732-40e0-94aa-c6fbad19950c, viewType=2
08-17 04:00:52.784 12671 12671 D ChatMessageAdapter: ğŸ“ Item 7: messageId=da1dd21a-6b89-4150-8057-319b9a24c8d2, viewType=2
08-17 04:00:52.785 12671 12671 D ChatMessageAdapter: ğŸ”„ Binding position 7: messageId=da1dd21a-6b89-4150-8057-319b9a24c8d2, isLiked=false, likeCount=0, isDeleted=false, isLocallyDeleted=false
08-17 04:00:52.785 12671 12671 D ChatMessageAdapter: ğŸ”§ ====== BIND MESSAGE START ======
08-17 04:00:52.785 12671 12671 D ChatMessageAdapter: ğŸ”§ Binding message: da1dd21a-6b89-4150-8057-319b9a24c8d2
08-17 04:00:52.785 12671 12671 D ChatMessageAdapter: ğŸ”§ isDeveloperDeleted: false
08-17 04:00:52.785 12671 12671 D ChatMessageAdapter: ğŸ”§ isDeleted: false
08-17 04:00:52.785 12671 12671 D ChatMessageAdapter: ğŸ”§ isLocallyDeleted: false
08-17 04:00:52.785 12671 12671 D ChatMessageAdapter: ğŸ”§ message text: 'hi'
08-17 04:00:52.785 12671 12671 D ChatMessageAdapter: ğŸ”§ âœ… NORMAL MESSAGE - Displaying normally
08-17 04:00:52.785 12671 12671 D ChatMessageAdapter: ğŸ”§ Resetting layout parameters to normal
08-17 04:00:52.785 12671 12671 D ChatMessageAdapter: ğŸ”§ Layout parameters reset complete
08-17 04:00:52.786 12671 12671 D ChatMessageAdapter: ğŸ’¬ Setting like count: 0
08-17 04:00:52.801 12671 12671 D ChatMessageAdapter: ğŸ“ Item 7: messageId=da1dd21a-6b89-4150-8057-319b9a24c8d2, viewType=2
08-17 04:00:52.856 12671 12671 D ChatFragment: Received 8 messages for display
08-17 04:00:52.856 12671 13398 D ChatMessageAdapter: ğŸ” DiffUtil areItemsTheSame: fc0d7030-7f22-4e12-862d-2f589639a9b5 == fc0d7030-7f22-4e12-862d-2f589639a9b5 = true
08-17 04:00:52.856 12671 13398 D ChatMessageAdapter: ğŸ” DiffUtil areItemsTheSame: bd1141ed-a492-4ed7-af5b-a88a47524308 == bd1141ed-a492-4ed7-af5b-a88a47524308 = true
08-17 04:00:52.856 12671 13398 D ChatMessageAdapter: ğŸ” DiffUtil areItemsTheSame: 536b5939-46c7-4eb9-906d-f4ff7e568dd8 == 536b5939-46c7-4eb9-906d-f4ff7e568dd8 = true
08-17 04:00:52.856 12671 13398 D ChatMessageAdapter: ğŸ” DiffUtil areItemsTheSame: 781c4898-6302-435f-ac5c-5702d533a002 == 781c4898-6302-435f-ac5c-5702d533a002 = true
08-17 04:00:52.856 12671 13398 D ChatMessageAdapter: ğŸ” DiffUtil areItemsTheSame: 3064003c-34ee-4417-be8b-7fc14c72e703 == 3064003c-34ee-4417-be8b-7fc14c72e703 = true
08-17 04:00:52.856 12671 13398 D ChatMessageAdapter: ğŸ” DiffUtil areItemsTheSame: 9f40e7f8-5104-4f88-a12f-02f961750df0 == 9f40e7f8-5104-4f88-a12f-02f961750df0 = true
08-17 04:00:52.856 12671 13398 D ChatMessageAdapter: ğŸ” DiffUtil areItemsTheSame: 74c8ce7b-f732-40e0-94aa-c6fbad19950c == 74c8ce7b-f732-40e0-94aa-c6fbad19950c = true
08-17 04:00:52.856 12671 13398 D ChatMessageAdapter: ğŸ” DiffUtil areItemsTheSame: da1dd21a-6b89-4150-8057-319b9a24c8d2 == da1dd21a-6b89-4150-8057-319b9a24c8d2 = true
08-17 04:00:52.856 12671 13398 D ChatMessageAdapter: ğŸ” DiffUtil areItemsTheSame: da1dd21a-6b89-4150-8057-319b9a24c8d2 == da1dd21a-6b89-4150-8057-319b9a24c8d2 = true
08-17 04:00:52.856 12671 13398 D ChatMessageAdapter: ğŸ” DiffUtil areItemsTheSame: 74c8ce7b-f732-40e0-94aa-c6fbad19950c == 74c8ce7b-f732-40e0-94aa-c6fbad19950c = true
08-17 04:00:52.856 12671 13398 D ChatMessageAdapter: ğŸ” DiffUtil areItemsTheSame: 9f40e7f8-5104-4f88-a12f-02f961750df0 == 9f40e7f8-5104-4f88-a12f-02f961750df0 = true
08-17 04:00:52.856 12671 13398 D ChatMessageAdapter: ğŸ” DiffUtil areItemsTheSame: 3064003c-34ee-4417-be8b-7fc14c72e703 == 3064003c-34ee-4417-be8b-7fc14c72e703 = true
08-17 04:00:52.856 12671 13398 D ChatMessageAdapter: ğŸ” DiffUtil areItemsTheSame: 781c4898-6302-435f-ac5c-5702d533a002 == 781c4898-6302-435f-ac5c-5702d533a002 = true
08-17 04:00:52.856 12671 13398 D ChatMessageAdapter: ğŸ” DiffUtil areItemsTheSame: 536b5939-46c7-4eb9-906d-f4ff7e568dd8 == 536b5939-46c7-4eb9-906d-f4ff7e568dd8 = true
08-17 04:00:52.856 12671 13398 D ChatMessageAdapter: ğŸ” DiffUtil areItemsTheSame: bd1141ed-a492-4ed7-af5b-a88a47524308 == bd1141ed-a492-4ed7-af5b-a88a47524308 = true
08-17 04:00:52.856 12671 13398 D ChatMessageAdapter: ğŸ” DiffUtil areItemsTheSame: fc0d7030-7f22-4e12-862d-2f589639a9b5 == fc0d7030-7f22-4e12-862d-2f589639a9b5 = true
08-17 04:00:52.856 12671 13398 D ChatMessageAdapter: ğŸ” DiffUtil contents changed for da1dd21a-6b89-4150-8057-319b9a24c8d2: likes 0->0, deleted false->false
08-17 04:00:52.884 12671 12671 D ChatMessageAdapter: ğŸ“ Item 6: messageId=74c8ce7b-f732-40e0-94aa-c6fbad19950c, viewType=2
08-17 04:00:52.884 12671 12671 D ChatMessageAdapter: ğŸ”„ Binding position 6: messageId=74c8ce7b-f732-40e0-94aa-c6fbad19950c, isLiked=false, likeCount=0, isDeleted=false, isLocallyDeleted=false
08-17 04:00:52.884 12671 12671 D ChatMessageAdapter: ğŸ”§ ====== BIND MESSAGE START ======
08-17 04:00:52.884 12671 12671 D ChatMessageAdapter: ğŸ”§ Binding message: 74c8ce7b-f732-40e0-94aa-c6fbad19950c
08-17 04:00:52.884 12671 12671 D ChatMessageAdapter: ğŸ”§ isDeveloperDeleted: false
08-17 04:00:52.884 12671 12671 D ChatMessageAdapter: ğŸ”§ isDeleted: false
08-17 04:00:52.884 12671 12671 D ChatMessageAdapter: ğŸ”§ isLocallyDeleted: false
08-17 04:00:52.884 12671 12671 D ChatMessageAdapter: ğŸ”§ message text: 'hi'
08-17 04:00:52.884 12671 12671 D ChatMessageAdapter: ğŸ”§ âœ… NORMAL MESSAGE - Displaying normally
08-17 04:00:52.884 12671 12671 D ChatMessageAdapter: ğŸ”§ Resetting layout parameters to normal
08-17 04:00:52.884 12671 12671 D ChatMessageAdapter: ğŸ”§ Layout parameters reset complete
08-17 04:00:52.884 12671 12671 D ChatMessageAdapter: ğŸ’¬ Setting like count: 0
08-17 04:00:52.885 12671 12671 D ChatMessageAdapter: ğŸ“ Item 7: messageId=da1dd21a-6b89-4150-8057-319b9a24c8d2, viewType=2
08-17 04:00:52.885 12671 12671 D ChatMessageAdapter: ğŸ”„ Binding position 7: messageId=da1dd21a-6b89-4150-8057-319b9a24c8d2, isLiked=false, likeCount=0, isDeleted=false, isLocallyDeleted=false
08-17 04:00:52.885 12671 12671 D ChatMessageAdapter: ğŸ”§ ====== BIND MESSAGE START ======
08-17 04:00:52.885 12671 12671 D ChatMessageAdapter: ğŸ”§ Binding message: da1dd21a-6b89-4150-8057-319b9a24c8d2
08-17 04:00:52.885 12671 12671 D ChatMessageAdapter: ğŸ”§ isDeveloperDeleted: false
08-17 04:00:52.885 12671 12671 D ChatMessageAdapter: ğŸ”§ isDeleted: false
08-17 04:00:52.885 12671 12671 D ChatMessageAdapter: ğŸ”§ isLocallyDeleted: false
08-17 04:00:52.885 12671 12671 D ChatMessageAdapter: ğŸ”§ message text: 'hi'
08-17 04:00:52.885 12671 12671 D ChatMessageAdapter: ğŸ”§ âœ… NORMAL MESSAGE - Displaying normally
08-17 04:00:52.885 12671 12671 D ChatMessageAdapter: ğŸ”§ Resetting layout parameters to normal
08-17 04:00:52.885 12671 12671 D ChatMessageAdapter: ğŸ”§ Layout parameters reset complete
08-17 04:00:52.885 12671 12671 D ChatMessageAdapter: ğŸ’¬ Setting like count: 0
08-17 04:00:52.900 12671 12671 D ChatMessageAdapter: ğŸ“ Item 7: messageId=da1dd21a-6b89-4150-8057-319b9a24c8d2, viewType=2
08-17 04:00:54.336 12671 12671 D ChatMessageAdapter: ğŸ“ Item 7: messageId=da1dd21a-6b89-4150-8057-319b9a24c8d2, viewType=2
08-17 04:00:54.336 12671 12671 D ChatMessageAdapter: ğŸ“ Item 6: messageId=74c8ce7b-f732-40e0-94aa-c6fbad19950c, viewType=2
08-17 04:00:54.336 12671 12671 D ChatMessageAdapter: ğŸ“ Item 5: messageId=9f40e7f8-5104-4f88-a12f-02f961750df0, viewType=2
08-17 04:00:54.336 12671 12671 D ChatMessageAdapter: ğŸ”„ Binding position 5: messageId=9f40e7f8-5104-4f88-a12f-02f961750df0, isLiked=false, likeCount=0, isDeleted=false, isLocallyDeleted=false
08-17 04:00:54.336 12671 12671 D ChatMessageAdapter: ğŸ”§ ====== BIND MESSAGE START ======
08-17 04:00:54.336 12671 12671 D ChatMessageAdapter: ğŸ”§ Binding message: 9f40e7f8-5104-4f88-a12f-02f961750df0
08-17 04:00:54.336 12671 12671 D ChatMessageAdapter: ğŸ”§ isDeveloperDeleted: false
08-17 04:00:54.336 12671 12671 D ChatMessageAdapter: ğŸ”§ isDeleted: false
08-17 04:00:54.336 12671 12671 D ChatMessageAdapter: ğŸ”§ isLocallyDeleted: false
08-17 04:00:54.336 12671 12671 D ChatMessageAdapter: ğŸ”§ message text: 'hello'
08-17 04:00:54.336 12671 12671 D ChatMessageAdapter: ğŸ”§ âœ… NORMAL MESSAGE - Displaying normally
08-17 04:00:54.336 12671 12671 D ChatMessageAdapter: ğŸ”§ Resetting layout parameters to normal
08-17 04:00:54.336 12671 12671 D ChatMessageAdapter: ğŸ”§ Layout parameters reset complete
08-17 04:00:54.337 12671 12671 D ChatMessageAdapter: ğŸ’¬ Setting like count: 0
08-17 04:00:54.337 12671 12671 D ChatMessageAdapter: ğŸ“ Item 4: messageId=3064003c-34ee-4417-be8b-7fc14c72e703, viewType=2
08-17 04:00:54.338 12671 12671 D ChatMessageAdapter: ğŸ“ Item 3: messageId=781c4898-6302-435f-ac5c-5702d533a002, viewType=2
08-17 04:00:54.338 12671 12671 D ChatMessageAdapter: ğŸ“ Item 2: messageId=536b5939-46c7-4eb9-906d-f4ff7e568dd8, viewType=2
08-17 04:00:54.338 12671 12671 D ChatMessageAdapter: ğŸ”„ Binding position 2: messageId=536b5939-46c7-4eb9-906d-f4ff7e568dd8, isLiked=false, likeCount=0, isDeleted=false, isLocallyDeleted=false
08-17 04:00:54.338 12671 12671 D ChatMessageAdapter: ğŸ”§ ====== BIND MESSAGE START ======
08-17 04:00:54.338 12671 12671 D ChatMessageAdapter: ğŸ”§ Binding message: 536b5939-46c7-4eb9-906d-f4ff7e568dd8
08-17 04:00:54.338 12671 12671 D ChatMessageAdapter: ğŸ”§ isDeveloperDeleted: false
08-17 04:00:54.338 12671 12671 D ChatMessageAdapter: ğŸ”§ isDeleted: false
08-17 04:00:54.338 12671 12671 D ChatMessageAdapter: ğŸ”§ isLocallyDeleted: false
08-17 04:00:54.338 12671 12671 D ChatMessageAdapter: ğŸ”§ message text: 'test'
08-17 04:00:54.338 12671 12671 D ChatMessageAdapter: ğŸ”§ âœ… NORMAL MESSAGE - Displaying normally
08-17 04:00:54.338 12671 12671 D ChatMessageAdapter: ğŸ”§ Resetting layout parameters to normal
08-17 04:00:54.338 12671 12671 D ChatMessageAdapter: ğŸ”§ Layout parameters reset complete
08-17 04:00:54.339 12671 12671 D ChatMessageAdapter: ğŸ’¬ Setting like count: 0
08-17 04:01:00.758 12671 12671 D ChatFragment: ğŸ”§ ====== DEVELOPER DELETE START ======
08-17 04:01:00.758 12671 12671 D ChatFragment: ğŸ”§ Message ID: 9f40e7f8-5104-4f88-a12f-02f961750df0
08-17 04:01:00.758 12671 12671 D ChatFragment: ğŸ”§ Message text: hello
08-17 04:01:00.758 12671 12671 D ChatFragment: ğŸ”§ Current isDeveloperDeleted: false
08-17 04:01:00.758 12671 12671 D ChatFragment: ğŸ”§ Current isDeleted: false
08-17 04:01:00.759 12671 12671 D ChatFragment: ğŸ”§ Step 1: Marking as developer deleted in database...
08-17 04:01:00.759 12671 12671 D ChatFragment: ğŸ”§ ====== DEVELOPER DELETE END ======
08-17 04:01:00.766 12671 13183 D ChatFragment: ğŸ”§ Database update completed
08-17 04:01:00.869 12671 12834 D ChatFragment: ğŸ”§ Verification - Updated message in DB:
08-17 04:01:00.869 12671 12834 D ChatFragment: ğŸ”§   - ID: 17
08-17 04:01:00.869 12671 12834 D ChatFragment: ğŸ”§   - MessageId: 9f40e7f8-5104-4f88-a12f-02f961750df0
08-17 04:01:00.869 12671 12834 D ChatFragment: ğŸ”§   - isDeveloperDeleted: true
08-17 04:01:00.869 12671 12834 D ChatFragment: ğŸ”§   - isDeleted: false
08-17 04:01:00.869 12671 12834 D ChatFragment: ğŸ”§   - message text: hello
08-17 04:01:00.869 12671 12834 D ChatFragment: ğŸ”§ âœ… Database update successful! isDeveloperDeleted = true
08-17 04:01:00.869 12671 12671 D ChatFragment: ğŸ”§ Step 2: Deleting from Firebase...
08-17 04:01:00.969 12671 12671 D ChatFragment: Received 7 messages for display
08-17 04:01:00.970 12671 13201 D ChatMessageAdapter: ğŸ” DiffUtil areItemsTheSame: fc0d7030-7f22-4e12-862d-2f589639a9b5 == fc0d7030-7f22-4e12-862d-2f589639a9b5 = true
08-17 04:01:00.970 12671 13201 D ChatMessageAdapter: ğŸ” DiffUtil areItemsTheSame: bd1141ed-a492-4ed7-af5b-a88a47524308 == bd1141ed-a492-4ed7-af5b-a88a47524308 = true
08-17 04:01:00.970 12671 13201 D ChatMessageAdapter: ğŸ” DiffUtil areItemsTheSame: 536b5939-46c7-4eb9-906d-f4ff7e568dd8 == 536b5939-46c7-4eb9-906d-f4ff7e568dd8 = true
08-17 04:01:00.970 12671 13201 D ChatMessageAdapter: ğŸ” DiffUtil areItemsTheSame: 781c4898-6302-435f-ac5c-5702d533a002 == 781c4898-6302-435f-ac5c-5702d533a002 = true
08-17 04:01:00.970 12671 13201 D ChatMessageAdapter: ğŸ” DiffUtil areItemsTheSame: 3064003c-34ee-4417-be8b-7fc14c72e703 == 3064003c-34ee-4417-be8b-7fc14c72e703 = true
08-17 04:01:00.970 12671 13201 D ChatMessageAdapter: ğŸ” DiffUtil areItemsTheSame: 9f40e7f8-5104-4f88-a12f-02f961750df0 == 74c8ce7b-f732-40e0-94aa-c6fbad19950c = false
08-17 04:01:00.970 12671 13201 D ChatMessageAdapter: ğŸ” DiffUtil areItemsTheSame: da1dd21a-6b89-4150-8057-319b9a24c8d2 == da1dd21a-6b89-4150-8057-319b9a24c8d2 = true
