08-17 03:51:18.346  7245  7245 D ChatMessageAdapter: ğŸ“ Item 2: messageId=258a2d7b-9fb8-434b-8004-c8ad026d485c, viewType=1
08-17 03:51:18.346  7245  7245 D ChatMessageAdapter: ğŸ”„ Binding position 2: messageId=258a2d7b-9fb8-434b-8004-c8ad026d485c, isLiked=false, likeCount=0, isDeleted=false, isLocallyDeleted=false
08-17 03:51:18.346  7245  7245 D ChatMessageAdapter: ğŸ’¬ Binding message: 258a2d7b-9fb8-434b-8004-c8ad026d485c, isDeveloperDeleted: false
08-17 03:51:18.347  7245  7245 D ChatMessageAdapter: ğŸ’¬ Setting like count: 0
08-17 03:51:18.363  7245  7245 D ChatMessageAdapter: ğŸ“ Item 2: messageId=258a2d7b-9fb8-434b-8004-c8ad026d485c, viewType=1
08-17 03:51:18.393  7245  7245 D ChatFragment: Received 3 messages for display
08-17 03:51:18.393  7245  9408 D ChatMessageAdapter: ğŸ” DiffUtil areItemsTheSame: fc0d7030-7f22-4e12-862d-2f589639a9b5 == fc0d7030-7f22-4e12-862d-2f589639a9b5 = true
08-17 03:51:18.393  7245  9408 D ChatMessageAdapter: ğŸ” DiffUtil areItemsTheSame: a0d8662d-9728-4a72-a391-6d281b827085 == a0d8662d-9728-4a72-a391-6d281b827085 = true
08-17 03:51:18.393  7245  9408 D ChatMessageAdapter: ğŸ” DiffUtil areItemsTheSame: 258a2d7b-9fb8-434b-8004-c8ad026d485c == 258a2d7b-9fb8-434b-8004-c8ad026d485c = true
08-17 03:51:18.393  7245  9408 D ChatMessageAdapter: ğŸ” DiffUtil areItemsTheSame: 258a2d7b-9fb8-434b-8004-c8ad026d485c == 258a2d7b-9fb8-434b-8004-c8ad026d485c = true
08-17 03:51:18.393  7245  9408 D ChatMessageAdapter: ğŸ” DiffUtil areItemsTheSame: a0d8662d-9728-4a72-a391-6d281b827085 == a0d8662d-9728-4a72-a391-6d281b827085 = true
08-17 03:51:18.393  7245  9408 D ChatMessageAdapter: ğŸ” DiffUtil areItemsTheSame: fc0d7030-7f22-4e12-862d-2f589639a9b5 == fc0d7030-7f22-4e12-862d-2f589639a9b5 = true
08-17 03:51:18.393  7245  9408 D ChatMessageAdapter: ğŸ” DiffUtil contents changed for 258a2d7b-9fb8-434b-8004-c8ad026d485c: likes 0->0, deleted false->false
08-17 03:51:18.413  7245  7245 D ChatMessageAdapter: ğŸ“ Item 2: messageId=258a2d7b-9fb8-434b-8004-c8ad026d485c, viewType=1
08-17 03:51:18.413  7245  7245 D ChatMessageAdapter: ğŸ”„ Binding position 2: messageId=258a2d7b-9fb8-434b-8004-c8ad026d485c, isLiked=false, likeCount=0, isDeleted=false, isLocallyDeleted=false
08-17 03:51:18.413  7245  7245 D ChatMessageAdapter: ğŸ’¬ Binding message: 258a2d7b-9fb8-434b-8004-c8ad026d485c, isDeveloperDeleted: false
08-17 03:51:18.414  7245  7245 D ChatMessageAdapter: ğŸ’¬ Setting like count: 0
08-17 03:51:18.429  7245  7245 D ChatMessageAdapter: ğŸ“ Item 2: messageId=258a2d7b-9fb8-434b-8004-c8ad026d485c, viewType=1
08-17 03:51:21.714  7245  7245 D ChatFragment: Sending message: test 2 to room: public
08-17 03:51:21.723  7245  7245 D ChatFragment: Received 4 messages for display
08-17 03:51:21.724  7245  9096 D ChatMessageAdapter: ğŸ” DiffUtil areItemsTheSame: fc0d7030-7f22-4e12-862d-2f589639a9b5 == fc0d7030-7f22-4e12-862d-2f589639a9b5 = true
08-17 03:51:21.724  7245  9096 D ChatMessageAdapter: ğŸ” DiffUtil areItemsTheSame: a0d8662d-9728-4a72-a391-6d281b827085 == a0d8662d-9728-4a72-a391-6d281b827085 = true
08-17 03:51:21.724  7245  9096 D ChatMessageAdapter: ğŸ” DiffUtil areItemsTheSame: 258a2d7b-9fb8-434b-8004-c8ad026d485c == 258a2d7b-9fb8-434b-8004-c8ad026d485c = true
08-17 03:51:21.724  7245  9096 D ChatMessageAdapter: ğŸ” DiffUtil areItemsTheSame: 258a2d7b-9fb8-434b-8004-c8ad026d485c == bd1141ed-a492-4ed7-af5b-a88a47524308 = false
08-17 03:51:21.724  7245  9096 D ChatMessageAdapter: ğŸ” DiffUtil areItemsTheSame: fc0d7030-7f22-4e12-862d-2f589639a9b5 == fc0d7030-7f22-4e12-862d-2f589639a9b5 = true
08-17 03:51:21.724  7245  9096 D ChatMessageAdapter: ğŸ” DiffUtil areItemsTheSame: a0d8662d-9728-4a72-a391-6d281b827085 == a0d8662d-9728-4a72-a391-6d281b827085 = true
08-17 03:51:21.724  7245  9096 D ChatMessageAdapter: ğŸ” DiffUtil areItemsTheSame: 258a2d7b-9fb8-434b-8004-c8ad026d485c == 258a2d7b-9fb8-434b-8004-c8ad026d485c = true
08-17 03:51:21.724  7245  9096 D ChatMessageAdapter: ğŸ” DiffUtil areItemsTheSame: 258a2d7b-9fb8-434b-8004-c8ad026d485c == 258a2d7b-9fb8-434b-8004-c8ad026d485c = true
08-17 03:51:21.724  7245  9096 D ChatMessageAdapter: ğŸ” DiffUtil areItemsTheSame: a0d8662d-9728-4a72-a391-6d281b827085 == a0d8662d-9728-4a72-a391-6d281b827085 = true
08-17 03:51:21.724  7245  9096 D ChatMessageAdapter: ğŸ” DiffUtil areItemsTheSame: fc0d7030-7f22-4e12-862d-2f589639a9b5 == fc0d7030-7f22-4e12-862d-2f589639a9b5 = true
08-17 03:51:21.747  7245  7245 D ChatMessageAdapter: ğŸ“ Item 2: messageId=258a2d7b-9fb8-434b-8004-c8ad026d485c, viewType=1
08-17 03:51:21.747  7245  7245 D ChatMessageAdapter: ğŸ“ Item 3: messageId=bd1141ed-a492-4ed7-af5b-a88a47524308, viewType=1
08-17 03:51:21.748  7245  7245 D ChatMessageAdapter: ğŸ”„ Binding position 3: messageId=bd1141ed-a492-4ed7-af5b-a88a47524308, isLiked=false, likeCount=0, isDeleted=false, isLocallyDeleted=false
08-17 03:51:21.748  7245  7245 D ChatMessageAdapter: ğŸ’¬ Binding message: bd1141ed-a492-4ed7-af5b-a88a47524308, isDeveloperDeleted: false
08-17 03:51:21.748  7245  7245 D ChatMessageAdapter: ğŸ’¬ Setting like count: 0
08-17 03:51:21.764  7245  7245 D ChatMessageAdapter: ğŸ“ Item 3: messageId=bd1141ed-a492-4ed7-af5b-a88a47524308, viewType=1
08-17 03:51:21.788  7245  7245 D ChatFragment: Received 4 messages for display
08-17 03:51:21.789  7245  9408 D ChatMessageAdapter: ğŸ” DiffUtil areItemsTheSame: fc0d7030-7f22-4e12-862d-2f589639a9b5 == fc0d7030-7f22-4e12-862d-2f589639a9b5 = true
08-17 03:51:21.789  7245  9408 D ChatMessageAdapter: ğŸ” DiffUtil areItemsTheSame: a0d8662d-9728-4a72-a391-6d281b827085 == a0d8662d-9728-4a72-a391-6d281b827085 = true
08-17 03:51:21.789  7245  9408 D ChatMessageAdapter: ğŸ” DiffUtil areItemsTheSame: 258a2d7b-9fb8-434b-8004-c8ad026d485c == 258a2d7b-9fb8-434b-8004-c8ad026d485c = true
08-17 03:51:21.789  7245  9408 D ChatMessageAdapter: ğŸ” DiffUtil areItemsTheSame: bd1141ed-a492-4ed7-af5b-a88a47524308 == bd1141ed-a492-4ed7-af5b-a88a47524308 = true
08-17 03:51:21.789  7245  9408 D ChatMessageAdapter: ğŸ” DiffUtil areItemsTheSame: bd1141ed-a492-4ed7-af5b-a88a47524308 == bd1141ed-a492-4ed7-af5b-a88a47524308 = true
08-17 03:51:21.789  7245  9408 D ChatMessageAdapter: ğŸ” DiffUtil areItemsTheSame: 258a2d7b-9fb8-434b-8004-c8ad026d485c == 258a2d7b-9fb8-434b-8004-c8ad026d485c = true
08-17 03:51:21.789  7245  9408 D ChatMessageAdapter: ğŸ” DiffUtil areItemsTheSame: a0d8662d-9728-4a72-a391-6d281b827085 == a0d8662d-9728-4a72-a391-6d281b827085 = true
08-17 03:51:21.789  7245  9408 D ChatMessageAdapter: ğŸ” DiffUtil areItemsTheSame: fc0d7030-7f22-4e12-862d-2f589639a9b5 == fc0d7030-7f22-4e12-862d-2f589639a9b5 = true
08-17 03:51:21.789  7245  9408 D ChatMessageAdapter: ğŸ” DiffUtil contents changed for bd1141ed-a492-4ed7-af5b-a88a47524308: likes 0->0, deleted false->false
08-17 03:51:21.814  7245  7245 D ChatMessageAdapter: ğŸ“ Item 3: messageId=bd1141ed-a492-4ed7-af5b-a88a47524308, viewType=1
08-17 03:51:21.814  7245  7245 D ChatMessageAdapter: ğŸ”¨ Creating ViewHolder for viewType=1
08-17 03:51:21.822  7245  7245 D ChatMessageAdapter: ğŸ”„ Binding position 3: messageId=bd1141ed-a492-4ed7-af5b-a88a47524308, isLiked=false, likeCount=0, isDeleted=false, isLocallyDeleted=false
08-17 03:51:21.822  7245  7245 D ChatMessageAdapter: ğŸ’¬ Binding message: bd1141ed-a492-4ed7-af5b-a88a47524308, isDeveloperDeleted: false
08-17 03:51:21.824  7245  7245 D ChatMessageAdapter: ğŸ’¬ Setting like count: 0
08-17 03:51:21.831  7245  7245 D ChatMessageAdapter: ğŸ“ Item 3: messageId=bd1141ed-a492-4ed7-af5b-a88a47524308, viewType=1
08-17 03:51:23.063  7245  7245 D ChatMessageAdapter: ğŸ“ Item 3: messageId=bd1141ed-a492-4ed7-af5b-a88a47524308, viewType=1
08-17 03:51:23.064  7245  7245 D ChatMessageAdapter: ğŸ“ Item 2: messageId=258a2d7b-9fb8-434b-8004-c8ad026d485c, viewType=1
08-17 03:51:23.065  7245  7245 D ChatMessageAdapter: ğŸ“ Item 1: messageId=a0d8662d-9728-4a72-a391-6d281b827085, viewType=2
08-17 03:51:23.065  7245  7245 D ChatMessageAdapter: ğŸ“ Item 0: messageId=fc0d7030-7f22-4e12-862d-2f589639a9b5, viewType=2
08-17 03:51:23.065  7245  7245 D ChatMessageAdapter: ğŸ”„ Binding position 0: messageId=fc0d7030-7f22-4e12-862d-2f589639a9b5, isLiked=false, likeCount=0, isDeleted=false, isLocallyDeleted=false
08-17 03:51:23.065  7245  7245 D ChatMessageAdapter: ğŸ’¬ Binding message: fc0d7030-7f22-4e12-862d-2f589639a9b5, isDeveloperDeleted: false
08-17 03:51:23.065  7245  7245 D ChatMessageAdapter: ğŸ’¬ Setting like count: 0
08-17 03:51:46.022  7245  7245 D ChatMessageAdapter: ğŸ“ Item 3: messageId=bd1141ed-a492-4ed7-af5b-a88a47524308, viewType=1
08-17 03:51:46.023  7245  7245 D ChatMessageAdapter: ğŸ“ Item 2: messageId=258a2d7b-9fb8-434b-8004-c8ad026d485c, viewType=1
08-17 03:51:46.023  7245  7245 D ChatMessageAdapter: ğŸ“ Item 1: messageId=a0d8662d-9728-4a72-a391-6d281b827085, viewType=2
08-17 03:51:46.023  7245  7245 D ChatMessageAdapter: ğŸ“ Item 0: messageId=fc0d7030-7f22-4e12-862d-2f589639a9b5, viewType=2
08-17 03:51:53.393  7245  7245 D ChatFragment: ğŸ”§ DEVELOPER DELETE: Making message invisible 258a2d7b-9fb8-434b-8004-c8ad026d485c
08-17 03:51:53.398  7245  7285 D ChatFragment: ğŸ”§ Message marked as developer deleted in local database
08-17 03:51:53.455  7245  7245 D ChatFragment: Received 3 messages for display
08-17 03:51:53.455  7245  9096 D ChatMessageAdapter: ğŸ” DiffUtil areItemsTheSame: fc0d7030-7f22-4e12-862d-2f589639a9b5 == fc0d7030-7f22-4e12-862d-2f589639a9b5 = true
08-17 03:51:53.455  7245  9096 D ChatMessageAdapter: ğŸ” DiffUtil areItemsTheSame: a0d8662d-9728-4a72-a391-6d281b827085 == a0d8662d-9728-4a72-a391-6d281b827085 = true
08-17 03:51:53.455  7245  9096 D ChatMessageAdapter: ğŸ” DiffUtil areItemsTheSame: 258a2d7b-9fb8-434b-8004-c8ad026d485c == bd1141ed-a492-4ed7-af5b-a88a47524308 = false
08-17 03:51:53.455  7245  9096 D ChatMessageAdapter: ğŸ” DiffUtil areItemsTheSame: bd1141ed-a492-4ed7-af5b-a88a47524308 == bd1141ed-a492-4ed7-af5b-a88a47524308 = true
08-17 03:51:53.455  7245  9096 D ChatMessageAdapter: ğŸ” DiffUtil areItemsTheSame: 258a2d7b-9fb8-434b-8004-c8ad026d485c == a0d8662d-9728-4a72-a391-6d281b827085 = false
08-17 03:51:53.455  7245  9096 D ChatMessageAdapter: ğŸ” DiffUtil areItemsTheSame: bd1141ed-a492-4ed7-af5b-a88a47524308 == bd1141ed-a492-4ed7-af5b-a88a47524308 = true
08-17 03:51:53.455  7245  9096 D ChatMessageAdapter: ğŸ” DiffUtil areItemsTheSame: fc0d7030-7f22-4e12-862d-2f589639a9b5 == fc0d7030-7f22-4e12-862d-2f589639a9b5 = true
08-17 03:51:53.455  7245  9096 D ChatMessageAdapter: ğŸ” DiffUtil areItemsTheSame: a0d8662d-9728-4a72-a391-6d281b827085 == a0d8662d-9728-4a72-a391-6d281b827085 = true
08-17 03:51:53.455  7245  9096 D ChatMessageAdapter: ğŸ” DiffUtil areItemsTheSame: a0d8662d-9728-4a72-a391-6d281b827085 == a0d8662d-9728-4a72-a391-6d281b827085 = true
08-17 03:51:53.455  7245  9096 D ChatMessageAdapter: ğŸ” DiffUtil areItemsTheSame: fc0d7030-7f22-4e12-862d-2f589639a9b5 == fc0d7030-7f22-4e12-862d-2f589639a9b5 = true
08-17 03:51:53.459  7245  7245 D ChatMessageAdapter: ğŸ“ Item 2: messageId=bd1141ed-a492-4ed7-af5b-a88a47524308, viewType=1
08-17 03:51:53.459  7245  7245 D ChatMessageAdapter: ğŸ“ Item 1: messageId=a0d8662d-9728-4a72-a391-6d281b827085, viewType=2
08-17 03:51:53.459  7245  7245 D ChatMessageAdapter: ğŸ“ Item 0: messageId=fc0d7030-7f22-4e12-862d-2f589639a9b5, viewType=2
08-17 03:51:53.474  7245  7245 D ChatMessageAdapter: ğŸ“ Item 2: messageId=bd1141ed-a492-4ed7-af5b-a88a47524308, viewType=1
08-17 03:51:53.474  7245  7245 D ChatMessageAdapter: ğŸ“ Item 1: messageId=a0d8662d-9728-4a72-a391-6d281b827085, viewType=2
08-17 03:51:53.474  7245  7245 D ChatMessageAdapter: ğŸ“ Item 0: messageId=fc0d7030-7f22-4e12-862d-2f589639a9b5, viewType=2
08-17 03:51:53.547  7245  7245 D ChatFragment: ğŸ”§ Message deleted from Firebase
08-17 03:51:53.550  7245  7245 I Toast   : show: caller = com.sam.cloudcounter.ChatFragment$handleDeveloperDelete$1$2.invokeSuspend:2158 
08-17 03:51:53.572  7245  7245 D ChatFragment: Loading 13 messages from local DB
08-17 03:51:53.572  7245  7245 D ChatFragment: User has liked 0 messages
08-17 03:51:53.573  7245  7245 D ChatFragment: Locally deleted messages: 0
08-17 03:51:53.573  7245  7245 D ChatMessageAdapter: ğŸ’— Updating liked messages: old=0, new=0
08-17 03:51:53.573  7245  7245 D ChatMessageAdapter: ğŸ’— Liked message IDs: []
08-17 03:51:53.573  7245  7245 D ChatMessageAdapter: ğŸ—‘ï¸ Updating locally deleted: 0 messages
08-17 03:51:53.573  7245  9408 D ChatMessageAdapter: ğŸ” DiffUtil areItemsTheSame: fc0d7030-7f22-4e12-862d-2f589639a9b5 == 7693b20f-b085-4b04-b696-801f44a33fdf = false
08-17 03:51:53.574  7245  9408 D ChatMessageAdapter: ğŸ” DiffUtil areItemsTheSame: bd1141ed-a492-4ed7-af5b-a88a47524308 == bd1141ed-a492-4ed7-af5b-a88a47524308 = true
08-17 03:51:53.574  7245  9408 D ChatMessageAdapter: ğŸ” DiffUtil areItemsTheSame: a0d8662d-9728-4a72-a391-6d281b827085 == 34cebd34-5864-4bac-8437-fb193bc9ecdc = false
08-17 03:51:53.574  7245  9408 D ChatMessageAdapter: ğŸ” DiffUtil areItemsTheSame: fc0d7030-7f22-4e12-862d-2f589639a9b5 == 8afc87a1-817b-4954-a619-55e4b9587e1f = false
08-17 03:51:53.574  7245  9408 D ChatMessageAdapter: ğŸ” DiffUtil areItemsTheSame: a0d8662d-9728-4a72-a391-6d281b827085 == 7693b20f-b085-4b04-b696-801f44a33fdf = false
08-17 03:51:53.574  7245  9408 D ChatMessageAdapter: ğŸ” DiffUtil areItemsTheSame: a0d8662d-9728-4a72-a391-6d281b827085 == 36debbd5-4825-49ad-8fd2-1acdc79c38ab = false
08-17 03:51:53.574  7245  9408 D ChatMessageAdapter: ğŸ” DiffUtil areItemsTheSame: fc0d7030-7f22-4e12-862d-2f589639a9b5 == 34cebd34-5864-4bac-8437-fb193bc9ecdc = false
08-17 03:51:53.574  7245  9408 D ChatMessageAdapter: ğŸ” DiffUtil areItemsTheSame: fc0d7030-7f22-4e12-862d-2f589639a9b5 == c124ea91-d2fe-4805-8df7-99b7152811ff = false
08-17 03:51:53.574  7245  9408 D ChatMessageAdapter: ğŸ” DiffUtil areItemsTheSame: a0d8662d-9728-4a72-a391-6d281b827085 == 8afc87a1-817b-4954-a619-55e4b9587e1f = false
08-17 03:51:53.574  7245  9408 D ChatMessageAdapter: ğŸ” DiffUtil areItemsTheSame: bd1141ed-a492-4ed7-af5b-a88a47524308 == 7693b20f-b085-4b04-b696-801f44a33fdf = false
08-17 03:51:53.574  7245  9408 D ChatMessageAdapter: ğŸ” DiffUtil areItemsTheSame: a0d8662d-9728-4a72-a391-6d281b827085 == a0d8662d-9728-4a72-a391-6d281b827085 = true
08-17 03:51:53.574  7245  9408 D ChatMessageAdapter: ğŸ” DiffUtil areItemsTheSame: fc0d7030-7f22-4e12-862d-2f589639a9b5 == fc0d7030-7f22-4e12-862d-2f589639a9b5 = true
08-17 03:51:53.574  7245  9408 D ChatMessageAdapter: ğŸ” DiffUtil areItemsTheSame: fc0d7030-7f22-4e12-862d-2f589639a9b5 == 36debbd5-4825-49ad-8fd2-1acdc79c38ab = false
08-17 03:51:53.574  7245  9408 D ChatMessageAdapter: ğŸ” DiffUtil areItemsTheSame: fc0d7030-7f22-4e12-862d-2f589639a9b5 == e924ab08-dac9-4fe9-bfbb-ff4fd4da15f3 = false
08-17 03:51:53.574  7245  9408 D ChatMessageAdapter: ğŸ” DiffUtil areItemsTheSame: a0d8662d-9728-4a72-a391-6d281b827085 == c124ea91-d2fe-4805-8df7-99b7152811ff = false
08-17 03:51:53.574  7245  9408 D ChatMessageAdapter: ğŸ” DiffUtil areItemsTheSame: bd1141ed-a492-4ed7-af5b-a88a47524308 == 8afc87a1-817b-4954-a619-55e4b9587e1f = false
08-17 03:51:53.574  7245  9408 D ChatMessageAdapter: ğŸ” DiffUtil areItemsTheSame: fc0d7030-7f22-4e12-862d-2f589639a9b5 == 9932eda8-ceb1-40c7-b58d-b095c00df1f8 = false
08-17 03:51:53.574  7245  9408 D ChatMessageAdapter: ğŸ” DiffUtil areItemsTheSame: a0d8662d-9728-4a72-a391-6d281b827085 == e924ab08-dac9-4fe9-bfbb-ff4fd4da15f3 = false
08-17 03:51:53.574  7245  9408 D ChatMessageAdapter: ğŸ” DiffUtil areItemsTheSame: bd1141ed-a492-4ed7-af5b-a88a47524308 == c124ea91-d2fe-4805-8df7-99b7152811ff = false
08-17 03:51:53.574  7245  9408 D ChatMessageAdapter: ğŸ” DiffUtil areItemsTheSame: fc0d7030-7f22-4e12-862d-2f589639a9b5 == 20bc3391-cb5f-496c-8c6c-d8197e4c7b82 = false
08-17 03:51:53.574  7245  9408 D ChatMessageAdapter: ğŸ” DiffUtil areItemsTheSame: a0d8662d-9728-4a72-a391-6d281b827085 == 9932eda8-ceb1-40c7-b58d-b095c00df1f8 = false
08-17 03:51:53.574  7245  9408 D ChatMessageAdapter: ğŸ” DiffUtil areItemsTheSame: bd1141ed-a492-4ed7-af5b-a88a47524308 == e924ab08-dac9-4fe9-bfbb-ff4fd4da15f3 = false
08-17 03:51:53.574  7245  9408 D ChatMessageAdapter: ğŸ” DiffUtil areItemsTheSame: fc0d7030-7f22-4e12-862d-2f589639a9b5 == af31b8cf-ed84-4117-b6f5-e6f2392551fb = false
08-17 03:51:53.574  7245  9408 D ChatMessageAdapter: ğŸ” DiffUtil areItemsTheSame: bd1141ed-a492-4ed7-af5b-a88a47524308 == bd1141ed-a492-4ed7-af5b-a88a47524308 = true
08-17 03:51:53.574  7245  9408 D ChatMessageAdapter: ğŸ” DiffUtil areItemsTheSame: a0d8662d-9728-4a72-a391-6d281b827085 == 34cebd34-5864-4bac-8437-fb193bc9ecdc = false
08-17 03:51:53.574  7245  9408 D ChatMessageAdapter: ğŸ” DiffUtil areItemsTheSame: fc0d7030-7f22-4e12-862d-2f589639a9b5 == 1a74a47b-f229-4f3f-a449-0d97ecb64913 = false
08-17 03:51:53.574  7245  9408 D ChatMessageAdapter: ğŸ” DiffUtil areItemsTheSame: a0d8662d-9728-4a72-a391-6d281b827085 == af31b8cf-ed84-4117-b6f5-e6f2392551fb = false
08-17 03:51:53.574  7245  9408 D ChatMessageAdapter: ğŸ” DiffUtil areItemsTheSame: a0d8662d-9728-4a72-a391-6d281b827085 == 36debbd5-4825-49ad-8fd2-1acdc79c38ab = false
08-17 03:51:53.574  7245  9408 D ChatMessageAdapter: ğŸ” DiffUtil areItemsTheSame: fc0d7030-7f22-4e12-862d-2f589639a9b5 == 34cebd34-5864-4bac-8437-fb193bc9ecdc = false
08-17 03:51:53.574  7245  9408 D ChatMessageAdapter: ğŸ” DiffUtil areItemsTheSame: fc0d7030-7f22-4e12-862d-2f589639a9b5 == fc0d7030-7f22-4e12-862d-2f589639a9b5 = true
08-17 03:51:53.574  7245  9408 D ChatMessageAdapter: ğŸ” DiffUtil areItemsTheSame: a0d8662d-9728-4a72-a391-6d281b827085 == a0d8662d-9728-4a72-a391-6d281b827085 = true
08-17 03:51:53.574  7245  9408 D ChatMessageAdapter: ğŸ” DiffUtil areItemsTheSame: bd1141ed-a492-4ed7-af5b-a88a47524308 == 36debbd5-4825-49ad-8fd2-1acdc79c38ab = false
08-17 03:51:53.574  7245  9408 D ChatMessageAdapter: ğŸ” DiffUtil areItemsTheSame: a0d8662d-9728-4a72-a391-6d281b827085 == 1a74a47b-f229-4f3f-a449-0d97ecb64913 = false
08-17 03:51:53.574  7245  9408 D ChatMessageAdapter: ğŸ” DiffUtil areItemsTheSame: bd1141ed-a492-4ed7-af5b-a88a47524308 == af31b8cf-ed84-4117-b6f5-e6f2392551fb = false
08-17 03:51:53.574  7245  9408 D ChatMessageAdapter: ğŸ” DiffUtil areItemsTheSame: a0d8662d-9728-4a72-a391-6d281b827085 == a0d8662d-9728-4a72-a391-6d281b827085 = true
08-17 03:51:53.574  7245  9408 D ChatMessageAdapter: ğŸ” DiffUtil areItemsTheSame: fc0d7030-7f22-4e12-862d-2f589639a9b5 == fc0d7030-7f22-4e12-862d-2f589639a9b5 = true
08-17 03:51:53.574  7245  9408 D ChatMessageAdapter: ğŸ” DiffUtil areItemsTheSame: bd1141ed-a492-4ed7-af5b-a88a47524308 == 34cebd34-5864-4bac-8437-fb193bc9ecdc = false
08-17 03:51:53.574  7245  9408 D ChatMessageAdapter: ğŸ” DiffUtil areItemsTheSame: bd1141ed-a492-4ed7-af5b-a88a47524308 == bd1141ed-a492-4ed7-af5b-a88a47524308 = true
08-17 03:51:53.574  7245  9408 D ChatMessageAdapter: ğŸ” DiffUtil areItemsTheSame: bd1141ed-a492-4ed7-af5b-a88a47524308 == bd1141ed-a492-4ed7-af5b-a88a47524308 = true
08-17 03:51:53.592  7245  7245 D ChatMessageAdapter: ğŸ“ Item 2: messageId=bd1141ed-a492-4ed7-af5b-a88a47524308, viewType=1
08-17 03:51:53.593  7245  7245 D ChatMessageAdapter: ğŸ”„ Binding position 2: messageId=bd1141ed-a492-4ed7-af5b-a88a47524308, isLiked=false, likeCount=0, isDeleted=false, isLocallyDeleted=false
08-17 03:51:53.593  7245  7245 D ChatMessageAdapter: ğŸ’¬ Binding message: bd1141ed-a492-4ed7-af5b-a88a47524308, isDeveloperDeleted: false
08-17 03:51:53.594  7245  7245 D ChatMessageAdapter: ğŸ’¬ Setting like count: 0
08-17 03:51:53.595  7245  7245 D ChatMessageAdapter: ğŸ“ Item 1: messageId=a0d8662d-9728-4a72-a391-6d281b827085, viewType=2
08-17 03:51:53.595  7245  7245 D ChatMessageAdapter: ğŸ”„ Binding position 1: messageId=a0d8662d-9728-4a72-a391-6d281b827085, isLiked=false, likeCount=0, isDeleted=false, isLocallyDeleted=false
08-17 03:51:53.595  7245  7245 D ChatMessageAdapter: ğŸ’¬ Binding message: a0d8662d-9728-4a72-a391-6d281b827085, isDeveloperDeleted: false
08-17 03:51:53.595  7245  7245 D ChatMessageAdapter: ğŸ’¬ Setting like count: 0
08-17 03:51:53.596  7245  7245 D ChatMessageAdapter: ğŸ“ Item 0: messageId=fc0d7030-7f22-4e12-862d-2f589639a9b5, viewType=2
08-17 03:51:53.596  7245  7245 D ChatMessageAdapter: ğŸ”„ Binding position 0: messageId=fc0d7030-7f22-4e12-862d-2f589639a9b5, isLiked=false, likeCount=0, isDeleted=false, isLocallyDeleted=false
08-17 03:51:53.596  7245  7245 D ChatMessageAdapter: ğŸ’¬ Binding message: fc0d7030-7f22-4e12-862d-2f589639a9b5, isDeveloperDeleted: false
08-17 03:51:53.597  7245  7245 D ChatMessageAdapter: ğŸ’¬ Setting like count: 0
08-17 03:51:53.609  7245  7245 D ChatMessageAdapter: ğŸ“ Item 12: messageId=bd1141ed-a492-4ed7-af5b-a88a47524308, viewType=1
08-17 03:51:53.610  7245  7245 D ChatMessageAdapter: ğŸ“ Item 11: messageId=34cebd34-5864-4bac-8437-fb193bc9ecdc, viewType=1
08-17 03:51:53.610  7245  7245 D ChatMessageAdapter: ğŸ”„ Binding position 11: messageId=34cebd34-5864-4bac-8437-fb193bc9ecdc, isLiked=false, likeCount=0, isDeleted=true, isLocallyDeleted=false
08-17 03:51:53.610  7245  7245 D ChatMessageAdapter: ğŸ’¬ Binding message: 34cebd34-5864-4bac-8437-fb193bc9ecdc, isDeveloperDeleted: false
08-17 03:51:53.611  7245  7245 D ChatMessageAdapter: ğŸ“ Item 10: messageId=36debbd5-4825-49ad-8fd2-1acdc79c38ab, viewType=1
08-17 03:51:53.611  7245  7245 D ChatMessageAdapter: ğŸ”„ Binding position 10: messageId=36debbd5-4825-49ad-8fd2-1acdc79c38ab, isLiked=false, likeCount=0, isDeleted=true, isLocallyDeleted=false
08-17 03:51:53.611  7245  7245 D ChatMessageAdapter: ğŸ’¬ Binding message: 36debbd5-4825-49ad-8fd2-1acdc79c38ab, isDeveloperDeleted: false
08-17 03:51:53.612  7245  7245 D ChatMessageAdapter: ğŸ“ Item 9: messageId=a0d8662d-9728-4a72-a391-6d281b827085, viewType=2
08-17 03:51:53.612  7245  7245 D ChatMessageAdapter: ğŸ“ Item 8: messageId=fc0d7030-7f22-4e12-862d-2f589639a9b5, viewType=2
08-17 03:51:53.612  7245  7245 D ChatMessageAdapter: ğŸ“ Item 7: messageId=1a74a47b-f229-4f3f-a449-0d97ecb64913, viewType=2
08-17 03:51:53.612  7245  7245 D ChatMessageAdapter: ğŸ”„ Binding position 7: messageId=1a74a47b-f229-4f3f-a449-0d97ecb64913, isLiked=false, likeCount=0, isDeleted=true, isLocallyDeleted=false
08-17 03:51:53.612  7245  7245 D ChatMessageAdapter: ğŸ’¬ Binding message: 1a74a47b-f229-4f3f-a449-0d97ecb64913, isDeveloperDeleted: false
08-17 03:51:57.447  7245  7245 D ChatMessageAdapter: ğŸ“ Item 12: messageId=bd1141ed-a492-4ed7-af5b-a88a47524308, viewType=1
08-17 03:51:57.447  7245  7245 D ChatMessageAdapter: ğŸ“ Item 11: messageId=34cebd34-5864-4bac-8437-fb193bc9ecdc, viewType=1
08-17 03:51:57.447  7245  7245 D ChatMessageAdapter: ğŸ“ Item 10: messageId=36debbd5-4825-49ad-8fd2-1acdc79c38ab, viewType=1
08-17 03:51:57.448  7245  7245 D ChatMessageAdapter: ğŸ“ Item 9: messageId=a0d8662d-9728-4a72-a391-6d281b827085, viewType=2
08-17 03:51:57.448  7245  7245 D ChatMessageAdapter: ğŸ“ Item 8: messageId=fc0d7030-7f22-4e12-862d-2f589639a9b5, viewType=2
08-17 03:51:57.448  7245  7245 D ChatMessageAdapter: ğŸ“ Item 7: messageId=1a74a47b-f229-4f3f-a449-0d97ecb64913, viewType=2
08-17 03:52:01.814  7245  7245 D ChatMessageAdapter: ğŸ“ Item 6: messageId=af31b8cf-ed84-4117-b6f5-e6f2392551fb, viewType=2
08-17 03:52:01.814  7245  7245 D ChatMessageAdapter: ğŸ”„ Binding position 6: messageId=af31b8cf-ed84-4117-b6f5-e6f2392551fb, isLiked=false, likeCount=0, isDeleted=true, isLocallyDeleted=false
08-17 03:52:01.814  7245  7245 D ChatMessageAdapter: ğŸ’¬ Binding message: af31b8cf-ed84-4117-b6f5-e6f2392551fb, isDeveloperDeleted: false
08-17 03:52:01.827  7245  7245 D ChatMessageAdapter: ğŸ“ Item 6: messageId=af31b8cf-ed84-4117-b6f5-e6f2392551fb, viewType=2
08-17 03:52:01.832  7245  7245 D ChatMessageAdapter: ğŸ“ Item 5: messageId=20bc3391-cb5f-496c-8c6c-d8197e4c7b82, viewType=2
08-17 03:52:01.832  7245  7245 D ChatMessageAdapter: ğŸ”„ Binding position 5: messageId=20bc3391-cb5f-496c-8c6c-d8197e4c7b82, isLiked=false, likeCount=0, isDeleted=true, isLocallyDeleted=false
08-17 03:52:01.832  7245  7245 D ChatMessageAdapter: ğŸ’¬ Binding message: 20bc3391-cb5f-496c-8c6c-d8197e4c7b82, isDeveloperDeleted: false
08-17 03:52:01.846  7245  7245 D ChatMessageAdapter: ğŸ“ Item 5: messageId=20bc3391-cb5f-496c-8c6c-d8197e4c7b82, viewType=2
08-17 03:52:01.862  7245  7245 D ChatMessageAdapter: ğŸ“ Item 5: messageId=20bc3391-cb5f-496c-8c6c-d8197e4c7b82, viewType=2
08-17 03:52:01.880  7245  7245 D ChatMessageAdapter: ğŸ“ Item 5: messageId=20bc3391-cb5f-496c-8c6c-d8197e4c7b82, viewType=2
08-17 03:52:01.896  7245  7245 D ChatMessageAdapter: ğŸ“ Item 5: messageId=20bc3391-cb5f-496c-8c6c-d8197e4c7b82, viewType=2
08-17 03:52:01.913  7245  7245 D ChatMessageAdapter: ğŸ“ Item 5: messageId=20bc3391-cb5f-496c-8c6c-d8197e4c7b82, viewType=2
08-17 03:52:01.930  7245  7245 D ChatMessageAdapter: ğŸ“ Item 5: messageId=20bc3391-cb5f-496c-8c6c-d8197e4c7b82, viewType=2
08-17 03:52:01.946  7245  7245 D ChatMessageAdapter: ğŸ“ Item 5: messageId=20bc3391-cb5f-496c-8c6c-d8197e4c7b82, viewType=2
08-17 03:52:01.961  7245  7245 D ChatMessageAdapter: ğŸ“ Item 5: messageId=20bc3391-cb5f-496c-8c6c-d8197e4c7b82, viewType=2
08-17 03:52:01.966  7245  7245 D ChatMessageAdapter: ğŸ“ Item 4: messageId=9932eda8-ceb1-40c7-b58d-b095c00df1f8, viewType=2
08-17 03:52:01.966  7245  7245 D ChatMessageAdapter: ğŸ”„ Binding position 4: messageId=9932eda8-ceb1-40c7-b58d-b095c00df1f8, isLiked=false, likeCount=0, isDeleted=true, isLocallyDeleted=false
08-17 03:52:01.966  7245  7245 D ChatMessageAdapter: ğŸ’¬ Binding message: 9932eda8-ceb1-40c7-b58d-b095c00df1f8, isDeveloperDeleted: false
08-17 03:52:01.979  7245  7245 D ChatMessageAdapter: ğŸ“ Item 4: messageId=9932eda8-ceb1-40c7-b58d-b095c00df1f8, viewType=2
08-17 03:52:01.995  7245  7245 D ChatMessageAdapter: ğŸ“ Item 4: messageId=9932eda8-ceb1-40c7-b58d-b095c00df1f8, viewType=2
08-17 03:52:02.013  7245  7245 D ChatMessageAdapter: ğŸ“ Item 4: messageId=9932eda8-ceb1-40c7-b58d-b095c00df1f8, viewType=2
08-17 03:52:02.029  7245  7245 D ChatMessageAdapter: ğŸ“ Item 4: messageId=9932eda8-ceb1-40c7-b58d-b095c00df1f8, viewType=2
08-17 03:52:02.046  7245  7245 D ChatMessageAdapter: ğŸ“ Item 4: messageId=9932eda8-ceb1-40c7-b58d-b095c00df1f8, viewType=2
08-17 03:52:02.063  7245  7245 D ChatMessageAdapter: ğŸ“ Item 4: messageId=9932eda8-ceb1-40c7-b58d-b095c00df1f8, viewType=2
08-17 03:52:02.079  7245  7245 D ChatMessageAdapter: ğŸ“ Item 4: messageId=9932eda8-ceb1-40c7-b58d-b095c00df1f8, viewType=2
08-17 03:52:02.096  7245  7245 D ChatMessageAdapter: ğŸ“ Item 4: messageId=9932eda8-ceb1-40c7-b58d-b095c00df1f8, viewType=2
08-17 03:52:02.112  7245  7245 D ChatMessageAdapter: ğŸ“ Item 4: messageId=9932eda8-ceb1-40c7-b58d-b095c00df1f8, viewType=2
08-17 03:52:02.129  7245  7245 D ChatMessageAdapter: ğŸ“ Item 4: messageId=9932eda8-ceb1-40c7-b58d-b095c00df1f8, viewType=2
08-17 03:52:02.147  7245  7245 D ChatMessageAdapter: ğŸ“ Item 4: messageId=9932eda8-ceb1-40c7-b58d-b095c00df1f8, viewType=2
08-17 03:52:02.163  7245  7245 D ChatMessageAdapter: ğŸ“ Item 4: messageId=9932eda8-ceb1-40c7-b58d-b095c00df1f8, viewType=2
08-17 03:52:02.179  7245  7245 D ChatMessageAdapter: ğŸ“ Item 4: messageId=9932eda8-ceb1-40c7-b58d-b095c00df1f8, viewType=2
08-17 03:52:02.196  7245  7245 D ChatMessageAdapter: ğŸ“ Item 4: messageId=9932eda8-ceb1-40c7-b58d-b095c00df1f8, viewType=2
08-17 03:52:02.213  7245  7245 D ChatMessageAdapter: ğŸ“ Item 4: messageId=9932eda8-ceb1-40c7-b58d-b095c00df1f8, viewType=2
08-17 03:52:02.229  7245  7245 D ChatMessageAdapter: ğŸ“ Item 4: messageId=9932eda8-ceb1-40c7-b58d-b095c00df1f8, viewType=2
08-17 03:52:02.246  7245  7245 D ChatMessageAdapter: ğŸ“ Item 4: messageId=9932eda8-ceb1-40c7-b58d-b095c00df1f8, viewType=2
08-17 03:52:02.263  7245  7245 D ChatMessageAdapter: ğŸ“ Item 4: messageId=9932eda8-ceb1-40c7-b58d-b095c00df1f8, viewType=2
08-17 03:52:02.279  7245  7245 D ChatMessageAdapter: ğŸ“ Item 4: messageId=9932eda8-ceb1-40c7-b58d-b095c00df1f8, viewType=2
08-17 03:52:02.295  7245  7245 D ChatMessageAdapter: ğŸ“ Item 4: messageId=9932eda8-ceb1-40c7-b58d-b095c00df1f8, viewType=2
08-17 03:52:02.312  7245  7245 D ChatMessageAdapter: ğŸ“ Item 4: messageId=9932eda8-ceb1-40c7-b58d-b095c00df1f8, viewType=2
08-17 03:52:02.329  7245  7245 D ChatMessageAdapter: ğŸ“ Item 4: messageId=9932eda8-ceb1-40c7-b58d-b095c00df1f8, viewType=2
08-17 03:52:02.346  7245  7245 D ChatMessageAdapter: ğŸ“ Item 4: messageId=9932eda8-ceb1-40c7-b58d-b095c00df1f8, viewType=2
08-17 03:52:02.362  7245  7245 D ChatMessageAdapter: ğŸ“ Item 4: messageId=9932eda8-ceb1-40c7-b58d-b095c00df1f8, viewType=2
08-17 03:52:02.380  7245  7245 D ChatMessageAdapter: ğŸ“ Item 4: messageId=9932eda8-ceb1-40c7-b58d-b095c00df1f8, viewType=2
08-17 03:52:02.396  7245  7245 D ChatMessageAdapter: ğŸ“ Item 4: messageId=9932eda8-ceb1-40c7-b58d-b095c00df1f8, viewType=2
08-17 03:52:02.412  7245  7245 D ChatMessageAdapter: ğŸ“ Item 4: messageId=9932eda8-ceb1-40c7-b58d-b095c00df1f8, viewType=2
08-17 03:52:02.429  7245  7245 D ChatMessageAdapter: ğŸ“ Item 4: messageId=9932eda8-ceb1-40c7-b58d-b095c00df1f8, viewType=2
08-17 03:52:02.446  7245  7245 D ChatMessageAdapter: ğŸ“ Item 4: messageId=9932eda8-ceb1-40c7-b58d-b095c00df1f8, viewType=2
08-17 03:52:02.462  7245  7245 D ChatMessageAdapter: ğŸ“ Item 4: messageId=9932eda8-ceb1-40c7-b58d-b095c00df1f8, viewType=2
08-17 03:52:02.479  7245  7245 D ChatMessageAdapter: ğŸ“ Item 4: messageId=9932eda8-ceb1-40c7-b58d-b095c00df1f8, viewType=2
08-17 03:52:02.496  7245  7245 D ChatMessageAdapter: ğŸ“ Item 4: messageId=9932eda8-ceb1-40c7-b58d-b095c00df1f8, viewType=2
08-17 03:52:02.513  7245  7245 D ChatMessageAdapter: ğŸ“ Item 4: messageId=9932eda8-ceb1-40c7-b58d-b095c00df1f8, viewType=2
08-17 03:52:02.546  7245  7245 D ChatMessageAdapter: ğŸ“ Item 4: messageId=9932eda8-ceb1-40c7-b58d-b095c00df1f8, viewType=2
08-17 03:52:02.695  7245  7245 D ChatMessageAdapter: ğŸ“ Item 4: messageId=9932eda8-ceb1-40c7-b58d-b095c00df1f8, viewType=2
08-17 03:52:02.701  7245  7245 D ChatMessageAdapter: ğŸ“ Item 3: messageId=e924ab08-dac9-4fe9-bfbb-ff4fd4da15f3, viewType=2
08-17 03:52:02.701  7245  7245 D ChatMessageAdapter: ğŸ”¨ Creating ViewHolder for viewType=2
08-17 03:52:02.714  7245  7245 D ChatMessageAdapter: ğŸ“ Item 3: messageId=e924ab08-dac9-4fe9-bfbb-ff4fd4da15f3, viewType=2
08-17 03:52:02.714  7245  7245 D ChatMessageAdapter: ğŸ”„ Binding position 3: messageId=e924ab08-dac9-4fe9-bfbb-ff4fd4da15f3, isLiked=false, likeCount=0, isDeleted=true, isLocallyDeleted=false
08-17 03:52:02.714  7245  7245 D ChatMessageAdapter: ğŸ’¬ Binding message: e924ab08-dac9-4fe9-bfbb-ff4fd4da15f3, isDeveloperDeleted: false
08-17 03:52:02.730  7245  7245 D ChatMessageAdapter: ğŸ“ Item 3: messageId=e924ab08-dac9-4fe9-bfbb-ff4fd4da15f3, viewType=2
08-17 03:52:02.747  7245  7245 D ChatMessageAdapter: ğŸ“ Item 3: messageId=e924ab08-dac9-4fe9-bfbb-ff4fd4da15f3, viewType=2
08-17 03:52:02.760  7245  7245 D ChatMessageAdapter: ğŸ“ Item 3: messageId=e924ab08-dac9-4fe9-bfbb-ff4fd4da15f3, viewType=2
08-17 03:52:02.765  7245  7245 D ChatMessageAdapter: ğŸ“ Item 2: messageId=c124ea91-d2fe-4805-8df7-99b7152811ff, viewType=2
08-17 03:52:02.766  7245  7245 D ChatMessageAdapter: ğŸ”¨ Creating ViewHolder for viewType=2
08-17 03:52:02.772  7245  7245 D ChatMessageAdapter: ğŸ”„ Binding position 2: messageId=c124ea91-d2fe-4805-8df7-99b7152811ff, isLiked=false, likeCount=0, isDeleted=true, isLocallyDeleted=false
08-17 03:52:02.772  7245  7245 D ChatMessageAdapter: ğŸ’¬ Binding message: c124ea91-d2fe-4805-8df7-99b7152811ff, isDeveloperDeleted: false
08-17 03:52:02.779  7245  7245 D ChatMessageAdapter: ğŸ“ Item 2: messageId=c124ea91-d2fe-4805-8df7-99b7152811ff, viewType=2
08-17 03:52:02.796  7245  7245 D ChatMessageAdapter: ğŸ“ Item 2: messageId=c124ea91-d2fe-4805-8df7-99b7152811ff, viewType=2
08-17 03:52:02.813  7245  7245 D ChatMessageAdapter: ğŸ“ Item 2: messageId=c124ea91-d2fe-4805-8df7-99b7152811ff, viewType=2
08-17 03:52:02.829  7245  7245 D ChatMessageAdapter: ğŸ“ Item 2: messageId=c124ea91-d2fe-4805-8df7-99b7152811ff, viewType=2
08-17 03:52:02.845  7245  7245 D ChatMessageAdapter: ğŸ“ Item 2: messageId=c124ea91-d2fe-4805-8df7-99b7152811ff, viewType=2
08-17 03:52:03.115  7245  7245 D ChatMessageAdapter: ğŸ“ Item 10: messageId=36debbd5-4825-49ad-8fd2-1acdc79c38ab, viewType=1
08-17 03:52:03.128  7245  7245 D ChatMessageAdapter: ğŸ“ Item 10: messageId=36debbd5-4825-49ad-8fd2-1acdc79c38ab, viewType=1
08-17 03:52:03.131  7245  7245 D ChatMessageAdapter: ğŸ“ Item 11: messageId=34cebd34-5864-4bac-8437-fb193bc9ecdc, viewType=1
08-17 03:52:03.131  7245  7245 D ChatMessageAdapter: ğŸ”„ Binding position 11: messageId=34cebd34-5864-4bac-8437-fb193bc9ecdc, isLiked=false, likeCount=0, isDeleted=true, isLocallyDeleted=false
08-17 03:52:03.131  7245  7245 D ChatMessageAdapter: ğŸ’¬ Binding message: 34cebd34-5864-4bac-8437-fb193bc9ecdc, isDeveloperDeleted: false
08-17 03:52:03.146  7245  7245 D ChatMessageAdapter: ğŸ“ Item 11: messageId=34cebd34-5864-4bac-8437-fb193bc9ecdc, viewType=1
08-17 03:52:03.161  7245  7245 D ChatMessageAdapter: ğŸ“ Item 11: messageId=34cebd34-5864-4bac-8437-fb193bc9ecdc, viewType=1
08-17 03:52:03.165  7245  7245 D ChatMessageAdapter: ğŸ“ Item 12: messageId=bd1141ed-a492-4ed7-af5b-a88a47524308, viewType=1
08-17 03:52:03.165  7245  7245 D ChatMessageAdapter: ğŸ”„ Binding position 12: messageId=bd1141ed-a492-4ed7-af5b-a88a47524308, isLiked=false, likeCount=0, isDeleted=false, isLocallyDeleted=false
08-17 03:52:03.165  7245  7245 D ChatMessageAdapter: ğŸ’¬ Binding message: bd1141ed-a492-4ed7-af5b-a88a47524308, isDeveloperDeleted: false
08-17 03:52:03.166  7245  7245 D ChatMessageAdapter: ğŸ’¬ Setting like count: 0
08-17 03:52:03.178  7245  7245 D ChatMessageAdapter: ğŸ“ Item 12: messageId=bd1141ed-a492-4ed7-af5b-a88a47524308, viewType=1
08-17 03:52:10.134  7245  7245 D ChatMessageAdapter: ğŸ“ Item 12: messageId=bd1141ed-a492-4ed7-af5b-a88a47524308, viewType=1
08-17 03:52:10.134  7245  7245 D ChatMessageAdapter: ğŸ“ Item 11: messageId=34cebd34-5864-4bac-8437-fb193bc9ecdc, viewType=1
08-17 03:52:10.134  7245  7245 D ChatMessageAdapter: ğŸ“ Item 10: messageId=36debbd5-4825-49ad-8fd2-1acdc79c38ab, viewType=1
08-17 03:52:10.134  7245  7245 D ChatMessageAdapter: ğŸ“ Item 9: messageId=a0d8662d-9728-4a72-a391-6d281b827085, viewType=2
08-17 03:52:10.134  7245  7245 D ChatMessageAdapter: ğŸ“ Item 8: messageId=fc0d7030-7f22-4e12-862d-2f589639a9b5, viewType=2
08-17 03:52:10.134  7245  7245 D ChatMessageAdapter: ğŸ“ Item 7: messageId=1a74a47b-f229-4f3f-a449-0d97ecb64913, viewType=2
08-17 03:52:15.638  7245  7245 D ChatFragment: ğŸ”§ DEVELOPER DELETE: Making message invisible a0d8662d-9728-4a72-a391-6d281b827085
08-17 03:52:15.647  7245  7284 D ChatFragment: ğŸ”§ Message marked as developer deleted in local database
08-17 03:52:15.701  7245  7245 D ChatFragment: Received 2 messages for display
08-17 03:52:15.701  7245  9096 D ChatMessageAdapter: ğŸ” DiffUtil areItemsTheSame: 7693b20f-b085-4b04-b696-801f44a33fdf == fc0d7030-7f22-4e12-862d-2f589639a9b5 = false
08-17 03:52:15.701  7245  9096 D ChatMessageAdapter: ğŸ” DiffUtil areItemsTheSame: bd1141ed-a492-4ed7-af5b-a88a47524308 == bd1141ed-a492-4ed7-af5b-a88a47524308 = true
08-17 03:52:15.701  7245  9096 D ChatMessageAdapter: ğŸ” DiffUtil areItemsTheSame: 34cebd34-5864-4bac-8437-fb193bc9ecdc == fc0d7030-7f22-4e12-862d-2f589639a9b5 = false
08-17 03:52:15.701  7245  9096 D ChatMessageAdapter: ğŸ” DiffUtil areItemsTheSame: 7693b20f-b085-4b04-b696-801f44a33fdf == bd1141ed-a492-4ed7-af5b-a88a47524308 = false
08-17 03:52:15.701  7245  9096 D ChatMessageAdapter: ğŸ” DiffUtil areItemsTheSame: 8afc87a1-817b-4954-a619-55e4b9587e1f == fc0d7030-7f22-4e12-862d-2f589639a9b5 = false
08-17 03:52:15.701  7245  9096 D ChatMessageAdapter: ğŸ” DiffUtil areItemsTheSame: 36debbd5-4825-49ad-8fd2-1acdc79c38ab == fc0d7030-7f22-4e12-862d-2f589639a9b5 = false
08-17 03:52:15.701  7245  9096 D ChatMessageAdapter: ğŸ” DiffUtil areItemsTheSame: 8afc87a1-817b-4954-a619-55e4b9587e1f == bd1141ed-a492-4ed7-af5b-a88a47524308 = false
08-17 03:52:15.701  7245  9096 D ChatMessageAdapter: ğŸ” DiffUtil areItemsTheSame: c124ea91-d2fe-4805-8df7-99b7152811ff == fc0d7030-7f22-4e12-862d-2f589639a9b5 = false
08-17 03:52:15.701  7245  9096 D ChatMessageAdapter: ğŸ” DiffUtil areItemsTheSame: a0d8662d-9728-4a72-a391-6d281b827085 == fc0d7030-7f22-4e12-862d-2f589639a9b5 = false
08-17 03:52:15.701  7245  9096 D ChatMessageAdapter: ğŸ” DiffUtil areItemsTheSame: c124ea91-d2fe-4805-8df7-99b7152811ff == bd1141ed-a492-4ed7-af5b-a88a47524308 = false
08-17 03:52:15.701  7245  9096 D ChatMessageAdapter: ğŸ” DiffUtil areItemsTheSame: e924ab08-dac9-4fe9-bfbb-ff4fd4da15f3 == fc0d7030-7f22-4e12-862d-2f589639a9b5 = false
08-17 03:52:15.701  7245  9096 D ChatMessageAdapter: ğŸ” DiffUtil areItemsTheSame: fc0d7030-7f22-4e12-862d-2f589639a9b5 == fc0d7030-7f22-4e12-862d-2f589639a9b5 = true
08-17 03:52:15.701  7245  9096 D ChatMessageAdapter: ğŸ” DiffUtil areItemsTheSame: e924ab08-dac9-4fe9-bfbb-ff4fd4da15f3 == bd1141ed-a492-4ed7-af5b-a88a47524308 = false
08-17 03:52:15.701  7245  9096 D ChatMessageAdapter: ğŸ” DiffUtil areItemsTheSame: 9932eda8-ceb1-40c7-b58d-b095c00df1f8 == fc0d7030-7f22-4e12-862d-2f589639a9b5 = false
08-17 03:52:15.701  7245  9096 D ChatMessageAdapter: ğŸ” DiffUtil areItemsTheSame: 9932eda8-ceb1-40c7-b58d-b095c00df1f8 == bd1141ed-a492-4ed7-af5b-a88a47524308 = false
08-17 03:52:15.701  7245  9096 D ChatMessageAdapter: ğŸ” DiffUtil areItemsTheSame: 20bc3391-cb5f-496c-8c6c-d8197e4c7b82 == fc0d7030-7f22-4e12-862d-2f589639a9b5 = false
08-17 03:52:15.701  7245  9096 D ChatMessageAdapter: ğŸ” DiffUtil areItemsTheSame: 20bc3391-cb5f-496c-8c6c-d8197e4c7b82 == bd1141ed-a492-4ed7-af5b-a88a47524308 = false
08-17 03:52:15.702  7245  9096 D ChatMessageAdapter: ğŸ” DiffUtil areItemsTheSame: af31b8cf-ed84-4117-b6f5-e6f2392551fb == fc0d7030-7f22-4e12-862d-2f589639a9b5 = false
08-17 03:52:15.702  7245  9096 D ChatMessageAdapter: ğŸ” DiffUtil areItemsTheSame: af31b8cf-ed84-4117-b6f5-e6f2392551fb == fc0d7030-7f22-4e12-862d-2f589639a9b5 = false
08-17 03:52:15.702  7245  9096 D ChatMessageAdapter: ğŸ” DiffUtil areItemsTheSame: bd1141ed-a492-4ed7-af5b-a88a47524308 == bd1141ed-a492-4ed7-af5b-a88a47524308 = true
08-17 03:52:15.702  7245  9096 D ChatMessageAdapter: ğŸ” DiffUtil areItemsTheSame: 34cebd34-5864-4bac-8437-fb193bc9ecdc == fc0d7030-7f22-4e12-862d-2f589639a9b5 = false
08-17 03:52:15.702  7245  9096 D ChatMessageAdapter: ğŸ” DiffUtil areItemsTheSame: af31b8cf-ed84-4117-b6f5-e6f2392551fb == bd1141ed-a492-4ed7-af5b-a88a47524308 = false
08-17 03:52:15.702  7245  9096 D ChatMessageAdapter: ğŸ” DiffUtil areItemsTheSame: 1a74a47b-f229-4f3f-a449-0d97ecb64913 == fc0d7030-7f22-4e12-862d-2f589639a9b5 = false
08-17 03:52:15.702  7245  9096 D ChatMessageAdapter: ğŸ” DiffUtil areItemsTheSame: 36debbd5-4825-49ad-8fd2-1acdc79c38ab == fc0d7030-7f22-4e12-862d-2f589639a9b5 = false
08-17 03:52:15.702  7245  9096 D ChatMessageAdapter: ğŸ” DiffUtil areItemsTheSame: 1a74a47b-f229-4f3f-a449-0d97ecb64913 == bd1141ed-a492-4ed7-af5b-a88a47524308 = false
08-17 03:52:15.702  7245  9096 D ChatMessageAdapter: ğŸ” DiffUtil areItemsTheSame: fc0d7030-7f22-4e12-862d-2f589639a9b5 == fc0d7030-7f22-4e12-862d-2f589639a9b5 = true
08-17 03:52:15.702  7245  9096 D ChatMessageAdapter: ğŸ” DiffUtil areItemsTheSame: a0d8662d-9728-4a72-a391-6d281b827085 == bd1141ed-a492-4ed7-af5b-a88a47524308 = false
08-17 03:52:15.702  7245  9096 D ChatMessageAdapter: ğŸ” DiffUtil areItemsTheSame: a0d8662d-9728-4a72-a391-6d281b827085 == fc0d7030-7f22-4e12-862d-2f589639a9b5 = false
08-17 03:52:15.702  7245  9096 D ChatMessageAdapter: ğŸ” DiffUtil areItemsTheSame: 36debbd5-4825-49ad-8fd2-1acdc79c38ab == bd1141ed-a492-4ed7-af5b-a88a47524308 = false
08-17 03:52:15.702  7245  9096 D ChatMessageAdapter: ğŸ” DiffUtil areItemsTheSame: 36debbd5-4825-49ad-8fd2-1acdc79c38ab == bd1141ed-a492-4ed7-af5b-a88a47524308 = false
08-17 03:52:15.702  7245  9096 D ChatMessageAdapter: ğŸ” DiffUtil areItemsTheSame: bd1141ed-a492-4ed7-af5b-a88a47524308 == bd1141ed-a492-4ed7-af5b-a88a47524308 = true
08-17 03:52:15.702  7245  9096 D ChatMessageAdapter: ğŸ” DiffUtil areItemsTheSame: 34cebd34-5864-4bac-8437-fb193bc9ecdc == bd1141ed-a492-4ed7-af5b-a88a47524308 = false
08-17 03:52:15.702  7245  9096 D ChatMessageAdapter: ğŸ” DiffUtil areItemsTheSame: bd1141ed-a492-4ed7-af5b-a88a47524308 == bd1141ed-a492-4ed7-af5b-a88a47524308 = true
08-17 03:52:15.702  7245  9096 D ChatMessageAdapter: ğŸ” DiffUtil areItemsTheSame: bd1141ed-a492-4ed7-af5b-a88a47524308 == bd1141ed-a492-4ed7-af5b-a88a47524308 = true
08-17 03:52:15.702  7245  9096 D ChatMessageAdapter: ğŸ” DiffUtil areItemsTheSame: af31b8cf-ed84-4117-b6f5-e6f2392551fb == fc0d7030-7f22-4e12-862d-2f589639a9b5 = false
08-17 03:52:15.702  7245  9096 D ChatMessageAdapter: ğŸ” DiffUtil areItemsTheSame: fc0d7030-7f22-4e12-862d-2f589639a9b5 == fc0d7030-7f22-4e12-862d-2f589639a9b5 = true
08-17 03:52:15.702  7245  9096 D ChatMessageAdapter: ğŸ” DiffUtil areItemsTheSame: 1a74a47b-f229-4f3f-a449-0d97ecb64913 == fc0d7030-7f22-4e12-862d-2f589639a9b5 = false
08-17 03:52:15.702  7245  9096 D ChatMessageAdapter: ğŸ” DiffUtil areItemsTheSame: fc0d7030-7f22-4e12-862d-2f589639a9b5 == fc0d7030-7f22-4e12-862d-2f589639a9b5 = true
08-17 03:52:15.702  7245  9096 D ChatMessageAdapter: ğŸ” DiffUtil areItemsTheSame: fc0d7030-7f22-4e12-862d-2f589639a9b5 == fc0d7030-7f22-4e12-862d-2f589639a9b5 = true
08-17 03:52:15.719  7245  7245 D ChatMessageAdapter: ğŸ“ Item 1: messageId=bd1141ed-a492-4ed7-af5b-a88a47524308, viewType=1
08-17 03:52:15.719  7245  7245 D ChatMessageAdapter: ğŸ“ Item 0: messageId=fc0d7030-7f22-4e12-862d-2f589639a9b5, viewType=2
08-17 03:52:15.735  7245  7245 D ChatMessageAdapter: ğŸ“ Item 1: messageId=bd1141ed-a492-4ed7-af5b-a88a47524308, viewType=1
08-17 03:52:15.736  7245  7245 D ChatMessageAdapter: ğŸ“ Item 0: messageId=fc0d7030-7f22-4e12-862d-2f589639a9b5, viewType=2
08-17 03:52:15.757  7245  7245 E ChatFragment: ğŸ”§ Error in developer delete
08-17 03:52:15.757  7245  7245 E ChatFragment: com.google.firebase.firestore.FirebaseFirestoreException: PERMISSION_DENIED: Missing or insufficient permissions.
08-17 03:52:15.757  7245  7245 E ChatFragment: 	at com.google.firebase.firestore.util.Util.exceptionFromStatus(Util.java:113)
08-17 03:52:15.757  7245  7245 E ChatFragment: 	at com.google.firebase.firestore.core.SyncEngine.notifyUser(SyncEngine.java:591)
08-17 03:52:15.757  7245  7245 E ChatFragment: 	at com.google.firebase.firestore.core.SyncEngine.handleRejectedWrite(SyncEngine.java:473)
08-17 03:52:15.757  7245  7245 E ChatFragment: 	at com.google.firebase.firestore.core.MemoryComponentProvider$RemoteStoreCallback.handleRejectedWrite(MemoryComponentProvider.java:140)
08-17 03:52:15.757  7245  7245 E ChatFragment: 	at com.google.firebase.firestore.remote.RemoteStore.handleWriteError(RemoteStore.java:743)
08-17 03:52:15.757  7245  7245 E ChatFragment: 	at com.google.firebase.firestore.remote.RemoteStore.handleWriteStreamClose(RemoteStore.java:699)
08-17 03:52:15.757  7245  7245 E ChatFragment: 	at com.google.firebase.firestore.remote.RemoteStore.access$600(RemoteStore.java:60)
08-17 03:52:15.757  7245  7245 E ChatFragment: 	at com.google.firebase.firestore.remote.RemoteStore$2.onClose(RemoteStore.java:213)
08-17 03:52:15.757  7245  7245 E ChatFragment: 	at com.google.firebase.firestore.remote.AbstractStream.close(AbstractStream.java:356)
08-17 03:52:15.757  7245  7245 E ChatFragment: 	at com.google.firebase.firestore.remote.AbstractStream.handleServerClose(AbstractStream.java:410)
08-17 03:52:15.757  7245  7245 E ChatFragment: 	at com.google.firebase.firestore.remote.AbstractStream$StreamObserver.lambda$onClose$3$com-google-firebase-firestore-remote-AbstractStream$StreamObserver(AbstractStream.java:151)
08-17 03:52:15.757  7245  7245 E ChatFragment: 	at com.google.firebase.firestore.remote.AbstractStream$StreamObserver$$ExternalSyntheticLambda3.run(D8$$SyntheticClass:0)
08-17 03:52:15.757  7245  7245 E ChatFragment: 	at com.google.firebase.firestore.remote.AbstractStream$CloseGuardedRunner.run(AbstractStream.java:67)
08-17 03:52:15.757  7245  7245 E ChatFragment: 	at com.google.firebase.firestore.remote.AbstractStream$StreamObserver.onClose(AbstractStream.java:137)
08-17 03:52:15.757  7245  7245 E ChatFragment: 	at com.google.firebase.firestore.remote.FirestoreChannel$1.onClose(FirestoreChannel.java:151)
08-17 03:52:15.757  7245  7245 E ChatFragment: 	at io.grpc.internal.ClientCallImpl.closeObserver(ClientCallImpl.java:576)
08-17 03:52:15.757  7245  7245 E ChatFragment: 	at io.grpc.internal.ClientCallImpl.access$300(ClientCallImpl.java:70)
08-17 03:52:15.757  7245  7245 E ChatFragment: 	at io.grpc.internal.ClientCallImpl$ClientStreamListenerImpl$1StreamClosed.runInternal(ClientCallImpl.java:757)
08-17 03:52:15.757  7245  7245 E ChatFragment: 	at io.grpc.internal.ClientCallImpl$ClientStreamListenerImpl$1StreamClosed.runInContext(ClientCallImpl.java:736)
08-17 03:52:15.757  7245  7245 E ChatFragment: 	at io.grpc.internal.ContextRunnable.run(ContextRunnable.java:37)
08-17 03:52:15.757  7245  7245 E ChatFragment: 	at io.grpc.internal.SerializingExecutor.run(SerializingExecutor.java:133)
08-17 03:52:15.757  7245  7245 E ChatFragment: 	at java.util.concurrent.Executors$RunnableAdapter.call(Executors.java:524)
08-17 03:52:15.757  7245  7245 E ChatFragment: 	at java.util.concurrent.FutureTask.run(FutureTask.java:317)
08-17 03:52:15.757  7245  7245 E ChatFragment: 	at java.util.concurrent.ScheduledThreadPoolExecutor$ScheduledFutureTask.run(ScheduledThreadPoolExecutor.java:348)
08-17 03:52:15.757  7245  7245 E ChatFragment: 	at java.util.concurrent.ThreadPoolExecutor.runWorker(ThreadPoolExecutor.java:1156)
08-17 03:52:15.757  7245  7245 E ChatFragment: 	at java.util.concurrent.ThreadPoolExecutor$Worker.run(ThreadPoolExecutor.java:651)
08-17 03:52:15.757  7245  7245 E ChatFragment: 	at com.google.firebase.firestore.util.AsyncQueue$SynchronizedShutdownAwareExecutor$DelayedStartFactory.run(AsyncQueue.java:235)
08-17 03:52:15.757  7245  7245 E ChatFragment: 	at java.lang.Thread.run(Thread.java:1119)
08-17 03:52:15.757  7245  7245 E ChatFragment: Caused by: io.grpc.StatusException: PERMISSION_DENIED: Missing or insufficient permissions.
08-17 03:52:15.757  7245  7245 E ChatFragment: 	at io.grpc.Status.asException(Status.java:547)
08-17 03:52:15.757  7245  7245 E ChatFragment: 	at com.google.firebase.firestore.util.Util.exceptionFromStatus(Util.java:111)
08-17 03:52:15.757  7245  7245 E ChatFragment: 	... 27 more
08-17 03:52:15.760  7245  7245 I Toast   : show: caller = com.sam.cloudcounter.ChatFragment$handleDeveloperDelete$1$3.invokeSuspend:2165 
08-17 03:52:15.801  7245  7245 D ChatFragment: Received 3 messages for display
08-17 03:52:15.801  7245  9408 D ChatMessageAdapter: ğŸ” DiffUtil areItemsTheSame: fc0d7030-7f22-4e12-862d-2f589639a9b5 == fc0d7030-7f22-4e12-862d-2f589639a9b5 = true
08-17 03:52:15.801  7245  9408 D ChatMessageAdapter: ğŸ” DiffUtil areItemsTheSame: bd1141ed-a492-4ed7-af5b-a88a47524308 == a0d8662d-9728-4a72-a391-6d281b827085 = false
08-17 03:52:15.801  7245  9408 D ChatMessageAdapter: ğŸ” DiffUtil areItemsTheSame: bd1141ed-a492-4ed7-af5b-a88a47524308 == bd1141ed-a492-4ed7-af5b-a88a47524308 = true
08-17 03:52:15.801  7245  9408 D ChatMessageAdapter: ğŸ” DiffUtil areItemsTheSame: fc0d7030-7f22-4e12-862d-2f589639a9b5 == a0d8662d-9728-4a72-a391-6d281b827085 = false
08-17 03:52:15.801  7245  9408 D ChatMessageAdapter: ğŸ” DiffUtil areItemsTheSame: bd1141ed-a492-4ed7-af5b-a88a47524308 == bd1141ed-a492-4ed7-af5b-a88a47524308 = true
08-17 03:52:15.801  7245  9408 D ChatMessageAdapter: ğŸ” DiffUtil areItemsTheSame: fc0d7030-7f22-4e12-862d-2f589639a9b5 == fc0d7030-7f22-4e12-862d-2f589639a9b5 = true
08-17 03:52:15.801  7245  9408 D ChatMessageAdapter: ğŸ” DiffUtil areItemsTheSame: fc0d7030-7f22-4e12-862d-2f589639a9b5 == fc0d7030-7f22-4e12-862d-2f589639a9b5 = true
08-17 03:52:15.820  7245  7245 D ChatMessageAdapter: ğŸ“ Item 2: messageId=bd1141ed-a492-4ed7-af5b-a88a47524308, viewType=1
08-17 03:52:15.820  7245  7245 D ChatMessageAdapter: ğŸ“ Item 1: messageId=a0d8662d-9728-4a72-a391-6d281b827085, viewType=2
08-17 03:52:15.821  7245  7245 D ChatMessageAdapter: ğŸ”„ Binding position 1: messageId=a0d8662d-9728-4a72-a391-6d281b827085, isLiked=false, likeCount=0, isDeleted=false, isLocallyDeleted=false
08-17 03:52:15.821  7245  7245 D ChatMessageAdapter: ğŸ’¬ Binding message: a0d8662d-9728-4a72-a391-6d281b827085, isDeveloperDeleted: false
08-17 03:52:15.822  7245  7245 D ChatMessageAdapter: ğŸ’¬ Setting like count: 0
08-17 03:52:15.824  7245  7245 D ChatMessageAdapter: ğŸ“ Item 0: messageId=fc0d7030-7f22-4e12-862d-2f589639a9b5, viewType=2
08-17 03:52:15.836  7245  7245 D ChatMessageAdapter: ğŸ“ Item 2: messageId=bd1141ed-a492-4ed7-af5b-a88a47524308, viewType=1
08-17 03:52:15.837  7245  7245 D ChatMessageAdapter: ğŸ“ Item 1: messageId=a0d8662d-9728-4a72-a391-6d281b827085, viewType=2
08-17 03:52:15.837  7245  7245 D ChatMessageAdapter: ğŸ“ Item 0: messageId=fc0d7030-7f22-4e12-862d-2f589639a9b5, viewType=2
08-17 03:52:17.605  7245  7245 D ChatMessageAdapter: ğŸ“ Item 2: messageId=bd1141ed-a492-4ed7-af5b-a88a47524308, viewType=1
08-17 03:52:17.605  7245  7245 D ChatMessageAdapter: ğŸ“ Item 1: messageId=a0d8662d-9728-4a72-a391-6d281b827085, viewType=2
08-17 03:52:17.605  7245  7245 D ChatMessageAdapter: ğŸ“ Item 0: messageId=fc0d7030-7f22-4e12-862d-2f589639a9b5, viewType=2
08-17 03:52:25.951  7245  7245 D ChatMessageAdapter: ğŸ“ Item 2: messageId=bd1141ed-a492-4ed7-af5b-a88a47524308, viewType=1
08-17 03:52:25.951  7245  7245 D ChatMessageAdapter: ğŸ“ Item 1: messageId=a0d8662d-9728-4a72-a391-6d281b827085, viewType=2
08-17 03:52:25.951  7245  7245 D ChatMessageAdapter: ğŸ“ Item 0: messageId=fc0d7030-7f22-4e12-862d-2f589639a9b5, viewType=2
08-17 03:52:33.537  7245  7245 D ChatMessageAdapter: ğŸ“ Item 2: messageId=bd1141ed-a492-4ed7-af5b-a88a47524308, viewType=1
08-17 03:52:33.537  7245  7245 D ChatMessageAdapter: ğŸ“ Item 1: messageId=a0d8662d-9728-4a72-a391-6d281b827085, viewType=2
