08-07 18:30:18.053 21121 21152 D MainActivity:  Smoker with UID '1fa873ee-0147-42d4-bbbd-5ddd840fa367' already exists locally - skipping
08-07 18:30:18.053 21121 21152 D MainActivity:  Smoker with UID '266dd93f-90cd-40d3-95c9-d21e031134ad' already exists locally - skipping
08-07 18:30:18.053 21121 21152 D MainActivity:  No new smokers to sync
08-07 18:30:18.054 21121 21121 D MainActivity: Undo button visibility: VISIBLE, history size: 8
08-07 18:30:18.054 21121 21121 D MainActivity:  Activity history rebuilt: 8 activities
08-07 18:30:18.074 21121 21419 D MainActivity:   Reconciled activity: test3 CONE @ 1754555417809
08-07 18:30:18.075 21121 21419 D MainActivity:  Activity reconciliation complete
08-07 18:30:18.076 21121 21121 D MainActivity:  Refreshing smoker adapter after room update
08-07 18:30:18.237  5099 18263 I HoneySpace.PackageEventOperator: [ApplistViewModel] badge count is updated. com.sam.cloudcounter/.MainActivity#UserHandle{0}|47788 : 3
08-07 18:30:18.303  5099 14066 I HoneySpace.PackageEventOperator: [ApplistViewModel] badge count is updated. com.sam.cloudcounter/.MainActivity#UserHandle{0}|47788 : 3
08-07 18:30:18.319  5099 16603 I HoneySpace.PackageEventOperator: [ApplistViewModel] badge count is updated. com.sam.cloudcounter/.MainActivity#UserHandle{0}|47788 : 3
08-07 18:30:18.321  5099 16603 I HoneySpace.PackageEventOperator: [ApplistViewModel] badge count is updated. com.sam.cloudcounter/.MainActivity#UserHandle{0}|47788 : 3
08-07 18:30:18.792  5099 10216 I HoneySpace.PackageEventOperator: [ApplistViewModel] badge count is updated. com.sam.cloudcounter/.MainActivity#UserHandle{0}|47788 : 3
08-07 18:30:18.793  5099 10216 I HoneySpace.PackageEventOperator: [ApplistViewModel] badge count is updated. com.sam.cloudcounter/.MainActivity#UserHandle{0}|47788 : 3
08-07 18:30:18.881 21121 21121 D SessionStatsVM:  Timer refresh with rewind: 471s (offset: 0ms)
08-07 18:30:19.767  1762  1762 D SurfaceFlinger:        CLIENT |   0xb400006f7e8aca80 | 0001 | RGBA_8888    |    0.0    0.0 1440.0 3088.0 |    0    0 1440 3088 | com.sam.cloudcounter/com.sam.cloudcounter.MainActivity$_21121#85717 (500)
08-07 18:30:19.903 21121 21121 D SessionStatsVM:  Timer refresh with rewind: 472s (offset: 0ms)
08-07 18:30:20.812 21121 21121 I VRI[MainActivity]@71a8e9b: call setFrameRateCategory for touch hint category=no preference, reason=boost timeout, vri=VRI[MainActivity]@71a8e9b
08-07 18:30:20.828  1762  1762 I SurfaceFlinger: [com.sam.cloudcounter/com.sam.cloudcounter.MainActivity$_21121#85717] setFrameRateCategory: NoPreference
08-07 18:30:20.908 21121 21121 D SessionStatsVM:  Timer refresh with rewind: 473s (offset: 0ms)
08-07 18:30:21.895  5099 20375 I HoneySpace.PackageEventOperator: [ApplistViewModel] badge count is updated. com.sam.cloudcounter/.MainActivity#UserHandle{0}|47788 : 3
08-07 18:30:21.910 21121 21121 D SessionStatsVM:  Timer refresh with rewind: 474s (offset: 0ms)
08-07 18:30:22.128  5099 20374 I HoneySpace.PackageEventOperator: [ApplistViewModel] badge count is updated. com.sam.cloudcounter/.MainActivity#UserHandle{0}|47788 : 3
08-07 18:30:22.914 21121 21121 D SessionStatsVM:  Timer refresh with rewind: 475s (offset: 0ms)
08-07 18:30:23.919 21121 21121 D SessionStatsVM:  Timer refresh with rewind: 476s (offset: 0ms)
08-07 18:30:24.922 21121 21121 D MainActivity:  Middle timer hit zero - playing sound
08-07 18:30:24.932 21121 21121 D SessionStatsVM:  Timer refresh with rewind: 477s (offset: 0ms)
08-07 18:30:25.226  5099 21476 I HoneySpace.PackageEventOperator: [ApplistViewModel] badge count is updated. com.sam.cloudcounter/.MainActivity#UserHandle{0}|47788 : 3
08-07 18:30:25.469  5099 16604 I HoneySpace.PackageEventOperator: [ApplistViewModel] badge count is updated. com.sam.cloudcounter/.MainActivity#UserHandle{0}|47788 : 3
08-07 18:30:25.935 21121 21121 D SessionStatsVM:  Timer refresh with rewind: 478s (offset: 0ms)
08-07 18:30:26.942 21121 21121 D SessionStatsVM:  Timer refresh with rewind: 479s (offset: 0ms)
08-07 18:30:26.984  1762  1762 I LayerHistory: com.sam.cloudcounter/com.sam.cloudcounter.MainActivity$_21121#85717 is infrequent
08-07 18:30:27.018 21121 21121 I VRI[MainActivity]@71a8e9b: onDisplayChanged oldDisplayState=2 newDisplayState=2
08-07 18:30:27.949 21121 21121 D SessionStatsVM:  Timer refresh with rewind: 480s (offset: 0ms)
08-07 18:30:27.990  1762  1762 I LayerHistory: com.sam.cloudcounter/com.sam.cloudcounter.MainActivity$_21121#85717 is infrequent
08-07 18:30:28.059 21121 21121 I VRI[MainActivity]@71a8e9b: onDisplayChanged oldDisplayState=2 newDisplayState=2
08-07 18:30:28.955 21121 21121 D SessionStatsVM:  Timer refresh with rewind: 481s (offset: 0ms)
08-07 18:30:29.959 21121 21121 D SessionStatsVM:  Timer refresh with rewind: 482s (offset: 0ms)
08-07 18:30:29.976  5099 16603 I HoneySpace.PackageEventOperator: [ApplistViewModel] badge count is updated. com.sam.cloudcounter/.MainActivity#UserHandle{0}|47788 : 3
08-07 18:30:30.228  5099 18263 I HoneySpace.PackageEventOperator: [ApplistViewModel] badge count is updated. com.sam.cloudcounter/.MainActivity#UserHandle{0}|47788 : 3
08-07 18:30:30.265  1762  1762 I LayerHistory: com.sam.cloudcounter/com.sam.cloudcounter.MainActivity$_21121#85717 is infrequent
08-07 18:30:30.290 21121 21121 I VRI[MainActivity]@71a8e9b: onDisplayChanged oldDisplayState=2 newDisplayState=2
08-07 18:30:30.966 21121 21121 D SessionStatsVM:  Timer refresh with rewind: 483s (offset: 0ms)
08-07 18:30:31.438  1762  1887 D RenderEngine: [SEC_SF_EFFECTS] drawLayersInternal,1299, Rendering layer com.sam.cloudcounter/com.sam.cloudcounter.MainActivity$_21121#85717 at index 1
08-07 18:30:31.971 21121 21121 D SessionStatsVM:  Timer refresh with rewind: 484s (offset: 0ms)
08-07 18:30:32.469  1762  1762 I LayerHistory: com.sam.cloudcounter/com.sam.cloudcounter.MainActivity$_21121#85717 is infrequent
08-07 18:30:32.540 21121 21121 I VRI[MainActivity]@71a8e9b: onDisplayChanged oldDisplayState=2 newDisplayState=2
08-07 18:30:32.977 21121 21121 D SessionStatsVM:  Timer refresh with rewind: 485s (offset: 0ms)
08-07 18:30:33.984 21121 21121 D SessionStatsVM:  Timer refresh with rewind: 486s (offset: 0ms)
08-07 18:30:34.026  1762  1762 I LayerHistory: com.sam.cloudcounter/com.sam.cloudcounter.MainActivity$_21121#85717 is infrequent
08-07 18:30:34.073 21121 21121 I VRI[MainActivity]@71a8e9b: onDisplayChanged oldDisplayState=2 newDisplayState=2
08-07 18:30:34.990 21121 21121 D SessionStatsVM:  Timer refresh with rewind: 487s (offset: 0ms)
08-07 18:30:35.329  1762  1762 I LayerHistory: com.sam.cloudcounter/com.sam.cloudcounter.MainActivity$_21121#85717 is infrequent
08-07 18:30:35.403 21121 21121 I VRI[MainActivity]@71a8e9b: onDisplayChanged oldDisplayState=2 newDisplayState=2
08-07 18:30:35.994 21121 21121 D SessionStatsVM:  Timer refresh with rewind: 488s (offset: 0ms)
08-07 18:30:37.000 21121 21121 D SessionStatsVM:  Timer refresh with rewind: 489s (offset: 0ms)
08-07 18:30:37.017  1762  1762 I LayerHistory: com.sam.cloudcounter/com.sam.cloudcounter.MainActivity$_21121#85717 is infrequent
08-07 18:30:37.053 21121 21121 I VRI[MainActivity]@71a8e9b: onDisplayChanged oldDisplayState=2 newDisplayState=2
08-07 18:30:38.005 21121 21121 D SessionStatsVM:  Timer refresh with rewind: 490s (offset: 0ms)
08-07 18:30:39.011 21121 21121 D SessionStatsVM:  Timer refresh with rewind: 491s (offset: 0ms)
08-07 18:30:39.895  1762  1762 I LayerHistory: com.sam.cloudcounter/com.sam.cloudcounter.MainActivity$_21121#85717 is infrequent
08-07 18:30:39.980 21121 21121 I VRI[MainActivity]@71a8e9b: onDisplayChanged oldDisplayState=2 newDisplayState=2
08-07 18:30:40.014 21121 21121 D SessionStatsVM:  Timer refresh with rewind: 492s (offset: 0ms)
08-07 18:30:41.018 21121 21121 D SessionStatsVM:  Timer refresh with rewind: 493s (offset: 0ms)
08-07 18:30:41.539  1762  1762 I LayerHistory: com.sam.cloudcounter/com.sam.cloudcounter.MainActivity$_21121#85717 is infrequent
08-07 18:30:41.580 21121 21121 I VRI[MainActivity]@71a8e9b: onDisplayChanged oldDisplayState=2 newDisplayState=2
08-07 18:30:42.022 21121 21121 D SessionStatsVM:  Timer refresh with rewind: 494s (offset: 0ms)
08-07 18:30:43.027 21121 21121 D SessionStatsVM:  Timer refresh with rewind: 495s (offset: 0ms)
08-07 18:30:44.032 21121 21121 D SessionStatsVM:  Timer refresh with rewind: 496s (offset: 0ms)
08-07 18:30:45.036 21121 21121 D SessionStatsVM:  Timer refresh with rewind: 497s (offset: 0ms)
08-07 18:30:46.040 21121 21121 D SessionStatsVM:  Timer refresh with rewind: 498s (offset: 0ms)
08-07 18:30:47.045 21121 21121 D SessionStatsVM:  Timer refresh with rewind: 499s (offset: 0ms)
08-07 18:30:48.050 21121 21121 D SessionStatsVM:  Timer refresh with rewind: 500s (offset: 0ms)
08-07 18:30:49.062 21121 21121 D SessionStatsVM:  Timer refresh with rewind: 501s (offset: 0ms)
08-07 18:30:49.759  1762  1762 I LayerHistory: com.sam.cloudcounter/com.sam.cloudcounter.MainActivity$_21121#85717 is infrequent
08-07 18:30:49.848 21121 21121 I VRI[MainActivity]@71a8e9b: onDisplayChanged oldDisplayState=2 newDisplayState=2
08-07 18:30:50.068 21121 21121 D SessionStatsVM:  Timer refresh with rewind: 502s (offset: 0ms)
08-07 18:30:50.751  1762  1762 I LayerHistory: com.sam.cloudcounter/com.sam.cloudcounter.MainActivity$_21121#85717 is infrequent
08-07 18:30:50.766  1762  1762 D SurfaceFlinger:        DEVICE |   0xb400006f7e8aca80 | 0001 | RGBA_8888    |    0.0    0.0 1440.0 3088.0 |    0    0 1440 3088 | com.sam.cloudcounter/com.sam.cloudcounter.MainActivity$_21121#85717 (600)
08-07 18:30:50.781 21121 21121 I VRI[MainActivity]@71a8e9b: onDisplayChanged oldDisplayState=2 newDisplayState=2
08-07 18:30:51.071 21121 21121 D SessionStatsVM:  Timer refresh with rewind: 503s (offset: 0ms)
08-07 18:30:52.076 21121 21121 D SessionStatsVM:  Timer refresh with rewind: 504s (offset: 0ms)
08-07 18:30:53.081 21121 21121 D SessionStatsVM:  Timer refresh with rewind: 505s (offset: 0ms)
08-07 18:30:53.747  1762  1762 I LayerHistory: com.sam.cloudcounter/com.sam.cloudcounter.MainActivity$_21121#85717 is infrequent
08-07 18:30:53.824 21121 21121 I VRI[MainActivity]@71a8e9b: onDisplayChanged oldDisplayState=2 newDisplayState=2
08-07 18:30:54.089 21121 21121 D SessionStatsVM:  Timer refresh with rewind: 506s (offset: 0ms)
08-07 18:30:55.099 21121 21121 D SessionStatsVM:  Timer refresh with rewind: 507s (offset: 0ms)
08-07 18:30:55.137  1762  1762 I LayerHistory: com.sam.cloudcounter/com.sam.cloudcounter.MainActivity$_21121#85717 is infrequent
08-07 18:30:55.177 21121 21121 I VRI[MainActivity]@71a8e9b: onDisplayChanged oldDisplayState=2 newDisplayState=2
08-07 18:30:56.104 21121 21121 D SessionStatsVM:  Timer refresh with rewind: 508s (offset: 0ms)
08-07 18:30:56.807  1762  1762 I LayerHistory: com.sam.cloudcounter/com.sam.cloudcounter.MainActivity$_21121#85717 is infrequent
08-07 18:30:56.872 21121 21121 I VRI[MainActivity]@71a8e9b: onDisplayChanged oldDisplayState=2 newDisplayState=2
08-07 18:30:57.112 21121 21121 D SessionStatsVM:  Timer refresh with rewind: 509s (offset: 0ms)
08-07 18:30:58.124 21121 21121 D SessionStatsVM:  Timer refresh with rewind: 510s (offset: 0ms)
08-07 18:30:58.157  1762  1762 I LayerHistory: com.sam.cloudcounter/com.sam.cloudcounter.MainActivity$_21121#85717 is infrequent
08-07 18:30:58.193 21121 21121 I VRI[MainActivity]@71a8e9b: onDisplayChanged oldDisplayState=2 newDisplayState=2
08-07 18:30:58.741  1762  1762 I LayerHistory: com.sam.cloudcounter/com.sam.cloudcounter.MainActivity$_21121#85717 is infrequent
08-07 18:30:58.814 21121 21121 I VRI[MainActivity]@71a8e9b: onDisplayChanged oldDisplayState=2 newDisplayState=2
08-07 18:30:59.130 21121 21121 D SessionStatsVM:  Timer refresh with rewind: 511s (offset: 0ms)
08-07 18:31:00.143 21121 21121 D SessionStatsVM:  Timer refresh with rewind: 512s (offset: 0ms)
08-07 18:31:01.152 21121 21121 D SessionStatsVM:  Timer refresh with rewind: 513s (offset: 0ms)
08-07 18:31:01.543  1762  1887 D RenderEngine: [SEC_SF_EFFECTS] drawLayersInternal,1299, Rendering layer com.sam.cloudcounter/com.sam.cloudcounter.MainActivity$_21121#85717 at index 1
08-07 18:31:02.161 21121 21121 D SessionStatsVM:  Timer refresh with rewind: 514s (offset: 0ms)
08-07 18:31:02.201  1762  1762 I LayerHistory: com.sam.cloudcounter/com.sam.cloudcounter.MainActivity$_21121#85717 is infrequent
08-07 18:31:02.238 21121 21121 I VRI[MainActivity]@71a8e9b: onDisplayChanged oldDisplayState=2 newDisplayState=2
08-07 18:31:03.172 21121 21121 D SessionStatsVM:  Timer refresh with rewind: 515s (offset: 0ms)
08-07 18:31:04.180 21121 21121 D SessionStatsVM:  Timer refresh with rewind: 517s (offset: 0ms)
08-07 18:31:05.188 21121 21121 D SessionStatsVM:  Timer refresh with rewind: 518s (offset: 0ms)
08-07 18:31:05.952  1762  1762 I LayerHistory: com.sam.cloudcounter/com.sam.cloudcounter.MainActivity$_21121#85717 is infrequent
08-07 18:31:06.022 21121 21121 I VRI[MainActivity]@71a8e9b: onDisplayChanged oldDisplayState=2 newDisplayState=2
08-07 18:31:06.193 21121 21121 D SessionStatsVM:  Timer refresh with rewind: 519s (offset: 0ms)
08-07 18:31:07.202 21121 21121 D SessionStatsVM:  Timer refresh with rewind: 520s (offset: 0ms)
08-07 18:31:07.244  1762  1762 I LayerHistory: com.sam.cloudcounter/com.sam.cloudcounter.MainActivity$_21121#85717 is infrequent
08-07 18:31:07.273 21121 21121 I VRI[MainActivity]@71a8e9b: onDisplayChanged oldDisplayState=2 newDisplayState=2
08-07 18:31:08.211 21121 21121 D SessionStatsVM:  Timer refresh with rewind: 521s (offset: 0ms)
08-07 18:31:08.953  1762  1762 I LayerHistory: com.sam.cloudcounter/com.sam.cloudcounter.MainActivity$_21121#85717 is infrequent
08-07 18:31:09.019 21121 21121 I VRI[MainActivity]@71a8e9b: onDisplayChanged oldDisplayState=2 newDisplayState=2
08-07 18:31:09.215 21121 21121 D SessionStatsVM:  Timer refresh with rewind: 522s (offset: 0ms)
08-07 18:31:10.222 21121 21121 D SessionStatsVM:  Timer refresh with rewind: 523s (offset: 0ms)
08-07 18:31:10.262  1762  1762 I LayerHistory: com.sam.cloudcounter/com.sam.cloudcounter.MainActivity$_21121#85717 is infrequent
08-07 18:31:10.295 21121 21121 I VRI[MainActivity]@71a8e9b: onDisplayChanged oldDisplayState=2 newDisplayState=2
08-07 18:31:11.011  1762  1762 I LayerHistory: com.sam.cloudcounter/com.sam.cloudcounter.MainActivity$_21121#85717 is infrequent
08-07 18:31:11.075 21121 21121 I VRI[MainActivity]@71a8e9b: onDisplayChanged oldDisplayState=2 newDisplayState=2
08-07 18:31:11.223 21121 21121 D SessionStatsVM:  Timer refresh with rewind: 524s (offset: 0ms)
08-07 18:31:12.227 21121 21121 D SessionStatsVM:  Timer refresh with rewind: 525s (offset: 0ms)
08-07 18:31:13.229 21121 21121 D SessionStatsVM:  Timer refresh with rewind: 526s (offset: 0ms)
08-07 18:31:13.263  1762  1762 I LayerHistory: com.sam.cloudcounter/com.sam.cloudcounter.MainActivity$_21121#85717 is infrequent
08-07 18:31:13.304 21121 21121 I VRI[MainActivity]@71a8e9b: onDisplayChanged oldDisplayState=2 newDisplayState=2
08-07 18:31:13.600  1762  1762 I LayerHistory: com.sam.cloudcounter/com.sam.cloudcounter.MainActivity$_21121#85717 is infrequent
08-07 18:31:13.672 21121 21121 I VRI[MainActivity]@71a8e9b: onDisplayChanged oldDisplayState=2 newDisplayState=2
08-07 18:31:13.717  1762  1762 D SurfaceFlinger:        CLIENT |   0xb400006f7e862700 | 0001 | RGBA_8888    |    0.0    0.0 1440.0 3088.0 |    0    0 1440 3088 | com.sam.cloudcounter/com.sam.cloudcounter.MainActivity$_21121#85717 (626)
08-07 18:31:14.231 21121 21121 D SessionStatsVM:  Timer refresh with rewind: 527s (offset: 0ms)
08-07 18:31:15.236 21121 21121 D SessionStatsVM:  Timer refresh with rewind: 528s (offset: 0ms)
08-07 18:31:15.257  1762  1762 I LayerHistory: com.sam.cloudcounter/com.sam.cloudcounter.MainActivity$_21121#85717 is infrequent
08-07 18:31:15.305 21121 21121 I VRI[MainActivity]@71a8e9b: onDisplayChanged oldDisplayState=2 newDisplayState=2
08-07 18:31:16.240 21121 21121 D SessionStatsVM:  Timer refresh with rewind: 529s (offset: 0ms)
08-07 18:31:17.243 21121 21121 D SessionStatsVM:  Timer refresh with rewind: 530s (offset: 0ms)
08-07 18:31:18.245 21121 21121 D SessionStatsVM:  Timer refresh with rewind: 531s (offset: 0ms)
08-07 18:31:19.250 21121 21121 D SessionStatsVM:  Timer refresh with rewind: 532s (offset: 0ms)
08-07 18:31:20.256 21121 21121 D SessionStatsVM:  Timer refresh with rewind: 533s (offset: 0ms)
08-07 18:31:21.261 21121 21121 D SessionStatsVM:  Timer refresh with rewind: 534s (offset: 0ms)
08-07 18:31:22.266 21121 21121 D SessionStatsVM:  Timer refresh with rewind: 535s (offset: 0ms)
08-07 18:31:23.270 21121 21121 D SessionStatsVM:  Timer refresh with rewind: 536s (offset: 0ms)
08-07 18:31:23.603  1762  1762 I LayerHistory: com.sam.cloudcounter/com.sam.cloudcounter.MainActivity$_21121#85717 is infrequent
08-07 18:31:23.676 21121 21121 I VRI[MainActivity]@71a8e9b: onDisplayChanged oldDisplayState=2 newDisplayState=2
08-07 18:31:24.274 21121 21121 D SessionStatsVM:  Timer refresh with rewind: 537s (offset: 0ms)
08-07 18:31:25.278 21121 21121 D SessionStatsVM:  Timer refresh with rewind: 538s (offset: 0ms)
08-07 18:31:25.295  1762  1762 I LayerHistory: com.sam.cloudcounter/com.sam.cloudcounter.MainActivity$_21121#85717 is infrequent
08-07 18:31:25.330 21121 21121 I VRI[MainActivity]@71a8e9b: onDisplayChanged oldDisplayState=2 newDisplayState=2
08-07 18:31:26.283 21121 21121 D SessionStatsVM:  Timer refresh with rewind: 539s (offset: 0ms)
08-07 18:31:27.288 21121 21121 D SessionStatsVM:  Timer refresh with rewind: 540s (offset: 0ms)
08-07 18:31:28.293 21121 21121 D SessionStatsVM:  Timer refresh with rewind: 541s (offset: 0ms)
08-07 18:31:29.302 21121 21121 D SessionStatsVM:  Timer refresh with rewind: 542s (offset: 0ms)
08-07 18:31:30.309 21121 21121 D SessionStatsVM:  Timer refresh with rewind: 543s (offset: 0ms)
08-07 18:31:30.338  1762  1762 I LayerHistory: com.sam.cloudcounter/com.sam.cloudcounter.MainActivity$_21121#85717 is infrequent
08-07 18:31:30.426 21121 21121 I VRI[MainActivity]@71a8e9b: onDisplayChanged oldDisplayState=2 newDisplayState=2
08-07 18:31:31.315 21121 21121 D SessionStatsVM:  Timer refresh with rewind: 544s (offset: 0ms)
08-07 18:31:31.636  1762  1887 D RenderEngine: [SEC_SF_EFFECTS] drawLayersInternal,1299, Rendering layer com.sam.cloudcounter/com.sam.cloudcounter.MainActivity$_21121#85717 at index 1
08-07 18:31:32.321 21121 21121 D SessionStatsVM:  Timer refresh with rewind: 545s (offset: 0ms)
08-07 18:31:33.328 21121 21121 D SessionStatsVM:  Timer refresh with rewind: 546s (offset: 0ms)
08-07 18:31:34.333 21121 21121 D SessionStatsVM:  Timer refresh with rewind: 547s (offset: 0ms)
08-07 18:31:34.382  1762  1762 I LayerHistory: com.sam.cloudcounter/com.sam.cloudcounter.MainActivity$_21121#85717 is infrequent
08-07 18:31:34.439 21121 21121 I VRI[MainActivity]@71a8e9b: onDisplayChanged oldDisplayState=2 newDisplayState=2
08-07 18:31:35.338 21121 21121 D SessionStatsVM:  Timer refresh with rewind: 548s (offset: 0ms)
08-07 18:31:36.342 21121 21121 D SessionStatsVM:  Timer refresh with rewind: 549s (offset: 0ms)
08-07 18:31:37.349 21121 21121 D SessionStatsVM:  Timer refresh with rewind: 550s (offset: 0ms)
08-07 18:31:38.359 21121 21121 D SessionStatsVM:  Timer refresh with rewind: 551s (offset: 0ms)
08-07 18:31:39.364 21121 21121 D SessionStatsVM:  Timer refresh with rewind: 552s (offset: 0ms)
08-07 18:31:40.370 21121 21121 D SessionStatsVM:  Timer refresh with rewind: 553s (offset: 0ms)
08-07 18:31:41.377 21121 21121 D SessionStatsVM:  Timer refresh with rewind: 554s (offset: 0ms)
08-07 18:31:42.386 21121 21121 D SessionStatsVM:  Timer refresh with rewind: 555s (offset: 0ms)
08-07 18:31:43.390 21121 21121 D SessionStatsVM:  Timer refresh with rewind: 556s (offset: 0ms)
08-07 18:31:43.726  1762  1762 I LayerHistory: com.sam.cloudcounter/com.sam.cloudcounter.MainActivity$_21121#85717 is infrequent
08-07 18:31:43.814 21121 21121 I VRI[MainActivity]@71a8e9b: onDisplayChanged oldDisplayState=2 newDisplayState=2
08-07 18:31:44.394 21121 21121 D SessionStatsVM:  Timer refresh with rewind: 557s (offset: 0ms)
08-07 18:31:44.653  1762  1762 I LayerHistory: com.sam.cloudcounter/com.sam.cloudcounter.MainActivity$_21121#85717 is infrequent
08-07 18:31:44.669  1762  1762 D SurfaceFlinger:        DEVICE |   0xb400006f7e865780 | 0001 | RGBA_8888    |    0.0    0.0 1440.0 3088.0 |    0    0 1440 3088 | com.sam.cloudcounter/com.sam.cloudcounter.MainActivity$_21121#85717 (659)
08-07 18:31:44.688 21121 21121 I VRI[MainActivity]@71a8e9b: onDisplayChanged oldDisplayState=2 newDisplayState=2
08-07 18:31:45.401 21121 21121 D SessionStatsVM:  Timer refresh with rewind: 558s (offset: 0ms)
08-07 18:31:46.409 21121 21121 D SessionStatsVM:  Timer refresh with rewind: 559s (offset: 0ms)
08-07 18:31:47.419 21121 21121 D SessionStatsVM:  Timer refresh with rewind: 560s (offset: 0ms)
08-07 18:31:48.429 21121 21121 D SessionStatsVM:  Timer refresh with rewind: 561s (offset: 0ms)
08-07 18:31:49.435 21121 21121 D SessionStatsVM:  Timer refresh with rewind: 562s (offset: 0ms)
08-07 18:31:50.443 21121 21121 D SessionStatsVM:  Timer refresh with rewind: 563s (offset: 0ms)
08-07 18:31:51.448 21121 21121 D SessionStatsVM:  Timer refresh with rewind: 564s (offset: 0ms)
08-07 18:31:52.455 21121 21121 D SessionStatsVM:  Timer refresh with rewind: 565s (offset: 0ms)
08-07 18:31:53.465 21121 21121 D SessionStatsVM:  Timer refresh with rewind: 566s (offset: 0ms)
08-07 18:31:54.476 21121 21121 D SessionStatsVM:  Timer refresh with rewind: 567s (offset: 0ms)
08-07 18:31:55.486 21121 21121 D SessionStatsVM:  Timer refresh with rewind: 568s (offset: 0ms)
08-07 18:31:56.490 21121 21121 D SessionStatsVM:  Timer refresh with rewind: 569s (offset: 0ms)
08-07 18:31:57.499 21121 21121 D SessionStatsVM:  Timer refresh with rewind: 570s (offset: 0ms)
08-07 18:31:58.506 21121 21121 D SessionStatsVM:  Timer refresh with rewind: 571s (offset: 0ms)
08-07 18:31:59.515 21121 21121 D SessionStatsVM:  Timer refresh with rewind: 572s (offset: 0ms)
08-07 18:32:00.520 21121 21121 D SessionStatsVM:  Timer refresh with rewind: 573s (offset: 0ms)
08-07 18:32:01.527 21121 21121 D SessionStatsVM:  Timer refresh with rewind: 574s (offset: 0ms)
08-07 18:32:01.747  1762  1887 D RenderEngine: [SEC_SF_EFFECTS] drawLayersInternal,1299, Rendering layer com.sam.cloudcounter/com.sam.cloudcounter.MainActivity$_21121#85717 at index 1
08-07 18:32:02.537 21121 21121 D SessionStatsVM:  Timer refresh with rewind: 575s (offset: 0ms)
08-07 18:32:03.545 21121 21121 D SessionStatsVM:  Timer refresh with rewind: 576s (offset: 0ms)
08-07 18:32:04.555 21121 21121 D SessionStatsVM:  Timer refresh with rewind: 577s (offset: 0ms)
08-07 18:32:05.562 21121 21121 D SessionStatsVM:  Timer refresh with rewind: 578s (offset: 0ms)
08-07 18:32:06.567 21121 21121 D SessionStatsVM:  Timer refresh with rewind: 579s (offset: 0ms)
08-07 18:32:07.576 21121 21121 D SessionStatsVM:  Timer refresh with rewind: 580s (offset: 0ms)
08-07 18:32:08.586 21121 21121 D SessionStatsVM:  Timer refresh with rewind: 581s (offset: 0ms)
08-07 18:32:09.597 21121 21121 D SessionStatsVM:  Timer refresh with rewind: 582s (offset: 0ms)
08-07 18:32:10.604 21121 21121 D SessionStatsVM:  Timer refresh with rewind: 583s (offset: 0ms)
08-07 18:32:11.611 21121 21121 D SessionStatsVM:  Timer refresh with rewind: 584s (offset: 0ms)
08-07 18:32:12.620 21121 21121 D SessionStatsVM:  Timer refresh with rewind: 585s (offset: 0ms)
08-07 18:32:13.630 21121 21121 D SessionStatsVM:  Timer refresh with rewind: 586s (offset: 0ms)
08-07 18:32:14.636 21121 21121 D SessionStatsVM:  Timer refresh with rewind: 587s (offset: 0ms)
08-07 18:32:15.643 21121 21121 D SessionStatsVM:  Timer refresh with rewind: 588s (offset: 0ms)
08-07 18:32:16.651 21121 21121 D SessionStatsVM:  Timer refresh with rewind: 589s (offset: 0ms)
08-07 18:32:17.659 21121 21121 D SessionStatsVM:  Timer refresh with rewind: 590s (offset: 0ms)
08-07 18:32:18.668 21121 21121 D SessionStatsVM:  Timer refresh with rewind: 591s (offset: 0ms)
08-07 18:32:19.677 21121 21121 D SessionStatsVM:  Timer refresh with rewind: 592s (offset: 0ms)
08-07 18:32:20.687 21121 21121 D SessionStatsVM:  Timer refresh with rewind: 593s (offset: 0ms)
08-07 18:32:21.698 21121 21121 D SessionStatsVM:  Timer refresh with rewind: 594s (offset: 0ms)
08-07 18:32:22.706 21121 21121 D SessionStatsVM:  Timer refresh with rewind: 595s (offset: 0ms)
08-07 18:32:23.715 21121 21121 D SessionStatsVM:  Timer refresh with rewind: 596s (offset: 0ms)
08-07 18:32:24.724 21121 21121 D SessionStatsVM:  Timer refresh with rewind: 597s (offset: 0ms)
08-07 18:32:25.733 21121 21121 D SessionStatsVM:  Timer refresh with rewind: 598s (offset: 0ms)
08-07 18:32:26.741 21121 21121 D SessionStatsVM:  Timer refresh with rewind: 599s (offset: 0ms)
08-07 18:32:27.750 21121 21121 D SessionStatsVM:  Timer refresh with rewind: 600s (offset: 0ms)
08-07 18:32:28.762 21121 21121 D SessionStatsVM:  Timer refresh with rewind: 601s (offset: 0ms)
08-07 18:32:29.770 21121 21121 D SessionStatsVM:  Timer refresh with rewind: 602s (offset: 0ms)
08-07 18:32:30.779 21121 21121 D SessionStatsVM:  Timer refresh with rewind: 603s (offset: 0ms)
08-07 18:32:31.788 21121 21121 D SessionStatsVM:  Timer refresh with rewind: 604s (offset: 0ms)
08-07 18:32:31.857  1762  1887 D RenderEngine: [SEC_SF_EFFECTS] drawLayersInternal,1299, Rendering layer com.sam.cloudcounter/com.sam.cloudcounter.MainActivity$_21121#85717 at index 1
08-07 18:32:32.797 21121 21121 D SessionStatsVM:  Timer refresh with rewind: 605s (offset: 0ms)
08-07 18:32:33.805 21121 21121 D SessionStatsVM:  Timer refresh with rewind: 606s (offset: 0ms)
08-07 18:32:34.814 21121 21121 D SessionStatsVM:  Timer refresh with rewind: 607s (offset: 0ms)
08-07 18:32:35.822 21121 21121 D SessionStatsVM:  Timer refresh with rewind: 608s (offset: 0ms)
08-07 18:32:36.829 21121 21121 D SessionStatsVM:  Timer refresh with rewind: 609s (offset: 0ms)
08-07 18:32:37.836 21121 21121 D SessionStatsVM:  Timer refresh with rewind: 610s (offset: 0ms)
08-07 18:32:38.842 21121 21121 D SessionStatsVM:  Timer refresh with rewind: 611s (offset: 0ms)
08-07 18:32:39.849 21121 21121 D SessionStatsVM:  Timer refresh with rewind: 612s (offset: 0ms)
08-07 18:32:40.858 21121 21121 D SessionStatsVM:  Timer refresh with rewind: 613s (offset: 0ms)
08-07 18:32:41.868 21121 21121 D SessionStatsVM:  Timer refresh with rewind: 614s (offset: 0ms)
08-07 18:32:42.877 21121 21121 D SessionStatsVM:  Timer refresh with rewind: 615s (offset: 0ms)
08-07 18:32:43.885 21121 21121 D SessionStatsVM:  Timer refresh with rewind: 616s (offset: 0ms)
08-07 18:32:44.897 21121 21121 D SessionStatsVM:  Timer refresh with rewind: 617s (offset: 0ms)
08-07 18:32:45.902 21121 21121 D SessionStatsVM:  Timer refresh with rewind: 618s (offset: 0ms)
08-07 18:32:46.906 21121 21121 D SessionStatsVM:  Timer refresh with rewind: 619s (offset: 0ms)
08-07 18:32:47.910 21121 21121 D SessionStatsVM:  Timer refresh with rewind: 620s (offset: 0ms)
08-07 18:32:48.914 21121 21121 D SessionStatsVM:  Timer refresh with rewind: 621s (offset: 0ms)
08-07 18:32:49.920 21121 21121 D SessionStatsVM:  Timer refresh with rewind: 622s (offset: 0ms)
08-07 18:32:50.924 21121 21121 D SessionStatsVM:  Timer refresh with rewind: 623s (offset: 0ms)
08-07 18:32:51.934 21121 21121 D SessionStatsVM:  Timer refresh with rewind: 624s (offset: 0ms)
08-07 18:32:52.938 21121 21121 D SessionStatsVM:  Timer refresh with rewind: 625s (offset: 0ms)
08-07 18:32:53.947 21121 21121 D SessionStatsVM:  Timer refresh with rewind: 626s (offset: 0ms)
08-07 18:32:54.957 21121 21121 D SessionStatsVM:  Timer refresh with rewind: 627s (offset: 0ms)
08-07 18:32:55.969 21121 21121 D SessionStatsVM:  Timer refresh with rewind: 628s (offset: 0ms)
08-07 18:32:56.976 21121 21121 D SessionStatsVM:  Timer refresh with rewind: 629s (offset: 0ms)
08-07 18:32:57.986 21121 21121 D SessionStatsVM:  Timer refresh with rewind: 630s (offset: 0ms)
08-07 18:32:58.991 21121 21121 D SessionStatsVM:  Timer refresh with rewind: 631s (offset: 0ms)
08-07 18:32:59.998 21121 21121 D SessionStatsVM:  Timer refresh with rewind: 632s (offset: 0ms)
08-07 18:33:01.002 21121 21121 D SessionStatsVM:  Timer refresh with rewind: 633s (offset: 0ms)
08-07 18:33:01.958  1762  1887 D RenderEngine: [SEC_SF_EFFECTS] drawLayersInternal,1299, Rendering layer com.sam.cloudcounter/com.sam.cloudcounter.MainActivity$_21121#85717 at index 1
08-07 18:33:02.006 21121 21121 D SessionStatsVM:  Timer refresh with rewind: 634s (offset: 0ms)
08-07 18:33:03.010 21121 21121 D SessionStatsVM:  Timer refresh with rewind: 635s (offset: 0ms)
08-07 18:33:04.013 21121 21121 D SessionStatsVM:  Timer refresh with rewind: 636s (offset: 0ms)
08-07 18:33:05.020 21121 21121 D SessionStatsVM:  Timer refresh with rewind: 637s (offset: 0ms)
08-07 18:33:06.023 21121 21121 D SessionStatsVM:  Timer refresh with rewind: 638s (offset: 0ms)
08-07 18:33:07.028 21121 21121 D SessionStatsVM:  Timer refresh with rewind: 639s (offset: 0ms)
08-07 18:33:08.034 21121 21121 D SessionStatsVM:  Timer refresh with rewind: 640s (offset: 0ms)
08-07 18:33:09.040 21121 21121 D SessionStatsVM:  Timer refresh with rewind: 641s (offset: 0ms)
08-07 18:33:10.046 21121 21121 D SessionStatsVM:  Timer refresh with rewind: 642s (offset: 0ms)
08-07 18:33:11.051 21121 21121 D SessionStatsVM:  Timer refresh with rewind: 643s (offset: 0ms)
08-07 18:33:12.059 21121 21121 D SessionStatsVM:  Timer refresh with rewind: 644s (offset: 0ms)
08-07 18:33:13.067 21121 21121 D SessionStatsVM:  Timer refresh with rewind: 645s (offset: 0ms)
08-07 18:33:13.611  2827  4369 D WifiConnectivityMonitor: isPackageRunning - top:com.sam.cloudcounter.MainActivity
08-07 18:33:13.611  2827  4369 D WifiConnectivityMonitor: isPackageRunning - top:com.sam.cloudcounter.MainActivity
08-07 18:33:14.071 21121 21121 D SessionStatsVM:  Timer refresh with rewind: 646s (offset: 0ms)
08-07 18:33:15.081 21121 21121 D SessionStatsVM:  Timer refresh with rewind: 647s (offset: 0ms)
08-07 18:33:16.088 21121 21121 D SessionStatsVM:  Timer refresh with rewind: 648s (offset: 0ms)
08-07 18:33:17.098 21121 21121 D SessionStatsVM:  Timer refresh with rewind: 649s (offset: 0ms)
08-07 18:33:17.842  2827  4409 D WifiConnectivityMonitor: isPackageRunning - top:com.sam.cloudcounter.MainActivity
08-07 18:33:18.101 21121 21121 D SessionStatsVM:  Timer refresh with rewind: 650s (offset: 0ms)
08-07 18:33:19.105 21121 21121 D SessionStatsVM:  Timer refresh with rewind: 651s (offset: 0ms)
08-07 18:33:20.109 21121 21121 D SessionStatsVM:  Timer refresh with rewind: 652s (offset: 0ms)
08-07 18:33:21.118 21121 21121 D SessionStatsVM:  Timer refresh with rewind: 653s (offset: 0ms)
08-07 18:33:22.127 21121 21121 D SessionStatsVM:  Timer refresh with rewind: 654s (offset: 0ms)
08-07 18:33:23.130 21121 21121 D SessionStatsVM:  Timer refresh with rewind: 655s (offset: 0ms)
08-07 18:33:24.137 21121 21121 D SessionStatsVM:  Timer refresh with rewind: 656s (offset: 0ms)
08-07 18:33:25.147 21121 21121 D SessionStatsVM:  Timer refresh with rewind: 657s (offset: 0ms)
08-07 18:33:26.156 21121 21121 D SessionStatsVM:  Timer refresh with rewind: 658s (offset: 0ms)
08-07 18:33:27.166 21121 21121 D SessionStatsVM:  Timer refresh with rewind: 659s (offset: 0ms)
08-07 18:33:28.174 21121 21121 D SessionStatsVM:  Timer refresh with rewind: 661s (offset: 0ms)
08-07 18:33:29.185 21121 21121 D SessionStatsVM:  Timer refresh with rewind: 662s (offset: 0ms)
08-07 18:33:30.190 21121 21121 D SessionStatsVM:  Timer refresh with rewind: 663s (offset: 0ms)
08-07 18:33:31.194 21121 21121 D SessionStatsVM:  Timer refresh with rewind: 664s (offset: 0ms)
08-07 18:33:32.055  1762  1887 D RenderEngine: [SEC_SF_EFFECTS] drawLayersInternal,1299, Rendering layer com.sam.cloudcounter/com.sam.cloudcounter.MainActivity$_21121#85717 at index 1
08-07 18:33:32.203 21121 21121 D SessionStatsVM:  Timer refresh with rewind: 665s (offset: 0ms)
08-07 18:33:33.210 21121 21121 D SessionStatsVM:  Timer refresh with rewind: 666s (offset: 0ms)
08-07 18:33:34.220 21121 21121 D SessionStatsVM:  Timer refresh with rewind: 667s (offset: 0ms)
08-07 18:33:35.063  1762  1762 I LayerHistory: com.sam.cloudcounter/com.sam.cloudcounter.MainActivity$_21121#85717 is infrequent
08-07 18:33:35.142 21121 21121 I VRI[MainActivity]@71a8e9b: onDisplayChanged oldDisplayState=2 newDisplayState=2
08-07 18:33:35.222 21121 21121 D SessionStatsVM:  Timer refresh with rewind: 668s (offset: 0ms)
08-07 18:33:36.225 21121 21121 D SessionStatsVM:  Timer refresh with rewind: 669s (offset: 0ms)
08-07 18:33:36.271  1762  1762 I LayerHistory: com.sam.cloudcounter/com.sam.cloudcounter.MainActivity$_21121#85717 is infrequent
08-07 18:33:36.308 21121 21121 I VRI[MainActivity]@71a8e9b: onDisplayChanged oldDisplayState=2 newDisplayState=2
08-07 18:33:37.234 21121 21121 D SessionStatsVM:  Timer refresh with rewind: 670s (offset: 0ms)
08-07 18:33:38.107  1762  1762 I LayerHistory: com.sam.cloudcounter/com.sam.cloudcounter.MainActivity$_21121#85717 is infrequent
08-07 18:33:38.177 21121 21121 I VRI[MainActivity]@71a8e9b: onDisplayChanged oldDisplayState=2 newDisplayState=2
08-07 18:33:38.240 21121 21121 D SessionStatsVM:  Timer refresh with rewind: 671s (offset: 0ms)
08-07 18:33:39.247 21121 21121 D SessionStatsVM:  Timer refresh with rewind: 672s (offset: 0ms)
08-07 18:33:40.259 21121 21121 D SessionStatsVM:  Timer refresh with rewind: 673s (offset: 0ms)
08-07 18:33:40.291  1762  1762 I LayerHistory: com.sam.cloudcounter/com.sam.cloudcounter.MainActivity$_21121#85717 is infrequent
08-07 18:33:40.324 21121 21121 I VRI[MainActivity]@71a8e9b: onDisplayChanged oldDisplayState=2 newDisplayState=2
08-07 18:33:41.266 21121 21121 D SessionStatsVM:  Timer refresh with rewind: 674s (offset: 0ms)
08-07 18:33:42.275 21121 21121 D SessionStatsVM:  Timer refresh with rewind: 675s (offset: 0ms)
08-07 18:33:43.283 21121 21121 D SessionStatsVM:  Timer refresh with rewind: 676s (offset: 0ms)
08-07 18:33:44.292 21121 21121 D SessionStatsVM:  Timer refresh with rewind: 677s (offset: 0ms)
08-07 18:33:45.299 21121 21121 D SessionStatsVM:  Timer refresh with rewind: 678s (offset: 0ms)
08-07 18:33:46.308 21121 21121 D SessionStatsVM:  Timer refresh with rewind: 679s (offset: 0ms)
08-07 18:33:47.317 21121 21121 D SessionStatsVM:  Timer refresh with rewind: 680s (offset: 0ms)
08-07 18:33:48.328 21121 21121 D SessionStatsVM:  Timer refresh with rewind: 681s (offset: 0ms)
08-07 18:33:49.339 21121 21121 D SessionStatsVM:  Timer refresh with rewind: 682s (offset: 0ms)
08-07 18:33:50.348 21121 21121 D SessionStatsVM:  Timer refresh with rewind: 683s (offset: 0ms)
08-07 18:33:51.356 21121 21121 D SessionStatsVM:  Timer refresh with rewind: 684s (offset: 0ms)
08-07 18:33:52.364 21121 21121 D SessionStatsVM:  Timer refresh with rewind: 685s (offset: 0ms)
08-07 18:33:53.372 21121 21121 D SessionStatsVM:  Timer refresh with rewind: 686s (offset: 0ms)
08-07 18:33:54.376 21121 21121 D SessionStatsVM:  Timer refresh with rewind: 687s (offset: 0ms)
08-07 18:33:55.382 21121 21121 D SessionStatsVM:  Timer refresh with rewind: 688s (offset: 0ms)
08-07 18:33:56.391 21121 21121 D SessionStatsVM:  Timer refresh with rewind: 689s (offset: 0ms)
08-07 18:33:57.401 21121 21121 D SessionStatsVM:  Timer refresh with rewind: 690s (offset: 0ms)
08-07 18:33:58.412 21121 21121 D SessionStatsVM:  Timer refresh with rewind: 691s (offset: 0ms)
08-07 18:33:59.421 21121 21121 D SessionStatsVM:  Timer refresh with rewind: 692s (offset: 0ms)
08-07 18:34:00.425 21121 21121 D SessionStatsVM:  Timer refresh with rewind: 693s (offset: 0ms)
08-07 18:34:01.432 21121 21121 D SessionStatsVM:  Timer refresh with rewind: 694s (offset: 0ms)
08-07 18:34:02.165  1762  1887 D RenderEngine: [SEC_SF_EFFECTS] drawLayersInternal,1299, Rendering layer com.sam.cloudcounter/com.sam.cloudcounter.MainActivity$_21121#85717 at index 1
08-07 18:34:02.441 21121 21121 D SessionStatsVM:  Timer refresh with rewind: 695s (offset: 0ms)
08-07 18:34:03.449 21121 21121 D SessionStatsVM:  Timer refresh with rewind: 696s (offset: 0ms)
08-07 18:34:04.461 21121 21121 D SessionStatsVM:  Timer refresh with rewind: 697s (offset: 0ms)
08-07 18:34:05.471 21121 21121 D SessionStatsVM:  Timer refresh with rewind: 698s (offset: 0ms)
08-07 18:34:06.479 21121 21121 D SessionStatsVM:  Timer refresh with rewind: 699s (offset: 0ms)
08-07 18:34:07.488 21121 21121 D SessionStatsVM:  Timer refresh with rewind: 700s (offset: 0ms)
08-07 18:34:08.496 21121 21121 D SessionStatsVM:  Timer refresh with rewind: 701s (offset: 0ms)
08-07 18:34:09.505 21121 21121 D SessionStatsVM:  Timer refresh with rewind: 702s (offset: 0ms)
08-07 18:34:10.513 21121 21121 D SessionStatsVM:  Timer refresh with rewind: 703s (offset: 0ms)
08-07 18:34:11.517 21121 21121 D SessionStatsVM:  Timer refresh with rewind: 704s (offset: 0ms)
08-07 18:34:12.526 21121 21121 D SessionStatsVM:  Timer refresh with rewind: 705s (offset: 0ms)
08-07 18:34:13.531 21121 21121 D SessionStatsVM:  Timer refresh with rewind: 706s (offset: 0ms)
08-07 18:34:14.539 21121 21121 D SessionStatsVM:  Timer refresh with rewind: 707s (offset: 0ms)
08-07 18:34:15.549 21121 21121 D SessionStatsVM:  Timer refresh with rewind: 708s (offset: 0ms)
08-07 18:34:16.558 21121 21121 D SessionStatsVM:  Timer refresh with rewind: 709s (offset: 0ms)
08-07 18:34:17.565 21121 21121 D SessionStatsVM:  Timer refresh with rewind: 710s (offset: 0ms)
08-07 18:34:18.572 21121 21121 D SessionStatsVM:  Timer refresh with rewind: 711s (offset: 0ms)
08-07 18:34:19.582 21121 21121 D SessionStatsVM:  Timer refresh with rewind: 712s (offset: 0ms)
08-07 18:34:20.589 21121 21121 D SessionStatsVM:  Timer refresh with rewind: 713s (offset: 0ms)
08-07 18:34:21.595 21121 21121 D SessionStatsVM:  Timer refresh with rewind: 714s (offset: 0ms)
08-07 18:34:22.601 21121 21121 D SessionStatsVM:  Timer refresh with rewind: 715s (offset: 0ms)
08-07 18:34:23.605 21121 21121 D SessionStatsVM:  Timer refresh with rewind: 716s (offset: 0ms)
08-07 18:34:24.613 21121 21121 D SessionStatsVM:  Timer refresh with rewind: 717s (offset: 0ms)
08-07 18:34:25.623 21121 21121 D SessionStatsVM:  Timer refresh with rewind: 718s (offset: 0ms)
08-07 18:34:26.633 21121 21121 D SessionStatsVM:  Timer refresh with rewind: 719s (offset: 0ms)
08-07 18:34:27.643 21121 21121 D SessionStatsVM:  Timer refresh with rewind: 720s (offset: 0ms)
08-07 18:34:28.656 21121 21121 D SessionStatsVM:  Timer refresh with rewind: 721s (offset: 0ms)
08-07 18:34:29.666 21121 21121 D SessionStatsVM:  Timer refresh with rewind: 722s (offset: 0ms)
08-07 18:34:30.671 21121 21121 D SessionStatsVM:  Timer refresh with rewind: 723s (offset: 0ms)
08-07 18:34:31.675 21121 21121 D SessionStatsVM:  Timer refresh with rewind: 724s (offset: 0ms)
08-07 18:34:32.272  1762  1887 D RenderEngine: [SEC_SF_EFFECTS] drawLayersInternal,1299, Rendering layer com.sam.cloudcounter/com.sam.cloudcounter.MainActivity$_21121#85717 at index 1
08-07 18:34:32.683 21121 21121 D SessionStatsVM:  Timer refresh with rewind: 725s (offset: 0ms)
08-07 18:34:33.695 21121 21121 D SessionStatsVM:  Timer refresh with rewind: 726s (offset: 0ms)
08-07 18:34:34.705 21121 21121 D SessionStatsVM:  Timer refresh with rewind: 727s (offset: 0ms)
08-07 18:34:35.710 21121 21121 D SessionStatsVM:  Timer refresh with rewind: 728s (offset: 0ms)
08-07 18:34:36.715 21121 21121 D SessionStatsVM:  Timer refresh with rewind: 729s (offset: 0ms)
08-07 18:34:37.724 21121 21121 D SessionStatsVM:  Timer refresh with rewind: 730s (offset: 0ms)
08-07 18:34:38.730 21121 21121 D SessionStatsVM:  Timer refresh with rewind: 731s (offset: 0ms)
08-07 18:34:39.737 21121 21121 D SessionStatsVM:  Timer refresh with rewind: 732s (offset: 0ms)
08-07 18:34:40.746 21121 21121 D SessionStatsVM:  Timer refresh with rewind: 733s (offset: 0ms)
08-07 18:34:41.754 21121 21121 D SessionStatsVM:  Timer refresh with rewind: 734s (offset: 0ms)
08-07 18:34:42.763 21121 21121 D SessionStatsVM:  Timer refresh with rewind: 735s (offset: 0ms)
08-07 18:34:43.767 21121 21121 D SessionStatsVM:  Timer refresh with rewind: 736s (offset: 0ms)
08-07 18:34:44.774 21121 21121 D SessionStatsVM:  Timer refresh with rewind: 737s (offset: 0ms)
08-07 18:34:45.782 21121 21121 D SessionStatsVM:  Timer refresh with rewind: 738s (offset: 0ms)
08-07 18:34:46.788 21121 21121 D SessionStatsVM:  Timer refresh with rewind: 739s (offset: 0ms)
08-07 18:34:47.795 21121 21121 D SessionStatsVM:  Timer refresh with rewind: 740s (offset: 0ms)
08-07 18:34:48.805 21121 21121 D SessionStatsVM:  Timer refresh with rewind: 741s (offset: 0ms)
08-07 18:34:49.814 21121 21121 D SessionStatsVM:  Timer refresh with rewind: 742s (offset: 0ms)
08-07 18:34:50.822 21121 21121 D SessionStatsVM:  Timer refresh with rewind: 743s (offset: 0ms)
08-07 18:34:51.831 21121 21121 D SessionStatsVM:  Timer refresh with rewind: 744s (offset: 0ms)
08-07 18:34:52.839 21121 21121 D SessionStatsVM:  Timer refresh with rewind: 745s (offset: 0ms)
08-07 18:34:53.846 21121 21121 D SessionStatsVM:  Timer refresh with rewind: 746s (offset: 0ms)
08-07 18:34:54.852 21121 21121 D SessionStatsVM:  Timer refresh with rewind: 747s (offset: 0ms)
08-07 18:34:55.860 21121 21121 D SessionStatsVM:  Timer refresh with rewind: 748s (offset: 0ms)
08-07 18:34:56.869 21121 21121 D SessionStatsVM:  Timer refresh with rewind: 749s (offset: 0ms)
08-07 18:34:57.879 21121 21121 D SessionStatsVM:  Timer refresh with rewind: 750s (offset: 0ms)
08-07 18:34:58.889 21121 21121 D SessionStatsVM:  Timer refresh with rewind: 751s (offset: 0ms)
08-07 18:34:59.899 21121 21121 D SessionStatsVM:  Timer refresh with rewind: 752s (offset: 0ms)
08-07 18:35:00.908 21121 21121 D SessionStatsVM:  Timer refresh with rewind: 753s (offset: 0ms)
08-07 18:35:01.915 21121 21121 D SessionStatsVM:  Timer refresh with rewind: 754s (offset: 0ms)
08-07 18:35:02.390  1762  1887 D RenderEngine: [SEC_SF_EFFECTS] drawLayersInternal,1299, Rendering layer com.sam.cloudcounter/com.sam.cloudcounter.MainActivity$_21121#85717 at index 1
08-07 18:35:02.921 21121 21121 D SessionStatsVM:  Timer refresh with rewind: 755s (offset: 0ms)
08-07 18:35:03.929 21121 21121 D SessionStatsVM:  Timer refresh with rewind: 756s (offset: 0ms)
08-07 18:35:04.936 21121 21121 D SessionStatsVM:  Timer refresh with rewind: 757s (offset: 0ms)
08-07 18:35:05.942 21121 21121 D SessionStatsVM:  Timer refresh with rewind: 758s (offset: 0ms)
08-07 18:35:06.946 21121 21121 D SessionStatsVM:  Timer refresh with rewind: 759s (offset: 0ms)
08-07 18:35:07.953 21121 21121 D SessionStatsVM:  Timer refresh with rewind: 760s (offset: 0ms)
08-07 18:35:08.956 21121 21121 D SessionStatsVM:  Timer refresh with rewind: 761s (offset: 0ms)
08-07 18:35:09.964 21121 21121 D SessionStatsVM:  Timer refresh with rewind: 762s (offset: 0ms)
08-07 18:35:10.973 21121 21121 D SessionStatsVM:  Timer refresh with rewind: 763s (offset: 0ms)
08-07 18:35:11.977 21121 21121 D SessionStatsVM:  Timer refresh with rewind: 764s (offset: 0ms)
08-07 18:35:12.984 21121 21121 D SessionStatsVM:  Timer refresh with rewind: 765s (offset: 0ms)
08-07 18:35:13.993 21121 21121 D SessionStatsVM:  Timer refresh with rewind: 766s (offset: 0ms)
08-07 18:35:14.995 21121 21121 D SessionStatsVM:  Timer refresh with rewind: 767s (offset: 0ms)
08-07 18:35:15.998 21121 21121 D SessionStatsVM:  Timer refresh with rewind: 768s (offset: 0ms)
08-07 18:35:17.002 21121 21121 D SessionStatsVM:  Timer refresh with rewind: 769s (offset: 0ms)
08-07 18:35:18.006 21121 21121 D SessionStatsVM:  Timer refresh with rewind: 770s (offset: 0ms)
08-07 18:35:18.038  1762  1762 I LayerHistory: com.sam.cloudcounter/com.sam.cloudcounter.MainActivity$_21121#85717 is infrequent
08-07 18:35:18.121 21121 21121 I VRI[MainActivity]@71a8e9b: onDisplayChanged oldDisplayState=2 newDisplayState=2
08-07 18:35:19.009 21121 21121 D SessionStatsVM:  Timer refresh with rewind: 771s (offset: 0ms)
08-07 18:35:20.013 21121 21121 D SessionStatsVM:  Timer refresh with rewind: 772s (offset: 0ms)
08-07 18:35:20.047  1762  1762 I LayerHistory: com.sam.cloudcounter/com.sam.cloudcounter.MainActivity$_21121#85717 is infrequent
08-07 18:35:20.082 21121 21121 I VRI[MainActivity]@71a8e9b: onDisplayChanged oldDisplayState=2 newDisplayState=2
08-07 18:35:21.018 21121 21121 D SessionStatsVM:  Timer refresh with rewind: 773s (offset: 0ms)
08-07 18:35:22.022 21121 21121 D SessionStatsVM:  Timer refresh with rewind: 774s (offset: 0ms)
08-07 18:35:23.026 21121 21121 D SessionStatsVM:  Timer refresh with rewind: 775s (offset: 0ms)
08-07 18:35:24.029 21121 21121 D SessionStatsVM:  Timer refresh with rewind: 776s (offset: 0ms)
08-07 18:35:25.034 21121 21121 D SessionStatsVM:  Timer refresh with rewind: 777s (offset: 0ms)
08-07 18:35:26.039 21121 21121 D SessionStatsVM:  Timer refresh with rewind: 778s (offset: 0ms)
08-07 18:35:27.044 21121 21121 D SessionStatsVM:  Timer refresh with rewind: 779s (offset: 0ms)
08-07 18:35:28.047 21121 21121 D SessionStatsVM:  Timer refresh with rewind: 780s (offset: 0ms)
08-07 18:35:29.055 21121 21121 D SessionStatsVM:  Timer refresh with rewind: 781s (offset: 0ms)
08-07 18:35:30.060 21121 21121 D SessionStatsVM:  Timer refresh with rewind: 782s (offset: 0ms)
08-07 18:35:31.067 21121 21121 D SessionStatsVM:  Timer refresh with rewind: 783s (offset: 0ms)
08-07 18:35:32.074 21121 21121 D SessionStatsVM:  Timer refresh with rewind: 784s (offset: 0ms)
08-07 18:35:32.496  1762  1887 D RenderEngine: [SEC_SF_EFFECTS] drawLayersInternal,1299, Rendering layer com.sam.cloudcounter/com.sam.cloudcounter.MainActivity$_21121#85717 at index 1
08-07 18:35:33.081 21121 21121 D SessionStatsVM:  Timer refresh with rewind: 785s (offset: 0ms)
08-07 18:35:34.090 21121 21121 D SessionStatsVM:  Timer refresh with rewind: 786s (offset: 0ms)
08-07 18:35:35.097 21121 21121 D SessionStatsVM:  Timer refresh with rewind: 787s (offset: 0ms)
08-07 18:35:36.101 21121 21121 D SessionStatsVM:  Timer refresh with rewind: 788s (offset: 0ms)
08-07 18:35:37.110 21121 21121 D SessionStatsVM:  Timer refresh with rewind: 789s (offset: 0ms)
08-07 18:35:38.118 21121 21121 D SessionStatsVM:  Timer refresh with rewind: 790s (offset: 0ms)
08-07 18:35:39.125 21121 21121 D SessionStatsVM:  Timer refresh with rewind: 791s (offset: 0ms)
08-07 18:35:40.136 21121 21121 D SessionStatsVM:  Timer refresh with rewind: 792s (offset: 0ms)
08-07 18:35:41.143 21121 21121 D SessionStatsVM:  Timer refresh with rewind: 793s (offset: 0ms)
08-07 18:35:42.147 21121 21121 D SessionStatsVM:  Timer refresh with rewind: 794s (offset: 0ms)
08-07 18:35:43.155 21121 21121 D SessionStatsVM:  Timer refresh with rewind: 795s (offset: 0ms)
08-07 18:35:44.163 21121 21121 D SessionStatsVM:  Timer refresh with rewind: 796s (offset: 0ms)
08-07 18:35:45.168 21121 21121 D SessionStatsVM:  Timer refresh with rewind: 797s (offset: 0ms)
08-07 18:35:46.177 21121 21121 D SessionStatsVM:  Timer refresh with rewind: 799s (offset: 0ms)
08-07 18:35:47.186 21121 21121 D SessionStatsVM:  Timer refresh with rewind: 800s (offset: 0ms)
08-07 18:35:48.192 21121 21121 D SessionStatsVM:  Timer refresh with rewind: 801s (offset: 0ms)
08-07 18:35:49.200 21121 21121 D SessionStatsVM:  Timer refresh with rewind: 802s (offset: 0ms)
08-07 18:35:50.210 21121 21121 D SessionStatsVM:  Timer refresh with rewind: 803s (offset: 0ms)
08-07 18:35:51.223 21121 21121 D SessionStatsVM:  Timer refresh with rewind: 804s (offset: 0ms)
08-07 18:35:52.230 21121 21121 D SessionStatsVM:  Timer refresh with rewind: 805s (offset: 0ms)
08-07 18:35:53.237 21121 21121 D SessionStatsVM:  Timer refresh with rewind: 806s (offset: 0ms)
08-07 18:35:54.241 21121 21121 D SessionStatsVM:  Timer refresh with rewind: 807s (offset: 0ms)
08-07 18:35:55.250 21121 21121 D SessionStatsVM:  Timer refresh with rewind: 808s (offset: 0ms)
08-07 18:35:56.258 21121 21121 D SessionStatsVM:  Timer refresh with rewind: 809s (offset: 0ms)
08-07 18:35:57.261 21121 21121 D SessionStatsVM:  Timer refresh with rewind: 810s (offset: 0ms)
08-07 18:35:58.269 21121 21121 D SessionStatsVM:  Timer refresh with rewind: 811s (offset: 0ms)
08-07 18:35:59.278 21121 21121 D SessionStatsVM:  Timer refresh with rewind: 812s (offset: 0ms)
08-07 18:36:00.280 21121 21121 D SessionStatsVM:  Timer refresh with rewind: 813s (offset: 0ms)
08-07 18:36:01.287 21121 21121 D SessionStatsVM:  Timer refresh with rewind: 814s (offset: 0ms)
08-07 18:36:02.293 21121 21121 D SessionStatsVM:  Timer refresh with rewind: 815s (offset: 0ms)
08-07 18:36:02.608  1762  1887 D RenderEngine: [SEC_SF_EFFECTS] drawLayersInternal,1299, Rendering layer com.sam.cloudcounter/com.sam.cloudcounter.MainActivity$_21121#85717 at index 1
08-07 18:36:03.302 21121 21121 D SessionStatsVM:  Timer refresh with rewind: 816s (offset: 0ms)
08-07 18:36:04.309 21121 21121 D SessionStatsVM:  Timer refresh with rewind: 817s (offset: 0ms)
08-07 18:36:05.319 21121 21121 D SessionStatsVM:  Timer refresh with rewind: 818s (offset: 0ms)
08-07 18:36:06.329 21121 21121 D SessionStatsVM:  Timer refresh with rewind: 819s (offset: 0ms)
08-07 18:36:07.336 21121 21121 D SessionStatsVM:  Timer refresh with rewind: 820s (offset: 0ms)
08-07 18:36:08.347 21121 21121 D SessionStatsVM:  Timer refresh with rewind: 821s (offset: 0ms)
08-07 18:36:09.356 21121 21121 D SessionStatsVM:  Timer refresh with rewind: 822s (offset: 0ms)
08-07 18:36:09.440  1762  1762 I LayerHistory: com.sam.cloudcounter/com.sam.cloudcounter.MainActivity$_21121#85717 is infrequent
08-07 18:36:09.532 21121 21121 I VRI[MainActivity]@71a8e9b: onDisplayChanged oldDisplayState=2 newDisplayState=2
08-07 18:36:10.363 21121 21121 D SessionStatsVM:  Timer refresh with rewind: 823s (offset: 0ms)
08-07 18:36:11.365 21121 21121 D SessionStatsVM:  Timer refresh with rewind: 824s (offset: 0ms)
08-07 18:36:11.396  1762  1762 I LayerHistory: com.sam.cloudcounter/com.sam.cloudcounter.MainActivity$_21121#85717 is infrequent
08-07 18:36:11.428 21121 21121 I VRI[MainActivity]@71a8e9b: onDisplayChanged oldDisplayState=2 newDisplayState=2
