08-07 18:30:04.962  8636  8636 I SSS     : [ChatRoomContext] onContentCaptureEvent[PAUSE]: ActivityId(163447127), Component({com.google.android.apps.messaging/com.google.android.apps.messaging.main.MainActivity})
08-07 18:30:04.971  5099 16604 I HoneySpace.SuggestedItemsFacade: DPS items : CloudCounter, com.sam.cloudcounter/.MainActivity#UserHandle{0}
08-07 18:30:04.971  5099 16604 I HoneySpace.SuggestedItemsFacade: DPS items : ChatGPT, com.openai.chatgpt/.MainActivity#UserHandle{0}
08-07 18:30:04.971  5099 16604 I HoneySpace.SuggestedItemsFacade: DPS items : Spotify, com.spotify.music/.MainActivity#UserHandle{0}
08-07 18:30:04.972  5099 16604 I HoneySpace.SuggestedItemsFacade: getFinalItems : ChatGPT, com.openai.chatgpt/.MainActivity#UserHandle{0}
08-07 18:30:04.972  5099 16604 I HoneySpace.SuggestedItemsFacade: getFinalItems : Spotify, com.spotify.music/.MainActivity#UserHandle{0}
08-07 18:30:04.975  8721 12939 I [AirCmd]_ActivitySwitchDetector: onTaskFocusChanged :mTopMostActivity = ComponentInfo{com.google.android.apps.messaging/com.google.android.apps.messaging.main.MainActivity}
08-07 18:30:05.009  5099  5099 I HoneySpace.TaskAdapter: attach [position: 1], taskData size: 41, item: ComponentInfo{com.sam.cloudcounter/com.sam.cloudcounter.MainActivity}, animReady: 4, firstBindingComplete: 4, view: 597432d
08-07 18:30:05.009  5099  5099 I HoneySpace.TaskAdapter: attach [position: 4], taskData size: 41, item: ComponentInfo{com.openai.chatgpt/com.openai.chatgpt.MainActivity}, animReady: 4, firstBindingComplete: 4, view: 418bd79
08-07 18:30:05.011  5099 20375 I HoneySpace.TaskDataRepositoryImpl: Request icon and label, id=9202, iconAndLabel: IconAndLabel(icon=android.graphics.Bitmap@f2fe999, label=CloudCounter), componentKey: com.sam.cloudcounter/.MainActivity#UserHandle{0}
08-07 18:30:05.018  5099 16604 I HoneySpace.TaskDataRepositoryImpl: Request icon and label, id=9139, iconAndLabel: IconAndLabel(icon=android.graphics.Bitmap@3bd0b61, label=ChatGPT), componentKey: com.openai.chatgpt/.MainActivity#UserHandle{0}
08-07 18:30:05.052  9232  9232 I HugoManagerImpl: onStateChanged(com.google.android.apps.messaging.main.MainActivity@2993dd0, ON_STOP)
08-07 18:30:05.462  2827  4016 D WindowManager: prepareSync <SYNC_STATE_WAITING_FOR_DRAW>, mPrepareSyncSeqId=0, win=Window{8e764db u0 com.sam.cloudcounter/com.sam.cloudcounter.MainActivity}
08-07 18:30:05.463  2827  4016 V WindowManager: Add starting ActivityRecord{f9842dd u0 com.sam.cloudcounter/.MainActivity t9202}: startingData=SnapshotStartingData{a6fc1d8 waitForSyncTransactionCommit=false removeAfterTransaction= 0}
08-07 18:30:05.463  2827  4016 V WindowManager: Added starting ActivityRecord{f9842dd u0 com.sam.cloudcounter/.MainActivity t9202}: startingWindow=null startingView=com.android.server.wm.StartingSurfaceController$StartingSurface@3b58931
08-07 18:30:05.464  5099 16604 I HoneySpace.SuggestedAppsRepositoryImpl: sendSuggestedAppsLaunchTarget: ComponentInfo{com.sam.cloudcounter/com.sam.cloudcounter.MainActivity}
08-07 18:30:05.464  4534  4583 V WindowManagerShell: Transition requested (#5091): android.os.BinderProxy@ba87ea8 TransitionRequestInfo { type = TO_FRONT, triggerTask = TaskInfo{userId=0 taskId=9202 displayId=0 isRunning=true baseIntent=Intent { act=android.intent.action.MAIN cat=[android.intent.category.LAUNCHER] flg=0x10000000 cmp=com.sam.cloudcounter/.MainActivity } baseActivity=ComponentInfo{com.sam.cloudcounter/com.sam.cloudcounter.MainActivity} topActivity=ComponentInfo{com.sam.cloudcounter/com.sam.cloudcounter.MainActivity} origActivity=null realActivity=ComponentInfo{com.sam.cloudcounter/com.sam.cloudcounter.MainActivity} numActivities=1 lastActiveTime=491189747 supportsMultiWindow=true resizeMode=1 isResizeable=true minWidth=-1 minHeight=-1 maxWidth=-1 maxHeight=-1 defaultMinSize=220 token=WCT{android.window.IWindowContainerToken$Stub$Proxy@b454dc1} topActivityType=1 pictureInPictureParams=null shouldDockBigOverlays=false launchIntoPipHostTaskId=-1 lastParentTaskIdBeforePip=-1 displayCutoutSafeInsets=Rect(0, 100 - 0, 0) topActivityInfo=ActivityInfo{e791966 com.sam.cloudcounter.MainActivity} launchCookies=[] positionInParent=Point(0, 0) parentTaskId=-1 isFocused=false isVisible=false isVisibleRequested=false isSleeping=false topActivityInSizeCompat=false locusId=null displayAreaFeatureId=1 isTopActivityTransparent=false isTopActivityStyleFloating=false appCompatTaskInfo=AppCompatTaskInfo { topActivityInSizeCompat=false eligibleForLetterboxEducation= false isLetterboxEducationEnabled= false isLetterboxDoubleTapEnabled= false eligibleForUserAspectRatioButton= false topActivityBoundsLetterboxed= false isFromLetterboxDoubleTap= false topActivityLetterboxVerticalPosition= -1 topActivityLetterboxHorizontalPosition= -1 topActivityLetterboxWidth=1440 topActivityLetterboxHeight=3088 topActivityLetterboxAppWidth=1440 topActivityLetterboxAppHeight=3088 isUserFullscreenOverrideEnabled=false isSystemFullscreenOverrideEnabled=false hasMinAspectRatioOverride=false cameraCompatTaskInfo=CameraCompatTaskInfo { freeformCameraCompatMode=inactive} topActivityBounds=null topActivityInDisplayCompat=false} originallySupportedMultiWindow=true hasWallpaper=false rootAffinity=10874:com.sam.cloudcounter isTopTaskInStage=false topActivityUiMode=33 CoverLauncherWidgetTask=false isAllowedSeamlessRotation=false isTopTransparentActivity=false snappingGuideBounds=Rect(108, 738 - 1332, 2282) isAliasManaged=false hasConfigChanged=false isAiKeyRemoveAppTask=false}, pipTask = null, remoteTransition = RemoteTransition { remoteTransition = android.window.IRemoteTransition$Stub$Proxy@a3114a7, appThread = android.app.IApplicationThread$Stub$Proxy@b5add54, debugName = QuickstepLaunchflags =NONE }, displayChange = null, flags = 0, debugId = 5091 }
08-07 18:30:05.467  2827  7799 V WindowManager: addWindow: ActivityRecord{f9842dd u0 com.sam.cloudcounter/.MainActivity t9202} startingWindow=Window{dad597 u0 SnapshotStartingWindow for taskId=9202}
08-07 18:30:05.475  1762  1762 I SurfaceFlinger: [dad597 SnapshotStartingWindow for taskId=9202#85710] attach to parent LayerHierarchy{RequestedLayerState{ActivityRecord{f9842dd u0 com.sam.cloudcounter/.MainActivity t9202}#85660 parentId=85659} 3 children}
08-07 18:30:05.476  2827  7799 V WindowManager: Collecting in transition 5091: ActivityRecord{f9842dd u0 com.sam.cloudcounter/.MainActivity t9202}, caller=com.android.server.wm.TransitionController.collect:7 com.android.server.wm.ActivityRecord.setVisibility:189 com.android.server.wm.TaskFragment.resumeTopActivity:1735 com.android.server.wm.Task.resumeTopActivityInnerLocked:98 com.android.server.wm.Task.resumeTopActivityUncheckedLocked:23 
08-07 18:30:05.477  2827  7799 V WindowManager: Setting visibility of Window{8e764db u0 com.sam.cloudcounter/com.sam.cloudcounter.MainActivity}: true, caller=com.android.server.wm.WindowContainer.sendAppVisibilityToClients:19 com.android.server.wm.WindowToken.setClientVisible:49 com.android.server.wm.ActivityRecord.setVisibility:392 com.android.server.wm.TaskFragment.resumeTopActivity:1735 com.android.server.wm.Task.resumeTopActivityInnerLocked:98 
08-07 18:30:05.478 21121 21121 I VRI[MainActivity]@71a8e9b: handleAppVisibility mAppVisible = false visible = true
08-07 18:30:05.479  2827  7799 D InputDispatcher: Focused application(0): ActivityRecord{f9842dd u0 com.sam.cloudcounter/.MainActivity t9202}
08-07 18:30:05.480  2827  7799 D ActivityTaskManager: scheduleTopResumedActivityChanged, onTop=true, r=ActivityRecord{f9842dd u0 com.sam.cloudcounter/.MainActivity t9202}, caller=com.android.server.wm.ActivityTaskSupervisor.updateTopResumedActivityIfNeeded:62 com.android.server.wm.TaskFragment.setResumedActivity:29 com.android.server.wm.ActivityRecord.setState:104 com.android.server.wm.TaskFragment.resumeTopActivity:1817 com.android.server.wm.Task.resumeTopActivityInnerLocked:98 com.android.server.wm.Task.resumeTopActivityUncheckedLocked:23 
08-07 18:30:05.481  2827  7799 D WindowManager: rotationForOrientation, orientationSource=ActivityRecord{f9842dd u0 com.sam.cloudcounter/.MainActivity t9202}
08-07 18:30:05.481  2827  7799 D WindowManagerServiceExt: updateTaskbarTargetIfNeeded: cn=ComponentInfo{com.sam.cloudcounter/com.sam.cloudcounter.MainActivity} occludesParent=true isInSplitScreenMode=false styleFloating=false
08-07 18:30:05.482  2827  7799 D BLASTSyncEngine: SyncGroup 5091:  Unfinished container: ActivityRecord{f9842dd u0 com.sam.cloudcounter/.MainActivity t9202} mSyncState=2
08-07 18:30:05.483 21121 21121 I VRI[MainActivity]@71a8e9b: stopped(false) old = true
08-07 18:30:05.483 21121 21121 D VRI[MainActivity]@71a8e9b: WindowStopped on com.sam.cloudcounter/com.sam.cloudcounter.MainActivity set to false
08-07 18:30:05.483  4534  4583 D WindowManagerShell: onActivityRestartAttempt: ComponentInfo{com.sam.cloudcounter/com.sam.cloudcounter.MainActivity}
08-07 18:30:05.487  2827  3114 V WindowManager: Start calculating TransitionInfo based on participants: {WallpaperWindowToken{7e632a0 token=android.os.Binder@549a2d2}_<system>, ActivityRecord{84ec9b9 u0 com.sec.android.app.launcher/com.android.quickstep.RecentsActivity t8261}, WallpaperWindowToken{bc2680f token=android.os.Binder@a87796e}_<lock>, Task{c21fe52 #9202 type=standard A=10874:com.sam.cloudcounter}, ActivityRecord{f9842dd u0 com.sam.cloudcounter/.MainActivity t9202}}
08-07 18:30:05.489  2827  3114 I SurfaceControlRegistry: show, t=StartTransaction_SyncId<5091> sc=ActivityRecord{f9842dd u0 com.sam.cloudcounter/.MainActivity t9202}, caller=android.view.SurfaceControl$Transaction.show:3232 com.android.server.wm.Transition.onTransactionReady:2273 com.android.server.wm.BLASTSyncEngine$SyncGroup.finishNow:195 com.android.server.wm.BLASTSyncEngine.onSurfacePlacement:269 com.android.server.wm.RootWindowContainer.performSurfacePlacementNoTrace:471 com.android.server.wm.RootWindowContainer.performSurfacePlacement:9 
08-07 18:30:05.491  2827  3110 V WindowManager: Sent Transition (#5091) createdAt=08-07 18:30:05.462 via request=TransitionRequestInfo { type = TO_FRONT, triggerTask = TaskInfo{userId=0 taskId=9202 displayId=0 isRunning=true baseIntent=Intent { act=android.intent.action.MAIN cat=[android.intent.category.LAUNCHER] flg=0x10000000 cmp=com.sam.cloudcounter/.MainActivity } baseActivity=ComponentInfo{com.sam.cloudcounter/com.sam.cloudcounter.MainActivity} topActivity=ComponentInfo{com.sam.cloudcounter/com.sam.cloudcounter.MainActivity} origActivity=null realActivity=ComponentInfo{com.sam.cloudcounter/com.sam.cloudcounter.MainActivity} numActivities=1 lastActiveTime=491189747 supportsMultiWindow=true resizeMode=1 isResizeable=true minWidth=-1 minHeight=-1 maxWidth=-1 maxHeight=-1 defaultMinSize=220 token=WCT{RemoteToken{bbabc72 Task{c21fe52 #9202 type=standard A=10874:com.sam.cloudcounter}}} topActivityType=1 pictureInPictureParams=null shouldDockBigOverlays=false launchIntoPipHostTaskId=-1 lastParentTaskIdBeforePip=-1 displayCutoutSafeInsets=Rect(0, 100 - 0, 0) topActivityInfo=ActivityInfo{e34ed3b com.sam.cloudcounter.MainActivity} launchCookies=[] positionInParent=Point(0, 0) parentTaskId=-1 isFocused=false isVisible=false isVisibleRequested=false isSleeping=false topActivityInSizeCompat=false locusId=null displayAreaFeatureId=1 isTopActivityTransparent=false isTopActivityStyleFloating=false appCompatTaskInfo=AppCompatTaskInfo { topActivityInSizeCompat=false eligibleForLetterboxEducation= false isLetterboxEducationEnabled= false isLetterboxDoubleTapEnabled= false eligibleForUserAspectRatioButton= false topActivityBoundsLetterboxed= false isFromLetterboxDoubleTap= false topActivityLetterboxVerticalPosition= -1 topActivityLetterboxHorizontalPosition= -1 topActivityLetterboxWidth=1440 topActivityLetterboxHeight=3088 topActivityLetterboxAppWidth=1440 topActivityLetterboxAppHeight=3088 isUserFullscreenOverrideEnabled=false isSystemFullscreenOverrideEnabled=false hasMinAspectRatioOverride=false cameraCompatTaskInfo=CameraCompatTaskInfo { freeformCameraCompatMode=inactive} topActivityBounds=null topActivityInDisplayCompat=false} originallySupportedMultiWindow=true hasWallpaper=false rootAffinity=10874:com.sam.cloudcounter isTopTaskInStage=false topActivityUiMode=33 CoverLauncherWidgetTask=false isAllowedSeamlessRotation=false isTopTransparentActivity=false snappingGuideBounds=Rect(108, 738 - 1332, 2282) isAliasManaged=false hasConfigChanged=false isAiKeyRemoveAppTask=false}, pipTask = null, remoteTransition = RemoteTransition { remoteTransition = android.window.IRemoteTransition$Stub$Proxy@ed8f3f0, appThread = android.app.IApplicationThread$Stub$Proxy@8532d69, debugName = QuickstepLaunchflags =NONE }, displayChange = null, flags = 0, debugId = 5091 }
08-07 18:30:05.496  2827  3114 D InsetsSourceProvider: updateControlForTarget: control=InsetsSourceControl: {abb0000 mType=statusBars initiallyVisible mSurfacePosition=Point(0, 0) mInsetsHint=Insets{left=0, top=100, right=0, bottom=0}}, target=Window{8e764db u0 com.sam.cloudcounter/com.sam.cloudcounter.MainActivity}, from=com.android.server.wm.InsetsStateController.onControlTargetChanged:81 com.android.server.wm.InsetsPolicy.updateBarControlTarget:175 com.android.server.wm.DisplayPolicy.updateSystemBarAttributes:269 com.android.server.wm.DisplayPolicy.finishPostLayoutPolicyLw:17 com.android.server.wm.RootWindowContainer.applySurfaceChangesTransaction$1:194 
08-07 18:30:05.500  2827  3114 D InsetsSourceProvider: updateControlForTarget: control=InsetsSourceControl: {c53d0001 mType=navigationBars initiallyVisible mSurfacePosition=Point(0, 2920) mInsetsHint=Insets{left=0, top=0, right=0, bottom=168}}, target=Window{8e764db u0 com.sam.cloudcounter/com.sam.cloudcounter.MainActivity}, from=com.android.server.wm.InsetsStateController.onControlTargetChanged:81 com.android.server.wm.InsetsPolicy.updateBarControlTarget:188 com.android.server.wm.DisplayPolicy.updateSystemBarAttributes:269 com.android.server.wm.DisplayPolicy.finishPostLayoutPolicyLw:17 com.android.server.wm.RootWindowContainer.applySurfaceChangesTransaction$1:194 
08-07 18:30:05.500  2827  3114 D WindowManager: updateSystemBarAttributes: displayId=0, focusedCanBeNavColorWin=false, win=Window{8e764db u0 com.sam.cloudcounter/com.sam.cloudcounter.MainActivity}, navColorWin=Window{abfbe74 u0 com.sec.android.app.launcher/com.android.quickstep.RecentsActivity}, caller=com.android.server.wm.DisplayPolicy.finishPostLayoutPolicyLw:17 com.android.server.wm.RootWindowContainer.applySurfaceChangesTransaction$1:194 com.android.server.wm.RootWindowContainer.performSurfacePlacementNoTrace:61 
08-07 18:30:05.508  1762  1762 I SurfaceFlinger: Layer [ActivityRecord{f9842dd u0 com.sam.cloudcounter/.MainActivity t9202}#85660] hidden!! flag(0)
08-07 18:30:05.511  5099  5099 I HoneySpace.EdgePanel.EdgeContainerViewModel: cocktailHostRepository.edgePanelOperation NoteResumeComponent(componentName=ComponentInfo{com.sam.cloudcounter/com.sam.cloudcounter.MainActivity})
08-07 18:30:05.513  8721 18940 I [AirCmd]_ActivitySwitchDetector: onTaskFocusChanged : taskId=9202, componentName=ComponentInfo{com.sam.cloudcounter/com.sam.cloudcounter.MainActivity}
08-07 18:30:05.516  8721 18940 I [AirCmd_LC]_FloatingIconController: onSwitch : package is com.sam.cloudcounter   and activity is com.sam.cloudcounter.MainActivity and isBleConnected is false and isValidAction is false
08-07 18:30:05.518  4534  4534 I {OngoingActivityDataHelper}: setBaseActivityComponentName:ComponentInfo{com.sam.cloudcounter/com.sam.cloudcounter.MainActivity}
08-07 18:30:05.520  4534  4534 D {OngoingActivityDataHelper}: shouldHide() return false. baseActivityComponentName:ComponentInfo{com.sam.cloudcounter/com.sam.cloudcounter.MainActivity}, intent.component:ComponentInfo{com.google.android.apps.maps/com.google.android.maps.MapsActivity}, basePackageName:com.sam.cloudcounter, intent.creatorPackage:com.google.android.apps.maps, pipEnabledComponentNameList:[]
08-07 18:30:05.522  2827  6207 D PersonaActivityHelper: token.toString()  Token{b627523 ActivityRecord{f9842dd u0 com.sam.cloudcounter/.MainActivity t9202}}
08-07 18:30:05.523  2827  4016 V WindowManager: Relayout Window{8e764db u0 com.sam.cloudcounter/com.sam.cloudcounter.MainActivity}: viewVisibility=0 req=1440x3088 ty=1 d0
08-07 18:30:05.524  1762  1870 I SurfaceFlinger: id=85717 createSurf, flag=44004, com.sam.cloudcounter/com.sam.cloudcounter.MainActivity$_21121#85717
08-07 18:30:05.525  1762  1762 I SurfaceFlinger: [com.sam.cloudcounter/com.sam.cloudcounter.MainActivity$_21121#85717] attach to parent LayerHierarchy{RequestedLayerState{8e764db com.sam.cloudcounter/com.sam.cloudcounter.MainActivity#85669 parentId=85660} 1 children}
08-07 18:30:05.525  2827  4016 D WindowManager: makeSurface duration=2 name=com.sam.cloudcounter/com.sam.cloudcounter.MainActivity$_21121
08-07 18:30:05.526  2827  4016 D WindowManager: Changing focus from null to Window{8e764db u0 com.sam.cloudcounter/com.sam.cloudcounter.MainActivity} displayId=0 Callers=com.android.server.wm.WindowManagerService.relayoutWindowInner:142 com.android.server.wm.WindowManagerService.relayoutWindow:6 com.android.server.wm.Session.relayout:27 android.view.IWindowSession$Stub.onTransact:861 
08-07 18:30:05.527  2827  4016 V SystemKeyManager: updateFocusedWindow() is called, com.sam.cloudcounter/com.sam.cloudcounter.MainActivity
08-07 18:30:05.527  2827  4016 I SystemKeyManager: requested systemKeyInfo size=1 focusedWindow=com.sam.cloudcounter/com.sam.cloudcounter.MainActivity
08-07 18:30:05.527  2827  4016 I SystemKeyManager: requested systemKeyInfo size=1 focusedWindow=com.sam.cloudcounter/com.sam.cloudcounter.MainActivity
08-07 18:30:05.528 21121 21121 I InsetsSourceConsumer: applyRequestedVisibilityToControl: visible=true, type=statusBars, host=com.sam.cloudcounter/com.sam.cloudcounter.MainActivity
08-07 18:30:05.528 21121 21121 I InsetsSourceConsumer: applyRequestedVisibilityToControl: visible=true, type=navigationBars, host=com.sam.cloudcounter/com.sam.cloudcounter.MainActivity
08-07 18:30:05.529 21121 21121 I BLASTBufferQueue_Java: new BLASTBufferQueue, mName= VRI[MainActivity]@71a8e9b mNativeObject= 0xb400007711def780 sc.mNativeObject= 0xb4000076d66d7c40 caller= android.view.ViewRootImpl.updateBlastSurfaceIfNeeded:3397 android.view.ViewRootImpl.relayoutWindow:11361 android.view.ViewRootImpl.performTraversals:4544 android.view.ViewRootImpl.doTraversal:3708 android.view.ViewRootImpl$TraversalRunnable.run:12542 android.view.Choreographer$CallbackRecord.run:1751 android.view.Choreographer$CallbackRecord.run:1760 android.view.Choreographer.doCallbacks:1216 android.view.Choreographer.doFrame:1142 android.view.Choreographer$FrameDisplayEventReceiver.run:1707 
08-07 18:30:05.529 21121 21121 I BLASTBufferQueue_Java: update, w= 1440 h= 3088 mName = VRI[MainActivity]@71a8e9b mNativeObject= 0xb400007711def780 sc.mNativeObject= 0xb4000076d66d7c40 format= -1 caller= android.graphics.BLASTBufferQueue.<init>:88 android.view.ViewRootImpl.updateBlastSurfaceIfNeeded:3397 android.view.ViewRootImpl.relayoutWindow:11361 android.view.ViewRootImpl.performTraversals:4544 android.view.ViewRootImpl.doTraversal:3708 android.view.ViewRootImpl$TraversalRunnable.run:12542 
08-07 18:30:05.529 21121 21121 I VRI[MainActivity]@71a8e9b: Relayout returned: old=(0,0,1440,3088) new=(0,0,1440,3088) relayoutAsync=false req=(1440,3088)0 dur=7 res=0x3 s={true 0xb4000076dd33c000} ch=true seqId=0
08-07 18:30:05.530 21121 21121 D VRI[MainActivity]@71a8e9b: mThreadedRenderer.initialize() mSurface={isValid=true 0xb4000076dd33c000} hwInitialized=true
08-07 18:30:05.532 21121 21121 D VRI[MainActivity]@71a8e9b: reportNextDraw android.view.ViewRootImpl.performTraversals:5193 android.view.ViewRootImpl.doTraversal:3708 android.view.ViewRootImpl$TraversalRunnable.run:12542 android.view.Choreographer$CallbackRecord.run:1751 android.view.Choreographer$CallbackRecord.run:1760 
08-07 18:30:05.532 21121 21121 D VRI[MainActivity]@71a8e9b: Setup new sync=wmsSync-VRI[MainActivity]@71a8e9b#2
08-07 18:30:05.533 21121 21121 I VRI[MainActivity]@71a8e9b: Creating new active sync group VRI[MainActivity]@71a8e9b#3
08-07 18:30:05.533 21121 21121 D VRI[MainActivity]@71a8e9b: Start draw after previous draw not visible
08-07 18:30:05.533 21121 21121 D VRI[MainActivity]@71a8e9b: registerCallbacksForSync syncBuffer=false
08-07 18:30:05.544 21121 21174 D VRI[MainActivity]@71a8e9b: Received frameDrawingCallback syncResult=0 frameNum=1.
08-07 18:30:05.544 21121 21174 I VRI[MainActivity]@71a8e9b: mWNT: t=0xb400007711cb8380 mBlastBufferQueue=0xb400007711def780 fn= 1 HdrRenderState mRenderHdrSdrRatio=1.0 caller= android.view.ViewRootImpl$11.onFrameDraw:15016 android.view.ThreadedRenderer$1.onFrameDraw:761 <bottom of call stack> 
08-07 18:30:05.544 21121 21174 I VRI[MainActivity]@71a8e9b: Setting up sync and frameCommitCallback
08-07 18:30:05.546 21121 21143 I BLASTBufferQueue: [VRI[MainActivity]@71a8e9b#1](f:0,a:0,s:0) onFrameAvailable the first frame is available
08-07 18:30:05.546 21121 21143 I VRI[MainActivity]@71a8e9b: Received frameCommittedCallback lastAttemptedDrawFrameNum=1 didProduceBuffer=true
08-07 18:30:05.547  1762  4145 I SurfaceFlinger: [com.sam.cloudcounter/com.sam.cloudcounter.MainActivity$_21121#85717] setTransactionState with the first frame. bufferData(ID: 90714004258823, frameNumber: 1)
08-07 18:30:05.547 21121 21121 D VRI[MainActivity]@71a8e9b: reportDrawFinished seqId=0
08-07 18:30:05.547  2827  6282 D WindowManager: finishDrawingWindow: Window{8e764db u0 com.sam.cloudcounter/com.sam.cloudcounter.MainActivity} mDrawState=DRAW_PENDING seqId=0
08-07 18:30:05.547  2827  3114 V WindowManager: Finish starting ActivityRecord{f9842dd u0 com.sam.cloudcounter/.MainActivity t9202}: first real window is shown, no animation
08-07 18:30:05.548  2827  3114 V WindowManager: Schedule remove starting ActivityRecord{f9842dd u0 com.sam.cloudcounter/.MainActivity t9202} startingWindow=Window{dad597 u0 SnapshotStartingWindow for taskId=9202} animate=false Callers=com.android.server.wm.ActivityRecord.removeStartingWindow:143 com.android.server.wm.WindowState.performShowLocked:147 com.android.server.wm.WindowStateAnimator.commitFinishDrawingLocked:59 com.android.server.wm.DisplayContent$$ExternalSyntheticLambda1.accept$com$android$server$wm$DisplayContent$$ExternalSyntheticLambda40:22 com.android.server.wm.DisplayContent$$ExternalSyntheticLambda1.accept:305 
08-07 18:30:05.548  2827  3114 V WindowManager: performShowLocked: mDrawState=HAS_DRAWN in Window{8e764db u0 com.sam.cloudcounter/com.sam.cloudcounter.MainActivity}
08-07 18:30:05.550  2827  3110 I PkgPredictorService-SecIpmManagerServiceImpl: reportToNAP uid:10874 com.sam.cloudcounter/com.sam.cloudcounter.MainActivity thisTime:85
08-07 18:30:05.563  1762  2098 D SurfaceFlinger: [input] setFocusedWindow: 8e764db com.sam.cloudcounter/com.sam.cloudcounter.MainActivity
08-07 18:30:05.563  2827  4016 D InputDispatcher: Once focus requested (0): 8e764db com.sam.cloudcounter/com.sam.cloudcounter.MainActivity
08-07 18:30:05.563  2827  4016 D InputDispatcher: Focus request (0): 8e764db com.sam.cloudcounter/com.sam.cloudcounter.MainActivity but waiting because NO_WINDOW
08-07 18:30:05.574  1762  1762 I SurfaceFlinger: Layer [com.sam.cloudcounter/com.sam.cloudcounter.MainActivity$_21121#85717] hidden!! flag(0)
08-07 18:30:05.579  1762  1762 D SurfaceFlinger:        DEVICE |   0xb400006f8048b700 | 0001 | RGBA_8888    |    0.0    0.0 1440.0 3088.0 |    0    0 1440 3088 | com.sam.cloudcounter/com.sam.cloudcounter.MainActivity$_21121#85717 (1)
08-07 18:30:05.581  2827  7799 D InputDispatcher: Focus entered window (0): 8e764db com.sam.cloudcounter/com.sam.cloudcounter.MainActivity
08-07 18:30:05.582 21121 21121 D VRI[MainActivity]@71a8e9b: mThreadedRenderer.initializeIfNeeded()#2 mSurface={isValid=true 0xb4000076dd33c000}
08-07 18:30:05.595  8721 12939 I [AirCmd]_ActivitySwitchDetector: onTaskStackChanged : componentName - ComponentInfo{com.sam.cloudcounter/com.sam.cloudcounter.MainActivity}
08-07 18:30:05.601  2827  6282 D InsetsSourceProvider: updateControlForTarget: control=InsetsSourceControl: {3 mType=ime mSurfacePosition=Point(0, 100) mInsetsHint=Insets{left=0, top=0, right=0, bottom=1322}}, target=Window{8e764db u0 com.sam.cloudcounter/com.sam.cloudcounter.MainActivity}, from=com.android.server.wm.ImeInsetsSourceProvider.updateControlForTarget:17 com.android.server.wm.InsetsStateController.onControlTargetChanged:81 com.android.server.wm.DisplayContent.updateImeControlTarget:21 com.android.server.wm.DisplayContent.updateImeInputAndControlTarget:81 com.android.server.wm.WindowManagerService$LocalService.updateInputMethodTargetWindow:21 
08-07 18:30:05.609 21121 21121 I InsetsSourceConsumer: applyRequestedVisibilityToControl: visible=false, type=ime, host=com.sam.cloudcounter/com.sam.cloudcounter.MainActivity
08-07 18:30:05.612 21121 21121 I VRI[MainActivity]@71a8e9b: handleResized, frames=ClientWindowFrames{frame=[0,0][1440,3088] display=[0,0][1440,3088] parentFrame=[0,0][0,0]} displayId=0 dragResizing=false compatScale=1.0 frameChanged=false attachedFrameChanged=false configChanged=false displayChanged=false compatScaleChanged=false dragResizingChanged=false
08-07 18:30:05.625  1762  1762 I SurfaceFlinger: [LayerHierarchy{RequestedLayerState{ImeContainer#16 parentId=85660 relativeParentId=85660 z=3} 1 children}] reparent to LayerHierarchy{RequestedLayerState{ActivityRecord{f9842dd u0 com.sam.cloudcounter/.MainActivity t9202}#85660 parentId=85659} 4 children}
08-07 18:30:05.649  2827  7799 I WindowManager: Reparenting to leash, surface=Surface(name=dad597 SnapshotStartingWindow for taskId=9202)/@0x895d26f, syncState=0, syncCommitDepth=0, leashParent=Surface(name=ActivityRecord{f9842dd u0 com.sam.cloudcounter/.MainActivity t9202})/@0x4e1a190
08-07 18:30:05.659  2827  3114 I WindowManager: Reparenting to original parent: Surface(name=ActivityRecord{f9842dd u0 com.sam.cloudcounter/.MainActivity t9202})/@0x4e1a190, destroy=true, syncState=0, syncCommitDepth=0, surface=Surface(name=dad597 SnapshotStartingWindow for taskId=9202)/@0x895d26f
08-07 18:30:05.674  1762  1762 I SurfaceFlinger: [Surface(name=dad597 SnapshotStartingWindow for taskId=9202)/@0x895d26f - animation-leash of window_animation#85719] attach to parent LayerHierarchy{RequestedLayerState{ActivityRecord{f9842dd u0 com.sam.cloudcounter/.MainActivity t9202}#85660 parentId=85659} 4 children}
08-07 18:30:05.677  1762  1762 D SurfaceFlinger:        DEVICE |   0xb400006f7e862700 | 0001 | RGBA_8888    |    0.0    0.0 1440.0 3088.0 |    0    0 1440 3088 | com.sam.cloudcounter/com.sam.cloudcounter.MainActivity$_21121#85717 (2)
08-07 18:30:05.691  1762  1762 I SurfaceFlinger: [LayerHierarchy{RequestedLayerState{ImeContainer#16 parentId=85660 relativeParentId=85669 z=1} 1 children}] RelativeParent to LayerHierarchy{RequestedLayerState{8e764db com.sam.cloudcounter/com.sam.cloudcounter.MainActivity#85669 parentId=85660} 2 children}
08-07 18:30:05.694  2827  4311 D MdnieScenarioControlService:  packageName : com.sam.cloudcounter    className : com.sam.cloudcounter.MainActivity
08-07 18:30:05.736 21121 21121 D SessionStatsVM:  Timer refresh with rewind: 458s (offset: 0ms)
08-07 18:30:06.008 21121 21121 I VRI[MainActivity]@71a8e9b: ViewPostIme pointer 0
08-07 18:30:06.011 21121 21121 I VRI[MainActivity]@71a8e9b: call setFrameRateCategory for touch hint category=high hint, reason=touch, vri=VRI[MainActivity]@71a8e9b
08-07 18:30:06.025  1762  1762 I SurfaceFlinger: [com.sam.cloudcounter/com.sam.cloudcounter.MainActivity$_21121#85717] setFrameRateCategory: HighHint
08-07 18:30:06.061 21121 21121 I VRI[MainActivity]@71a8e9b: ViewPostIme pointer 1
08-07 18:30:06.740 21121 21121 D SessionStatsVM:  Timer refresh with rewind: 459s (offset: 0ms)
08-07 18:30:07.749 21121 21121 D SessionStatsVM:  Timer refresh with rewind: 460s (offset: 0ms)
08-07 18:30:08.368 21121 21121 I VRI[MainActivity]@71a8e9b: ViewPostIme pointer 0
08-07 18:30:08.422 21121 21121 I VRI[MainActivity]@71a8e9b: ViewPostIme pointer 1
08-07 18:30:08.423 21121 21121 D MainActivity:  Cone button clicked - starting debug
08-07 18:30:08.424 21121 21121 D MainActivity:  === SECURE FOLDER DEBUG ===
08-07 18:30:08.424 21121 21121 D MainActivity:  Current user ID: diY4ATkGQYhYndv2lQY4rZAUKGl2
08-07 18:30:08.424 21121 21121 D MainActivity:  Is signed in: true
08-07 18:30:08.424 21121 21121 D MainActivity:  Total smokers: 3
08-07 18:30:08.424 21121 21121 D MainActivity:    Smoker: Sam (cloud: true, ID: diY4ATkGQYhYndv2lQY4rZAUKGl2)
08-07 18:30:08.424 21121 21121 D MainActivity:    Smoker: test2 (cloud: false, ID: null)
08-07 18:30:08.424 21121 21121 D MainActivity:    Smoker: test3 (cloud: false, ID: null)
08-07 18:30:08.424 21121 21121 D MainActivity:  Current smoker: Sam
08-07 18:30:08.425 21121 21121 D MainActivity:  Session active: true
08-07 18:30:08.425 21121 21121 D MainActivity:  Current share code: 89456
08-07 18:30:08.425 21121 21121 D MainActivity:  Firebase project: cloudcounter-sam
08-07 18:30:08.425 21121 21121 D MainActivity:  === END SECURE FOLDER DEBUG ===
08-07 18:30:08.430 21121 21121 D MainActivity:  === LOGHIT START ===
08-07 18:30:08.430 21121 21121 D MainActivity:  Type: CONE, Effective Time: 1754555408429, Real Time: 1754555408429, Rewind offset: 0
08-07 18:30:08.430 21121 21121 D MainActivity:  currentShareCode: 89456
08-07 18:30:08.431 21121 21121 D MainActivity:  authManager.isSignedIn: true
08-07 18:30:08.431 21121 21121 D MainActivity:  Cloud session detected, adding activity to room 89456
08-07 18:30:08.733 21121 21121 D MainActivity:   Activity added to cloud room successfully for Sam!
08-07 18:30:08.733 21121 21121 D MainActivity:  === HANDLE POST HIT ACTIONS START ===
08-07 18:30:08.733 21121 21121 D MainActivity: Undo button visibility: VISIBLE, history size: 6
08-07 18:30:08.750 21121 21121 D MainActivity:  Moved to next active smoker: test2 (skipped inactive smokers)
08-07 18:30:08.750 21121 21121 D SessionStatsVM:  RIGHT TIMER: SessionVM updating elapsed to 461s
08-07 18:30:08.751 21121 21121 D MainActivity:  === LOGHIT END ===
08-07 18:30:08.764 21121 21121 D SessionStatsVM:  Timer refresh with rewind: 461s (offset: 0ms)
08-07 18:30:08.783 21121 21121 D MainActivity:  Room updated!
08-07 18:30:08.783 21121 21121 D MainActivity:      Activities: 6
08-07 18:30:08.784 21121 21121 D MainActivity:  onRoomUpdated called with 2 shared smokers
08-07 18:30:08.784 21121 21121 D MainActivity:  Final user ID for sync: diY4ATkGQYhYndv2lQY4rZAUKGl2
08-07 18:30:08.784 21121 21121 D MainActivity:  Room updated!
08-07 18:30:08.784 21121 21121 D MainActivity:     Activities: 6
08-07 18:30:08.784 21121 21121 D MainActivity:     Participants: 1
08-07 18:30:08.784 21121 21121 D MainActivity:     Active: 1
08-07 18:30:08.784 21121 21121 D MainActivity:     Shared smokers: 2
08-07 18:30:08.784 21121 21153 D MainActivity:  Updating participants from room
08-07 18:30:08.784 21121 21121 D SessionStatsVM:  Applying room stats: 6 cones, 0 joints, 0 bowls, 1 rounds
08-07 18:30:08.784 21121 21121 D SessionStatsVM:  Current mode: AUTO
08-07 18:30:08.784 21121 21121 D SessionStatsVM:  Stats applied: 3 smokers, 6 cones, 0 joints, 0 bowls, 1 rounds
08-07 18:30:08.785 21121 21121 D AutoAddManager:  Auto-add state updated at 1754555408785 (with rewind offset: 0):
08-07 18:30:08.785 21121 21121 D AutoAddManager:   Cone: enabled=false, next=0
08-07 18:30:08.785 21121 21121 D AutoAddManager:   Joint: enabled=false, next=0
08-07 18:30:08.785 21121 21121 D AutoAddManager:   Bowl: enabled=false, next=0
08-07 18:30:08.785 21121 21121 D MainActivity:  DEBUG: activities.size=6, activeSmokerCount=2
08-07 18:30:08.785 21121 21121 D MainActivity:  DEBUG: room stats - totalRounds=1
08-07 18:30:08.785 21121 21121 D MainActivity:  DEBUG: recalculatedCompletedRounds=3
08-07 18:30:08.785 21121 21121 D MainActivity:  DEBUG: finalCompletedRounds=1
08-07 18:30:08.785 21121 21153 D MainActivity:  Reconciling 6 remote activities
08-07 18:30:08.786 21121 21153 D MainActivity:  Skipping shared smoker auto-sync here; use syncSharedSmokersFromRoom when desired
08-07 18:30:08.786 21121 21153 D MainActivity:  Safely syncing shared smokers from room
08-07 18:30:08.786 21121 21153 D MainActivity:  Room has 2 shared smokers
08-07 18:30:08.786 21121 21153 D MainActivity:  Shared smoker: id=local_1fa873ee-0147-42d4-bbbd-5ddd840fa367, data={shareCode=, isCloudSmoker=false, addedAt=1754554947346, smokerId=local_1fa873ee-0147-42d4-bbbd-5ddd840fa367, addedBy=diY4ATkGQYhYndv2lQY4rZAUKGl2, name=test2, cloudUserId=, passwordHash=, order=1754554947346, isLocal=true}
08-07 18:30:08.786 21121 21121 D MainActivity: Undo button visibility: VISIBLE, history size: 6
08-07 18:30:08.786 21121 21121 D MainActivity:  Activity history rebuilt: 6 activities
08-07 18:30:08.787 21121 21153 D MainActivity:  Shared smoker: id=local_266dd93f-90cd-40d3-95c9-d21e031134ad, data={shareCode=, addedAt=1754554947346, isCloudSmoker=false, smokerId=local_266dd93f-90cd-40d3-95c9-d21e031134ad, addedBy=diY4ATkGQYhYndv2lQY4rZAUKGl2, name=test3, cloudUserId=, passwordHash=, isLocal=true, order=1754554947346}
08-07 18:30:08.788 21121 21153 D MainActivity:  Current local smokers by UID: [1fa873ee-0147-42d4-bbbd-5ddd840fa367, 266dd93f-90cd-40d3-95c9-d21e031134ad]
08-07 18:30:08.788 21121 21153 D MainActivity:  Smoker with UID '1fa873ee-0147-42d4-bbbd-5ddd840fa367' already exists locally - skipping
08-07 18:30:08.788 21121 21153 D MainActivity:  Smoker with UID '266dd93f-90cd-40d3-95c9-d21e031134ad' already exists locally - skipping
08-07 18:30:08.788 21121 21153 D MainActivity:  No new smokers to sync
08-07 18:30:08.805 21121 21419 D MainActivity:   Reconciled activity: Sam CONE @ 1754555408429
08-07 18:30:08.805 21121 21419 D MainActivity:  Activity reconciliation complete
08-07 18:30:08.807 21121 21121 D MainActivity:  Refreshing smoker adapter after room update
08-07 18:30:08.974  5099 16371 I HoneySpace.PackageEventOperator: [ApplistViewModel] badge count is updated. com.sam.cloudcounter/.MainActivity#UserHandle{0}|47788 : 3
08-07 18:30:09.020  5099 20375 I HoneySpace.PackageEventOperator: [ApplistViewModel] badge count is updated. com.sam.cloudcounter/.MainActivity#UserHandle{0}|47788 : 3
08-07 18:30:09.030  5099 14066 I HoneySpace.PackageEventOperator: [ApplistViewModel] badge count is updated. com.sam.cloudcounter/.MainActivity#UserHandle{0}|47788 : 3
08-07 18:30:09.033  5099 14066 I HoneySpace.PackageEventOperator: [ApplistViewModel] badge count is updated. com.sam.cloudcounter/.MainActivity#UserHandle{0}|47788 : 3
08-07 18:30:09.493  5099 18263 I HoneySpace.PackageEventOperator: [ApplistViewModel] badge count is updated. com.sam.cloudcounter/.MainActivity#UserHandle{0}|47788 : 3
08-07 18:30:09.517  5099 16604 I HoneySpace.PackageEventOperator: [ApplistViewModel] badge count is updated. com.sam.cloudcounter/.MainActivity#UserHandle{0}|47788 : 3
08-07 18:30:09.519  5099 20374 I HoneySpace.PackageEventOperator: [ApplistViewModel] badge count is updated. com.sam.cloudcounter/.MainActivity#UserHandle{0}|47788 : 3
08-07 18:30:09.780 21121 21121 D SessionStatsVM:  Timer refresh with rewind: 462s (offset: 0ms)
08-07 18:30:10.797 21121 21121 D SessionStatsVM:  Timer refresh with rewind: 463s (offset: 0ms)
08-07 18:30:11.430 21121 21121 I VRI[MainActivity]@71a8e9b: call setFrameRateCategory for touch hint category=no preference, reason=boost timeout, vri=VRI[MainActivity]@71a8e9b
08-07 18:30:11.442  1762  1762 I SurfaceFlinger: [com.sam.cloudcounter/com.sam.cloudcounter.MainActivity$_21121#85717] setFrameRateCategory: NoPreference
08-07 18:30:11.807 21121 21121 D SessionStatsVM:  Timer refresh with rewind: 464s (offset: 0ms)
08-07 18:30:12.060 21121 21121 I VRI[MainActivity]@71a8e9b: ViewPostIme pointer 0
08-07 18:30:12.062 21121 21121 I VRI[MainActivity]@71a8e9b: call setFrameRateCategory for touch hint category=high hint, reason=touch, vri=VRI[MainActivity]@71a8e9b
08-07 18:30:12.076  1762  1762 I SurfaceFlinger: [com.sam.cloudcounter/com.sam.cloudcounter.MainActivity$_21121#85717] setFrameRateCategory: HighHint
08-07 18:30:12.114 21121 21121 I VRI[MainActivity]@71a8e9b: ViewPostIme pointer 1
08-07 18:30:12.115 21121 21121 D MainActivity:  Cone button clicked - starting debug
08-07 18:30:12.116 21121 21121 D MainActivity:  === SECURE FOLDER DEBUG ===
08-07 18:30:12.116 21121 21121 D MainActivity:  Current user ID: diY4ATkGQYhYndv2lQY4rZAUKGl2
08-07 18:30:12.116 21121 21121 D MainActivity:  Is signed in: true
08-07 18:30:12.116 21121 21121 D MainActivity:  Total smokers: 3
08-07 18:30:12.116 21121 21121 D MainActivity:    Smoker: Sam (cloud: true, ID: diY4ATkGQYhYndv2lQY4rZAUKGl2)
08-07 18:30:12.116 21121 21121 D MainActivity:    Smoker: test2 (cloud: false, ID: null)
08-07 18:30:12.116 21121 21121 D MainActivity:    Smoker: test3 (cloud: false, ID: null)
08-07 18:30:12.116 21121 21121 D MainActivity:  Current smoker: Sam
08-07 18:30:12.116 21121 21121 D MainActivity:  Session active: true
08-07 18:30:12.116 21121 21121 D MainActivity:  Current share code: 89456
08-07 18:30:12.117 21121 21121 D MainActivity:  Firebase project: cloudcounter-sam
08-07 18:30:12.117 21121 21121 D MainActivity:  === END SECURE FOLDER DEBUG ===
08-07 18:30:12.118 21121 21121 D MainActivity:  === LOGHIT START ===
08-07 18:30:12.118 21121 21121 D MainActivity:  Type: CONE, Effective Time: 1754555412117, Real Time: 1754555412117, Rewind offset: 0
08-07 18:30:12.118 21121 21121 D MainActivity:  currentShareCode: 89456
08-07 18:30:12.118 21121 21121 D MainActivity:  authManager.isSignedIn: true
08-07 18:30:12.118 21121 21121 D MainActivity:  Cloud session detected, adding activity to room 89456
08-07 18:30:12.399 21121 21121 D MainActivity:   Activity added to cloud room successfully for test2!
08-07 18:30:12.399 21121 21121 D MainActivity:  === HANDLE POST HIT ACTIONS START ===
08-07 18:30:12.400 21121 21121 D MainActivity: Undo button visibility: VISIBLE, history size: 7
08-07 18:30:12.409 21121 21121 D MainActivity:  Moved to next active smoker: test3 (skipped inactive smokers)
08-07 18:30:12.410 21121 21121 D SessionStatsVM:  RIGHT TIMER: SessionVM updating elapsed to 465s
08-07 18:30:12.410 21121 21121 D MainActivity:  === LOGHIT END ===
08-07 18:30:12.447 21121 21121 D MainActivity:  Room updated!
08-07 18:30:12.447 21121 21121 D MainActivity:      Activities: 7
08-07 18:30:12.447 21121 21121 D MainActivity:  onRoomUpdated called with 2 shared smokers
08-07 18:30:12.448 21121 21121 D MainActivity:  Final user ID for sync: diY4ATkGQYhYndv2lQY4rZAUKGl2
08-07 18:30:12.448 21121 21121 D MainActivity:  Room updated!
08-07 18:30:12.448 21121 21121 D MainActivity:     Activities: 7
08-07 18:30:12.448 21121 21121 D MainActivity:     Participants: 1
08-07 18:30:12.448 21121 21121 D MainActivity:     Active: 1
08-07 18:30:12.448 21121 21121 D MainActivity:     Shared smokers: 2
08-07 18:30:12.448 21121 21419 D MainActivity:  Updating participants from room
08-07 18:30:12.448 21121 21121 D SessionStatsVM:  Applying room stats: 7 cones, 0 joints, 0 bowls, 2 rounds
08-07 18:30:12.448 21121 21121 D SessionStatsVM:  Current mode: AUTO
08-07 18:30:12.448 21121 21121 D SessionStatsVM:  Stats applied: 3 smokers, 7 cones, 0 joints, 0 bowls, 2 rounds
08-07 18:30:12.449 21121 21121 D AutoAddManager:  Auto-add state updated at 1754555412448 (with rewind offset: 0):
08-07 18:30:12.449 21121 21121 D AutoAddManager:   Cone: enabled=false, next=0
08-07 18:30:12.449 21121 21121 D AutoAddManager:   Joint: enabled=false, next=0
08-07 18:30:12.449 21121 21121 D AutoAddManager:   Bowl: enabled=false, next=0
08-07 18:30:12.449 21121 21121 D MainActivity:  DEBUG: activities.size=7, activeSmokerCount=2
08-07 18:30:12.449 21121 21121 D MainActivity:  DEBUG: room stats - totalRounds=2
08-07 18:30:12.449 21121 21121 D MainActivity:  DEBUG: recalculatedCompletedRounds=3
08-07 18:30:12.449 21121 21121 D MainActivity:  DEBUG: finalCompletedRounds=2
08-07 18:30:12.449 21121 21121 D MainActivity:  Updated rounds: initial=0, completed=2, remaining=0
08-07 18:30:12.450 21121 21419 D MainActivity:  Reconciling 7 remote activities
08-07 18:30:12.450 21121 21421 D MainActivity:  Skipping shared smoker auto-sync here; use syncSharedSmokersFromRoom when desired
08-07 18:30:12.450 21121 21421 D MainActivity:  Safely syncing shared smokers from room
08-07 18:30:12.450 21121 21421 D MainActivity:  Room has 2 shared smokers
08-07 18:30:12.450 21121 21421 D MainActivity:  Shared smoker: id=local_1fa873ee-0147-42d4-bbbd-5ddd840fa367, data={shareCode=, isCloudSmoker=false, addedAt=1754554947346, smokerId=local_1fa873ee-0147-42d4-bbbd-5ddd840fa367, addedBy=diY4ATkGQYhYndv2lQY4rZAUKGl2, name=test2, cloudUserId=, passwordHash=, order=1754554947346, isLocal=true}
08-07 18:30:12.450 21121 21421 D MainActivity:  Shared smoker: id=local_266dd93f-90cd-40d3-95c9-d21e031134ad, data={shareCode=, isCloudSmoker=false, addedAt=1754554947346, smokerId=local_266dd93f-90cd-40d3-95c9-d21e031134ad, addedBy=diY4ATkGQYhYndv2lQY4rZAUKGl2, name=test3, cloudUserId=, passwordHash=, isLocal=true, order=1754554947346}
08-07 18:30:12.450 21121 21421 D MainActivity:  Current local smokers by UID: [1fa873ee-0147-42d4-bbbd-5ddd840fa367, 266dd93f-90cd-40d3-95c9-d21e031134ad]
08-07 18:30:12.450 21121 21421 D MainActivity:  Smoker with UID '1fa873ee-0147-42d4-bbbd-5ddd840fa367' already exists locally - skipping
08-07 18:30:12.450 21121 21421 D MainActivity:  Smoker with UID '266dd93f-90cd-40d3-95c9-d21e031134ad' already exists locally - skipping
08-07 18:30:12.450 21121 21421 D MainActivity:  No new smokers to sync
08-07 18:30:12.451 21121 21121 D MainActivity: Undo button visibility: VISIBLE, history size: 7
08-07 18:30:12.451 21121 21121 D MainActivity:  Activity history rebuilt: 7 activities
08-07 18:30:12.473 21121 21153 D MainActivity:   Reconciled activity: test2 CONE @ 1754555412117
08-07 18:30:12.473 21121 21153 D MainActivity:  Activity reconciliation complete
08-07 18:30:12.473 21121 21121 D MainActivity:  Refreshing smoker adapter after room update
08-07 18:30:12.634  5099 20375 I HoneySpace.PackageEventOperator: [ApplistViewModel] badge count is updated. com.sam.cloudcounter/.MainActivity#UserHandle{0}|47788 : 3
08-07 18:30:12.685  5099 16603 I HoneySpace.PackageEventOperator: [ApplistViewModel] badge count is updated. com.sam.cloudcounter/.MainActivity#UserHandle{0}|47788 : 3
08-07 18:30:12.702  5099 16603 I HoneySpace.PackageEventOperator: [ApplistViewModel] badge count is updated. com.sam.cloudcounter/.MainActivity#UserHandle{0}|47788 : 3
08-07 18:30:12.703  5099 16603 I HoneySpace.PackageEventOperator: [ApplistViewModel] badge count is updated. com.sam.cloudcounter/.MainActivity#UserHandle{0}|47788 : 3
08-07 18:30:12.814 21121 21121 D SessionStatsVM:  Timer refresh with rewind: 465s (offset: 0ms)
08-07 18:30:13.174  5099 16603 I HoneySpace.PackageEventOperator: [ApplistViewModel] badge count is updated. com.sam.cloudcounter/.MainActivity#UserHandle{0}|47788 : 3
08-07 18:30:13.197  5099 18263 I HoneySpace.PackageEventOperator: [ApplistViewModel] badge count is updated. com.sam.cloudcounter/.MainActivity#UserHandle{0}|47788 : 3
08-07 18:30:13.197  5099 18263 I HoneySpace.PackageEventOperator: [ApplistViewModel] badge count is updated. com.sam.cloudcounter/.MainActivity#UserHandle{0}|47788 : 3
08-07 18:30:13.826 21121 21121 D SessionStatsVM:  Timer refresh with rewind: 466s (offset: 0ms)
08-07 18:30:14.837 21121 21121 D SessionStatsVM:  Timer refresh with rewind: 467s (offset: 0ms)
08-07 18:30:15.132 21121 21121 I VRI[MainActivity]@71a8e9b: call setFrameRateCategory for touch hint category=no preference, reason=boost timeout, vri=VRI[MainActivity]@71a8e9b
08-07 18:30:15.142  1762  1762 I SurfaceFlinger: [com.sam.cloudcounter/com.sam.cloudcounter.MainActivity$_21121#85717] setFrameRateCategory: NoPreference
08-07 18:30:15.845 21121 21121 D SessionStatsVM:  Timer refresh with rewind: 468s (offset: 0ms)
08-07 18:30:16.848 21121 21121 D MainActivity:  Middle timer hit zero - playing sound
08-07 18:30:16.860 21121 21121 D SessionStatsVM:  Timer refresh with rewind: 469s (offset: 0ms)
08-07 18:30:17.135  5099 16603 I HoneySpace.PackageEventOperator: [ApplistViewModel] badge count is updated. com.sam.cloudcounter/.MainActivity#UserHandle{0}|47788 : 3
08-07 18:30:17.356  5099 18263 I HoneySpace.PackageEventOperator: [ApplistViewModel] badge count is updated. com.sam.cloudcounter/.MainActivity#UserHandle{0}|47788 : 3
08-07 18:30:17.736 21121 21121 I VRI[MainActivity]@71a8e9b: ViewPostIme pointer 0
08-07 18:30:17.740 21121 21121 I VRI[MainActivity]@71a8e9b: call setFrameRateCategory for touch hint category=high hint, reason=touch, vri=VRI[MainActivity]@71a8e9b
08-07 18:30:17.744  1762  1762 I SurfaceFlinger: [com.sam.cloudcounter/com.sam.cloudcounter.MainActivity$_21121#85717] setFrameRateCategory: HighHint
08-07 18:30:17.806 21121 21121 I VRI[MainActivity]@71a8e9b: ViewPostIme pointer 1
08-07 18:30:17.808 21121 21121 D MainActivity:  Cone button clicked - starting debug
08-07 18:30:17.808 21121 21121 D MainActivity:  === SECURE FOLDER DEBUG ===
08-07 18:30:17.808 21121 21121 D MainActivity:  Current user ID: diY4ATkGQYhYndv2lQY4rZAUKGl2
08-07 18:30:17.808 21121 21121 D MainActivity:  Is signed in: true
08-07 18:30:17.808 21121 21121 D MainActivity:  Total smokers: 3
08-07 18:30:17.808 21121 21121 D MainActivity:    Smoker: Sam (cloud: true, ID: diY4ATkGQYhYndv2lQY4rZAUKGl2)
08-07 18:30:17.808 21121 21121 D MainActivity:    Smoker: test2 (cloud: false, ID: null)
08-07 18:30:17.808 21121 21121 D MainActivity:    Smoker: test3 (cloud: false, ID: null)
08-07 18:30:17.808 21121 21121 D MainActivity:  Current smoker: Sam
08-07 18:30:17.808 21121 21121 D MainActivity:  Session active: true
08-07 18:30:17.808 21121 21121 D MainActivity:  Current share code: 89456
08-07 18:30:17.809 21121 21121 D MainActivity:  Firebase project: cloudcounter-sam
08-07 18:30:17.809 21121 21121 D MainActivity:  === END SECURE FOLDER DEBUG ===
08-07 18:30:17.810 21121 21121 D MainActivity:  === LOGHIT START ===
08-07 18:30:17.810 21121 21121 D MainActivity:  Type: CONE, Effective Time: 1754555417809, Real Time: 1754555417809, Rewind offset: 0
08-07 18:30:17.810 21121 21121 D MainActivity:  currentShareCode: 89456
08-07 18:30:17.810 21121 21121 D MainActivity:  authManager.isSignedIn: true
08-07 18:30:17.810 21121 21121 D MainActivity:  Cloud session detected, adding activity to room 89456
08-07 18:30:17.863 21121 21121 D SessionStatsVM:  Timer refresh with rewind: 470s (offset: 0ms)
08-07 18:30:18.012 21121 21121 D MainActivity:   Activity added to cloud room successfully for test3!
08-07 18:30:18.012 21121 21121 D MainActivity:  === HANDLE POST HIT ACTIONS START ===
08-07 18:30:18.012 21121 21121 D MainActivity: Undo button visibility: VISIBLE, history size: 8
08-07 18:30:18.019 21121 21121 D MainActivity:  Moved to next active smoker: Sam (skipped inactive smokers)
08-07 18:30:18.019 21121 21121 D SessionStatsVM:  RIGHT TIMER: SessionVM updating elapsed to 470s
08-07 18:30:18.019 21121 21121 D MainActivity:  === LOGHIT END ===
08-07 18:30:18.047 21121 21121 D MainActivity:  Room updated!
08-07 18:30:18.047 21121 21121 D MainActivity:      Activities: 8
08-07 18:30:18.048 21121 21121 D MainActivity:  onRoomUpdated called with 2 shared smokers
08-07 18:30:18.048 21121 21121 D MainActivity:  Final user ID for sync: diY4ATkGQYhYndv2lQY4rZAUKGl2
08-07 18:30:18.048 21121 21121 D MainActivity:  Room updated!
08-07 18:30:18.048 21121 21121 D MainActivity:     Activities: 8
08-07 18:30:18.048 21121 21121 D MainActivity:     Participants: 1
08-07 18:30:18.048 21121 21121 D MainActivity:     Active: 1
08-07 18:30:18.048 21121 21121 D MainActivity:     Shared smokers: 2
08-07 18:30:18.049 21121 21152 D MainActivity:  Updating participants from room
08-07 18:30:18.049 21121 21121 D SessionStatsVM:  Applying room stats: 8 cones, 0 joints, 0 bowls, 2 rounds
08-07 18:30:18.049 21121 21121 D SessionStatsVM:  Current mode: AUTO
08-07 18:30:18.049 21121 21121 D SessionStatsVM:  Stats applied: 3 smokers, 8 cones, 0 joints, 0 bowls, 2 rounds
08-07 18:30:18.050 21121 21121 D AutoAddManager:  Auto-add state updated at 1754555418050 (with rewind offset: 0):
08-07 18:30:18.050 21121 21121 D AutoAddManager:   Cone: enabled=false, next=0
08-07 18:30:18.050 21121 21121 D AutoAddManager:   Joint: enabled=false, next=0
08-07 18:30:18.050 21121 21121 D AutoAddManager:   Bowl: enabled=false, next=0
08-07 18:30:18.050 21121 21121 D MainActivity:  DEBUG: activities.size=8, activeSmokerCount=2
08-07 18:30:18.050 21121 21121 D MainActivity:  DEBUG: room stats - totalRounds=2
08-07 18:30:18.050 21121 21121 D MainActivity:  DEBUG: recalculatedCompletedRounds=4
08-07 18:30:18.050 21121 21121 D MainActivity:  DEBUG: finalCompletedRounds=2
08-07 18:30:18.051 21121 21152 D MainActivity:  Reconciling 8 remote activities
08-07 18:30:18.052 21121 21152 D MainActivity:  Skipping shared smoker auto-sync here; use syncSharedSmokersFromRoom when desired
08-07 18:30:18.052 21121 21152 D MainActivity:  Safely syncing shared smokers from room
08-07 18:30:18.052 21121 21152 D MainActivity:  Room has 2 shared smokers
08-07 18:30:18.052 21121 21152 D MainActivity:  Shared smoker: id=local_1fa873ee-0147-42d4-bbbd-5ddd840fa367, data={shareCode=, addedAt=1754554947346, isCloudSmoker=false, smokerId=local_1fa873ee-0147-42d4-bbbd-5ddd840fa367, addedBy=diY4ATkGQYhYndv2lQY4rZAUKGl2, name=test2, cloudUserId=, passwordHash=, isLocal=true, order=1754554947346}
08-07 18:30:18.052 21121 21152 D MainActivity:  Shared smoker: id=local_266dd93f-90cd-40d3-95c9-d21e031134ad, data={shareCode=, addedAt=1754554947346, isCloudSmoker=false, smokerId=local_266dd93f-90cd-40d3-95c9-d21e031134ad, addedBy=diY4ATkGQYhYndv2lQY4rZAUKGl2, name=test3, cloudUserId=, passwordHash=, isLocal=true, order=1754554947346}
08-07 18:30:18.053 21121 21152 D MainActivity:  Current local smokers by UID: [1fa873ee-0147-42d4-bbbd-5ddd840fa367, 266dd93f-90cd-40d3-95c9-d21e031134ad]
